 DrogueVisualNavigation4_4Video_sfun

 Timestamp is 555d54ad (Thu May 21 11:44:45 2015)

 Preferred load address is 0000000180000000

 Start         Length     Name                   Class
 0001:00000000 0007c264H .text                   CODE
 0001:0007c270 00000092H .text$x                 CODE
 0002:00000000 00000518H .idata$5                DATA
 0002:00000518 00000008H .CRT$XCA                DATA
 0002:00000520 00000008H .CRT$XCZ                DATA
 0002:00000528 00000008H .CRT$XIA                DATA
 0002:00000530 00000008H .CRT$XIAA               DATA
 0002:00000538 00000008H .CRT$XIZ                DATA
 0002:00000540 00004cfcH .rdata                  DATA
 0002:00005240 00000008H .rtc$IAA                DATA
 0002:00005248 00000008H .rtc$IZZ                DATA
 0002:00005250 00000008H .rtc$TAA                DATA
 0002:00005258 00000008H .rtc$TZZ                DATA
 0002:00005260 00004d24H .xdata                  DATA
 0002:00009f84 000000b4H .idata$2                DATA
 0002:0000a038 00000014H .idata$3                DATA
 0002:0000a050 00000518H .idata$4                DATA
 0002:0000a568 00000bc8H .idata$6                DATA
 0002:0000b130 00000069H .edata                  DATA
 0003:00000000 0001844cH .data                   DATA
 0003:00018460 229b8538H .bss                    DATA
 0004:00000000 00003f3cH .pdata                  DATA

  Address         Publics by Value              Rva+Base               Lib:Object

 0000:00000000       ___safe_se_handler_table   0000000000000000     <absolute>
 0000:00000000       ___safe_se_handler_count   0000000000000000     <absolute>
 0000:00000000       __ImageBase                0000000180000000     <linker-defined>
 0001:00000000       sf_c1_DrogueVisualNavigation4_4Video_get_eml_resolved_functions_info 0000000180001000 f   c1_DrogueVisualNavigation4_4Video.obj
 0001:000093f0       sf_c1_DrogueVisualNavigation4_4Video_get_check_sum 000000018000a3f0 f   c1_DrogueVisualNavigation4_4Video.obj
 0001:00009470       sf_c1_DrogueVisualNavigation4_4Video_get_autoinheritance_info 000000018000a470 f   c1_DrogueVisualNavigation4_4Video.obj
 0001:00009f00       sf_c1_DrogueVisualNavigation4_4Video_third_party_uses_info 000000018000af00 f   c1_DrogueVisualNavigation4_4Video.obj
 0001:00009f30       sf_internal_get_sim_state_c1_DrogueVisualNavigation4_4Video 000000018000af30 f   c1_DrogueVisualNavigation4_4Video.obj
 0001:0000a4c0       sf_internal_set_sim_state_c1_DrogueVisualNavigation4_4Video 000000018000b4c0 f   c1_DrogueVisualNavigation4_4Video.obj
 0001:0000ad90       c1_DrogueVisualNavigation4_4Video_method_dispatcher 000000018000bd90 f   c1_DrogueVisualNavigation4_4Video.obj
 0001:0001db60       sf_c2_DrogueVisualNavigation4_4Video_get_eml_resolved_functions_info 000000018001eb60 f   c2_DrogueVisualNavigation4_4Video.obj
 0001:0001e060       sf_c2_DrogueVisualNavigation4_4Video_get_check_sum 000000018001f060 f   c2_DrogueVisualNavigation4_4Video.obj
 0001:0001e0e0       sf_c2_DrogueVisualNavigation4_4Video_get_autoinheritance_info 000000018001f0e0 f   c2_DrogueVisualNavigation4_4Video.obj
 0001:0001e520       sf_c2_DrogueVisualNavigation4_4Video_third_party_uses_info 000000018001f520 f   c2_DrogueVisualNavigation4_4Video.obj
 0001:0001e550       sf_internal_get_sim_state_c2_DrogueVisualNavigation4_4Video 000000018001f550 f   c2_DrogueVisualNavigation4_4Video.obj
 0001:0001e8d0       sf_internal_set_sim_state_c2_DrogueVisualNavigation4_4Video 000000018001f8d0 f   c2_DrogueVisualNavigation4_4Video.obj
 0001:0001ed50       c2_DrogueVisualNavigation4_4Video_method_dispatcher 000000018001fd50 f   c2_DrogueVisualNavigation4_4Video.obj
 0001:00022990       sf_c3_DrogueVisualNavigation4_4Video_get_eml_resolved_functions_info 0000000180023990 f   c3_DrogueVisualNavigation4_4Video.obj
 0001:00028540       sf_c3_DrogueVisualNavigation4_4Video_get_check_sum 0000000180029540 f   c3_DrogueVisualNavigation4_4Video.obj
 0001:000285c0       sf_c3_DrogueVisualNavigation4_4Video_get_autoinheritance_info 00000001800295c0 f   c3_DrogueVisualNavigation4_4Video.obj
 0001:00028b30       sf_c3_DrogueVisualNavigation4_4Video_third_party_uses_info 0000000180029b30 f   c3_DrogueVisualNavigation4_4Video.obj
 0001:00028b60       sf_internal_get_sim_state_c3_DrogueVisualNavigation4_4Video 0000000180029b60 f   c3_DrogueVisualNavigation4_4Video.obj
 0001:00028f10       sf_internal_set_sim_state_c3_DrogueVisualNavigation4_4Video 0000000180029f10 f   c3_DrogueVisualNavigation4_4Video.obj
 0001:000293e0       c3_DrogueVisualNavigation4_4Video_method_dispatcher 000000018002a3e0 f   c3_DrogueVisualNavigation4_4Video.obj
 0001:00035f60       sf_c4_DrogueVisualNavigation4_4Video_get_eml_resolved_functions_info 0000000180036f60 f   c4_DrogueVisualNavigation4_4Video.obj
 0001:00036600       sf_c4_DrogueVisualNavigation4_4Video_get_check_sum 0000000180037600 f   c4_DrogueVisualNavigation4_4Video.obj
 0001:00036680       sf_c4_DrogueVisualNavigation4_4Video_get_autoinheritance_info 0000000180037680 f   c4_DrogueVisualNavigation4_4Video.obj
 0001:00036ac0       sf_c4_DrogueVisualNavigation4_4Video_third_party_uses_info 0000000180037ac0 f   c4_DrogueVisualNavigation4_4Video.obj
 0001:00036af0       sf_internal_get_sim_state_c4_DrogueVisualNavigation4_4Video 0000000180037af0 f   c4_DrogueVisualNavigation4_4Video.obj
 0001:00036e90       sf_internal_set_sim_state_c4_DrogueVisualNavigation4_4Video 0000000180037e90 f   c4_DrogueVisualNavigation4_4Video.obj
 0001:00037310       c4_DrogueVisualNavigation4_4Video_method_dispatcher 0000000180038310 f   c4_DrogueVisualNavigation4_4Video.obj
 0001:0003b330       sf_c5_DrogueVisualNavigation4_4Video_get_eml_resolved_functions_info 000000018003c330 f   c5_DrogueVisualNavigation4_4Video.obj
 0001:0003cd80       sf_c5_DrogueVisualNavigation4_4Video_get_check_sum 000000018003dd80 f   c5_DrogueVisualNavigation4_4Video.obj
 0001:0003ce00       sf_c5_DrogueVisualNavigation4_4Video_get_autoinheritance_info 000000018003de00 f   c5_DrogueVisualNavigation4_4Video.obj
 0001:0003d5f0       sf_c5_DrogueVisualNavigation4_4Video_third_party_uses_info 000000018003e5f0 f   c5_DrogueVisualNavigation4_4Video.obj
 0001:0003d620       sf_internal_get_sim_state_c5_DrogueVisualNavigation4_4Video 000000018003e620 f   c5_DrogueVisualNavigation4_4Video.obj
 0001:0003d9b0       sf_internal_set_sim_state_c5_DrogueVisualNavigation4_4Video 000000018003e9b0 f   c5_DrogueVisualNavigation4_4Video.obj
 0001:0003de30       c5_DrogueVisualNavigation4_4Video_method_dispatcher 000000018003ee30 f   c5_DrogueVisualNavigation4_4Video.obj
 0001:00046b60       sf_c6_DrogueVisualNavigation4_4Video_get_eml_resolved_functions_info 0000000180047b60 f   c6_DrogueVisualNavigation4_4Video.obj
 0001:00046be0       sf_c6_DrogueVisualNavigation4_4Video_get_check_sum 0000000180047be0 f   c6_DrogueVisualNavigation4_4Video.obj
 0001:00046c60       sf_c6_DrogueVisualNavigation4_4Video_get_autoinheritance_info 0000000180047c60 f   c6_DrogueVisualNavigation4_4Video.obj
 0001:000471d0       sf_c6_DrogueVisualNavigation4_4Video_third_party_uses_info 00000001800481d0 f   c6_DrogueVisualNavigation4_4Video.obj
 0001:00047200       sf_internal_get_sim_state_c6_DrogueVisualNavigation4_4Video 0000000180048200 f   c6_DrogueVisualNavigation4_4Video.obj
 0001:00047590       sf_internal_set_sim_state_c6_DrogueVisualNavigation4_4Video 0000000180048590 f   c6_DrogueVisualNavigation4_4Video.obj
 0001:00047a10       c6_DrogueVisualNavigation4_4Video_method_dispatcher 0000000180048a10 f   c6_DrogueVisualNavigation4_4Video.obj
 0001:00049b80       sf_process_check_sum_call  000000018004ab80 f   DrogueVisualNavigation4_4Video_sfun_registry.obj
 0001:00049bd0       sf_process_autoinheritance_call 000000018004abd0 f   DrogueVisualNavigation4_4Video_sfun_registry.obj
 0001:00049d70       sf_process_get_third_party_uses_info_call 000000018004ad70 f   DrogueVisualNavigation4_4Video_sfun_registry.obj
 0001:00049f10       sf_process_get_eml_resolved_functions_info_call 000000018004af10 f   DrogueVisualNavigation4_4Video_sfun_registry.obj
 0001:0004a090       sf_mex_unlock_call         000000018004b090 f   DrogueVisualNavigation4_4Video_sfun_registry.obj
 0001:0004a140       sf_machine_global_initializer_called 000000018004b140 f   DrogueVisualNavigation4_4Video_sfun_registry.obj
 0001:0004a170       sf_machine_global_method_dispatcher 000000018004b170 f   DrogueVisualNavigation4_4Video_sfun_registry.obj
 0001:0004a1d0       sf_machine_global_terminator 000000018004b1d0 f   DrogueVisualNavigation4_4Video_sfun_registry.obj
 0001:0004a220       sf_register_machine_exported_symbols 000000018004b220 f   DrogueVisualNavigation4_4Video_sfun_registry.obj
 0001:0004a240       callCustomFcn              000000018004b240 f   DrogueVisualNavigation4_4Video_sfun_registry.obj
 0001:0004a250       sf_machine_global_initializer 000000018004b250 f   DrogueVisualNavigation4_4Video_sfun_registry.obj
 0001:0004a2d0       _ssSetStateAbsTol          000000018004b2d0 f   DrogueVisualNavigation4_4Video_sfun_registry.obj
 0001:0004a3b0       _ssGetAbsTol               000000018004b3b0 f   DrogueVisualNavigation4_4Video_sfun_registry.obj
 0001:0004a420       _ssSetInputPortMatrixDimensions 000000018004b420 f   DrogueVisualNavigation4_4Video_sfun_registry.obj
 0001:0004a530       _ssSetOutputPortMatrixDimensions 000000018004b530 f   DrogueVisualNavigation4_4Video_sfun_registry.obj
 0001:0004a640       _ssSetInputPortVectorDimension 000000018004b640 f   DrogueVisualNavigation4_4Video_sfun_registry.obj
 0001:0004a710       _ssSetOutputPortVectorDimension 000000018004b710 f   DrogueVisualNavigation4_4Video_sfun_registry.obj
 0001:0004a7e0       ssIsRunTimeParamTunable    000000018004b7e0 f   DrogueVisualNavigation4_4Video_sfun_registry.obj
 0001:0004a850       ssGetSFuncBlockHandle      000000018004b850 f   DrogueVisualNavigation4_4Video_sfun_registry.obj
 0001:0004a8c0       _ssGetCurrentInputPortWidth 000000018004b8c0 f   DrogueVisualNavigation4_4Video_sfun_registry.obj
 0001:0004a9e0       _ssGetCurrentOutputPortWidth 000000018004b9e0 f   DrogueVisualNavigation4_4Video_sfun_registry.obj
 0001:0004ab00       _ssGetCallSystemNumFcnCallDestinations 000000018004bb00 f   DrogueVisualNavigation4_4Video_sfun_registry.obj
 0001:0004ab70       ssWarning                  000000018004bb70 f   DrogueVisualNavigation4_4Video_sfun_registry.obj
 0001:0004ac80       ssGetIsZeroCrossControlDisabled 000000018004bc80 f   DrogueVisualNavigation4_4Video_sfun_registry.obj
 0001:0004acf0       ssSetIsInputPortUsedForContZcSignal 000000018004bcf0 f   DrogueVisualNavigation4_4Video_sfun_registry.obj
 0001:0004ad60       ssSetZcSignalIsZcElementDisc 000000018004bd60 f   DrogueVisualNavigation4_4Video_sfun_registry.obj
 0001:0004ae10       ssSetZcSignalName          000000018004be10 f   DrogueVisualNavigation4_4Video_sfun_registry.obj
 0001:0004ae80       ssSetZcSignalWidth         000000018004be80 f   DrogueVisualNavigation4_4Video_sfun_registry.obj
 0001:0004aef0       ssSetZcSignalZcEventType   000000018004bef0 f   DrogueVisualNavigation4_4Video_sfun_registry.obj
 0001:0004af60       ssSetZcSignalType          000000018004bf60 f   DrogueVisualNavigation4_4Video_sfun_registry.obj
 0001:0004afd0       ssSetZcSignalZcTol         000000018004bfd0 f   DrogueVisualNavigation4_4Video_sfun_registry.obj
 0001:0004b040       ssSetZcSignalNeedsEventNotification 000000018004c040 f   DrogueVisualNavigation4_4Video_sfun_registry.obj
 0001:0004b0b0       ssCreateAndAddZcSignalInfo 000000018004c0b0 f   DrogueVisualNavigation4_4Video_sfun_registry.obj
 0001:0004b120       ssCloneAndAddZcSignalInfo  000000018004c120 f   DrogueVisualNavigation4_4Video_sfun_registry.obj
 0001:0004b190       ssGetNumZcSignals          000000018004c190 f   DrogueVisualNavigation4_4Video_sfun_registry.obj
 0001:0004b200       ssGetZcSignalVector        000000018004c200 f   DrogueVisualNavigation4_4Video_sfun_registry.obj
 0001:0004b270       ssGetZcSignalZcEvents      000000018004c270 f   DrogueVisualNavigation4_4Video_sfun_registry.obj
 0001:0004b2e0       ssGetZcSignalName          000000018004c2e0 f   DrogueVisualNavigation4_4Video_sfun_registry.obj
 0001:0004b350       ssGetZcSignalWidth         000000018004c350 f   DrogueVisualNavigation4_4Video_sfun_registry.obj
 0001:0004b3c0       ssGetZcSignalZcEventType   000000018004c3c0 f   DrogueVisualNavigation4_4Video_sfun_registry.obj
 0001:0004b430       ssGetZcSignalType          000000018004c430 f   DrogueVisualNavigation4_4Video_sfun_registry.obj
 0001:0004b4a0       ssGetZcSignalZcTol         000000018004c4a0 f   DrogueVisualNavigation4_4Video_sfun_registry.obj
 0001:0004b520       ssGetZcSignalNeedsEventNotification 000000018004c520 f   DrogueVisualNavigation4_4Video_sfun_registry.obj
 0001:0004b590       ssGetZcSignalIsZcElementDisc 000000018004c590 f   DrogueVisualNavigation4_4Video_sfun_registry.obj
 0001:0004b630       ssGetIsInputPortElementContinuous 000000018004c630 f   DrogueVisualNavigation4_4Video_sfun_registry.obj
 0001:0004b6d0       _ssGetInputPortSignalPtrsFcn 000000018004c6d0 f   DrogueVisualNavigation4_4Video_sfun_registry.obj
 0001:0004b990       _ssGetInputPortSignalFcn   000000018004c990 f   DrogueVisualNavigation4_4Video_sfun_registry.obj
 0001:0004bbb0       _ssSetInputPortDirectFeedThroughFcn 000000018004cbb0 f   DrogueVisualNavigation4_4Video_sfun_registry.obj
 0001:0004bd10       _ssSetInputPortReusableFcn 000000018004cd10 f   DrogueVisualNavigation4_4Video_sfun_registry.obj
 0001:0004be00       _ssSetOutputPortReusableFcn 000000018004ce00 f   DrogueVisualNavigation4_4Video_sfun_registry.obj
 0001:0004bee0       ssGetDTypeIdFromMxArray    000000018004cee0 f   DrogueVisualNavigation4_4Video_sfun_registry.obj
 0001:0004c000       ssWriteRTWStr              000000018004d000 f   DrogueVisualNavigation4_4Video_sfun_registry.obj
 0001:0004c060       ssWriteRTWMxVectParam      000000018004d060 f   DrogueVisualNavigation4_4Video_sfun_registry.obj
 0001:0004c0c0       ssWriteRTWMx2dMatParam     000000018004d0c0 f   DrogueVisualNavigation4_4Video_sfun_registry.obj
 0001:0004c140       ssWriteRTWNameValuePair    000000018004d140 f   DrogueVisualNavigation4_4Video_sfun_registry.obj
 0001:0004c630       ssWriteRTWParameters       000000018004d630 f   DrogueVisualNavigation4_4Video_sfun_registry.obj
 0001:0004cc30       ssWriteRTWParamSettings    000000018004dc30 f   DrogueVisualNavigation4_4Video_sfun_registry.obj
 0001:0004d300       ssWriteRTWWorkVect         000000018004e300 f   DrogueVisualNavigation4_4Video_sfun_registry.obj
 0001:0004d800       mexFunction                000000018004e800 f   DrogueVisualNavigation4_4Video_sfun_registry.obj
 0001:0004f530       ProcessMexSfunctionEveryCall 0000000180050530 f   DrogueVisualNavigation4_4Video_sfun_registry.obj
 0001:0004f6a0       DrogueVisualNavigation4_4Video_initializer 00000001800506a0 f   DrogueVisualNavigation4_4Video_sfun.obj
 0001:0004f6b0       DrogueVisualNavigation4_4Video_terminator 00000001800506b0 f   DrogueVisualNavigation4_4Video_sfun.obj
 0001:0004f6c0       sf_DrogueVisualNavigation4_4Video_method_dispatcher 00000001800506c0 f   DrogueVisualNavigation4_4Video_sfun.obj
 0001:0004f7b0       sf_DrogueVisualNavigation4_4Video_process_check_sum_call 00000001800507b0 f   DrogueVisualNavigation4_4Video_sfun.obj
 0001:0004fc40       sf_DrogueVisualNavigation4_4Video_autoinheritance_info 0000000180050c40 f   DrogueVisualNavigation4_4Video_sfun.obj
 0001:0004ff50       sf_DrogueVisualNavigation4_4Video_get_eml_resolved_functions_info 0000000180050f50 f   DrogueVisualNavigation4_4Video_sfun.obj
 0001:000501d0       sf_DrogueVisualNavigation4_4Video_third_party_uses_info 00000001800511d0 f   DrogueVisualNavigation4_4Video_sfun.obj
 0001:00050430       DrogueVisualNavigation4_4Video_debug_initialize 0000000180051430 f   DrogueVisualNavigation4_4Video_sfun.obj
 0001:000504b0       DrogueVisualNavigation4_4Video_register_exported_symbols 00000001800514b0 f   DrogueVisualNavigation4_4Video_sfun.obj
 0001:000504c0       load_DrogueVisualNavigation4_4Video_optimization_info 00000001800514c0 f   DrogueVisualNavigation4_4Video_sfun.obj
 0001:00050510       unload_DrogueVisualNavigation4_4Video_optimization_info 0000000180051510 f   DrogueVisualNavigation4_4Video_sfun.obj
 0001:00050630       sf_mex_mx_is_numeric       0000000180051630 f   sfc_mex:sfc_mex.obj
 0001:00050670       strcmp_ignore_ws           0000000180051670 f   sfc_mex:sfc_mex.obj
 0001:000507b0       sf_mex_duplicatearraysafe  00000001800517b0 f   sfc_mex:sfc_mex.obj
 0001:00050910       sf_set_error_debugger_context_message_fcn 0000000180051910 f   sfc_mex:sfc_mex.obj
 0001:00050920       sf_set_debugger_matlab_error_fcn 0000000180051920 f   sfc_mex:sfc_mex.obj
 0001:00050960       sf_set_error_prefix_string 0000000180051960 f   sfc_mex:sfc_mex.obj
 0001:00050990       sf_get_error_prefix_string 0000000180051990 f   sfc_mex:sfc_mex.obj
 0001:000509a0       sf_mex_enter_parallel_region 00000001800519a0 f   sfc_mex:sfc_mex.obj
 0001:000509b0       sf_mex_exit_parallel_region 00000001800519b0 f   sfc_mex:sfc_mex.obj
 0001:000509c0       sf_get_current_jmp_buf_ptr 00000001800519c0 f   sfc_mex:sfc_mex.obj
 0001:000509d0       sf_set_current_jmp_buf_ptr 00000001800519d0 f   sfc_mex:sfc_mex.obj
 0001:000509e0       sf_mex_set_halt_simulation 00000001800519e0 f   sfc_mex:sfc_mex.obj
 0001:000509f0       sf_mex_get_halt_simulation 00000001800519f0 f   sfc_mex:sfc_mex.obj
 0001:00050a00       sf_mex_clear_error_message 0000000180051a00 f   sfc_mex:sfc_mex.obj
 0001:00050a20       sf_mex_get_error_message_for_read 0000000180051a20 f   sfc_mex:sfc_mex.obj
 0001:00050a30       sf_mex_get_error_message_buffer_length 0000000180051a30 f   sfc_mex:sfc_mex.obj
 0001:00050b10       sf_mex_warning_message     0000000180051b10 f   sfc_mex:sfc_mex.obj
 0001:00050b80       sf_mex_v_errbuf_createf    0000000180051b80 f   sfc_mex:sfc_mex.obj
 0001:00050b90       sf_mex_errbuf_createf      0000000180051b90 f   sfc_mex:sfc_mex.obj
 0001:00050bc0       sf_mex_v_errbuf_catf       0000000180051bc0 f   sfc_mex:sfc_mex.obj
 0001:00050c00       sf_mex_errbuf_catf         0000000180051c00 f   sfc_mex:sfc_mex.obj
 0001:00050c50       sf_mex_errbuf_copy         0000000180051c50 f   sfc_mex:sfc_mex.obj
 0001:00050c60       sf_mex_errbuf_clear        0000000180051c60 f   sfc_mex:sfc_mex.obj
 0001:00050c70       sf_mex_errbuf_isempty      0000000180051c70 f   sfc_mex:sfc_mex.obj
 0001:00050d70       sf_mex_set_error_status    0000000180051d70 f   sfc_mex:sfc_mex.obj
 0001:00050dc0       sf_mex_error_direct_call   0000000180051dc0 f   sfc_mex:sfc_mex.obj
 0001:00050de0       sf_mex_error_message_no_long_jump 0000000180051de0 f   sfc_mex:sfc_mex.obj
 0001:00050e00       sf_mex_long_jump_on_error  0000000180051e00 f   sfc_mex:sfc_mex.obj
 0001:00050e30       sf_mex_call_matlab         0000000180051e30 f   sfc_mex:sfc_mex.obj
 0001:00050f50       sf_mex_check_builtin       0000000180051f50 f   sfc_mex:sfc_mex.obj
 0001:00050ff0       sf_mex_check_builtin_vs    0000000180051ff0 f   sfc_mex:sfc_mex.obj
 0001:000510b0       sf_mex_check_enum          00000001800520b0 f   sfc_mex:sfc_mex.obj
 0001:00051130       sf_mex_create_enum         0000000180052130 f   sfc_mex:sfc_mex.obj
 0001:000511a0       sf_mex_get_enum_element    00000001800521a0 f   sfc_mex:sfc_mex.obj
 0001:000511b0       sf_mex_createcellarray     00000001800521b0 f   sfc_mex:sfc_mex.obj
 0001:000511c0       sf_mex_setcell             00000001800521c0 f   sfc_mex:sfc_mex.obj
 0001:000511d0       sf_mex_getcell             00000001800521d0 f   sfc_mex:sfc_mex.obj
 0001:000511e0       sf_mex_dup                 00000001800521e0 f   sfc_mex:sfc_mex.obj
 0001:00051200       sf_mex_assign              0000000180052200 f   sfc_mex:sfc_mex.obj
 0001:00051280       sf_mex_destroy             0000000180052280 f   sfc_mex:sfc_mex.obj
 0001:000512b0       mx_array_has_fi_type       00000001800522b0 f   sfc_mex:sfc_mex.obj
 0001:000512e0       sf_mex_convert_from_fi     00000001800522e0 f   sfc_mex:sfc_mex.obj
 0001:00051410       sf_mex_convert_to_double   0000000180052410 f   sfc_mex:sfc_mex.obj
 0001:00051530       sf_mex_import_fi_vs        0000000180052530 f   sfc_mex:sfc_mex.obj
 0001:00051760       sf_matrix_matrix_index_ok  0000000180052760 f   sfc_mex:sfc_mex.obj
 0001:000517f0       sf_vector_vector_index_ok  00000001800527f0 f   sfc_mex:sfc_mex.obj
 0001:00051820       ssGetCurrentInputPortDimensions_wrapper 0000000180052820 f   sfc_mex:sfc_mex.obj
 0001:00051840       ssGetCurrentOutputPortDimensions_wrapper 0000000180052840 f   sfc_mex:sfc_mex.obj
 0001:00051860       sf_mex_emlrt_context_is_debug_mode 0000000180052860 f   sfc_mex:sfc_mex.obj
 0001:00051870       sf_mex_emlrt_context_set_debug_mode 0000000180052870 f   sfc_mex:sfc_mex.obj
 0001:00051880       sf_mex_emlrtNameCapturePostProcessR2012a 0000000180052880 f   sfc_mex:sfc_mex.obj
 0001:000518f0       sf_clear_error_manager_info 00000001800528f0 f   sfc_mex:sfc_mex.obj
 0001:00051950       sf_mex_stop_simulation_abruptly_wo_error 0000000180052950 f   sfc_mex:sfc_mex.obj
 0001:00051990       sf_mex_error_message       0000000180052990 f   sfc_mex:sfc_mex.obj
 0001:00051a00       sf_react_to_error_in_matlab_call 0000000180052a00 f   sfc_mex:sfc_mex.obj
 0001:00051a30       sf_mex_addfield            0000000180052a30 f   sfc_mex:sfc_mex.obj
 0001:00051ad0       sf_mex_getfield            0000000180052ad0 f   sfc_mex:sfc_mex.obj
 0001:00051dd0       sf_mex_check_class         0000000180052dd0 f   sfc_mex:sfc_mex.obj
 0001:00051e70       sf_mex_is_real             0000000180052e70 f   sfc_mex:sfc_mex.obj
 0001:000522e0       sf_mex_decode_encoded_mx_struct_array 00000001800532e0 f   sfc_mex:sfc_mex.obj
 0001:000525d0       sf_mex_lw_bounds_check     00000001800535d0 f   sfc_mex:sfc_mex.obj
 0001:00052600       sf_mex_lw_size_eq_check_1d 0000000180053600 f   sfc_mex:sfc_mex.obj
 0001:00052620       sf_mex_lw_size_eq_check_nd 0000000180053620 f   sfc_mex:sfc_mex.obj
 0001:00052800       sf_mex_lw_dim_size_eq_check 0000000180053800 f   sfc_mex:sfc_mex.obj
 0001:00052830       sf_mex_lw_dim_size_geq_check 0000000180053830 f   sfc_mex:sfc_mex.obj
 0001:00052860       sf_mex_lw_sub_assign_size_check_nd 0000000180053860 f   sfc_mex:sfc_mex.obj
 0001:00052a30       sf_mex_lw_runtime_error_msgid 0000000180053a30 f   sfc_mex:sfc_mex.obj
 0001:00052b20       sf_mex_lw_matrix_matrix_index_check 0000000180053b20 f   sfc_mex:sfc_mex.obj
 0001:00052b40       sf_mex_lw_vector_vector_index_check 0000000180053b40 f   sfc_mex:sfc_mex.obj
 0001:00052b80       sf_mex_lw_for_loop_vector_check 0000000180053b80 f   sfc_mex:sfc_mex.obj
 0001:00052c10       sf_mex_lw_non_negative_check 0000000180053c10 f   sfc_mex:sfc_mex.obj
 0001:00052c50       sf_mex_overflow_error      0000000180053c50 f   sfc_mex:sfc_mex.obj
 0001:00052c60       sf_mex_dividebyzero_error  0000000180053c60 f   sfc_mex:sfc_mex.obj
 0001:00052c70       sf_mex_unsafe_enum_error   0000000180053c70 f   sfc_mex:sfc_mex.obj
 0001:00052c80       sf_emlrtErrHandler         0000000180053c80 f   sfc_mex:sfc_mex.obj
 0001:00052d60       sf_mex_size_one_check      0000000180053d60 f   sfc_mex:sfc_mex.obj
 0001:00052d80       sf_mex_printf              0000000180053d80 f   sfc_mex:sfc_mex.obj
 0001:00052f50       sf_mex_check_size          0000000180053f50 f   sfc_mex:sfc_mex.obj
 0001:000531f0       sf_mex_check_struct        00000001800541f0 f   sfc_mex:sfc_mex.obj
 0001:00053450       sf_mex_check_struct_vs     0000000180054450 f   sfc_mex:sfc_mex.obj
 0001:000534e0       sf_mex_check_fi            00000001800544e0 f   sfc_mex:sfc_mex.obj
 0001:000535e0       sf_mex_check_fi_vs         00000001800545e0 f   sfc_mex:sfc_mex.obj
 0001:00053680       sf_echo_expression         0000000180054680 f   sfc_mex:sfc_mex.obj
 0001:000536e0       sf_assertion_failed        00000001800546e0 f   sfc_mex:sfc_mex.obj
 0001:000539c0       sf_mex_evalin              00000001800549c0 f   sfc_mex:sfc_mex.obj
 0001:00053c30       sf_mex_export              0000000180054c30 f   sfc_mex:sfc_mex.obj
 0001:00053cf0       sf_mex_get_ml_var_no_error 0000000180054cf0 f   sfc_mex:sfc_mex.obj
 0001:00053e90       sf_mex_get_ml_var          0000000180054e90 f   sfc_mex:sfc_mex.obj
 0001:00054320       ml_set_element_value_in_array 0000000180055320 f   sfc_mex:sfc_mex.obj
 0001:000553e0       sf_mex_call_impl           00000001800563e0 f   sfc_mex:sfc_mex.obj
 0001:00055800       sf_mex_call_debug          0000000180056800 f   sfc_mex:sfc_mex.obj
 0001:00055830       sf_mex_call                0000000180056830 f   sfc_mex:sfc_mex.obj
 0001:00055e80       sf_mex_createstruct        0000000180056e80 f   sfc_mex:sfc_mex.obj
 0001:00055f90       sf_mex_createstructarray   0000000180056f90 f   sfc_mex:sfc_mex.obj
 0001:00056010       sf_mex_get_mx_datatype_from_sf_datatype 0000000180057010 f   sfc_mex:sfc_mex.obj
 0001:00056320       sf_mex_ml_var_sub          0000000180057320 f   sfc_mex:sfc_mex.obj
 0001:00056500       sf_mex_ml_var_subsasgn     0000000180057500 f   sfc_mex:sfc_mex.obj
 0001:00056900       sf_mex_sub                 0000000180057900 f   sfc_mex:sfc_mex.obj
 0001:00056b10       sf_mex_subsasgn            0000000180057b10 f   sfc_mex:sfc_mex.obj
 0001:00057020       sf_mex_create              0000000180058020 f   sfc_mex:sfc_mex.obj
 0001:000579c0       sf_mex_import_named        00000001800589c0 f   sfc_mex:sfc_mex.obj
 0001:00057a20       sf_mex_import              0000000180058a20 f   sfc_mex:sfc_mex.obj
 0001:00057a70       sf_mex_import_vs           0000000180058a70 f   sfc_mex:sfc_mex.obj
 0001:00057b80       sf_mex_lower_fixpt_mx_array 0000000180058b80 f   sfc_mex:sfc_mex.obj
 0001:00057e80       sf_send_message_wrapper    0000000180058e80 f   sfc_mex:sfc_sf.obj
 0001:00057eb0       sf_receive_message_wrapper 0000000180058eb0 f   sfc_mex:sfc_sf.obj
 0001:00057ef0       sf_check_out_message_wrapper 0000000180058ef0 f   sfc_mex:sfc_sf.obj
 0001:00057f30       sf_check_in_message_wrapper 0000000180058f30 f   sfc_mex:sfc_sf.obj
 0001:00057f70       sf_no_message_wrapper      0000000180058f70 f   sfc_mex:sfc_sf.obj
 0001:00058300       sim_mode_is_rtw_gen        0000000180059300 f   sfc_mex:sfc_sf.obj
 0001:00058330       sim_mode_is_external       0000000180059330 f   sfc_mex:sfc_sf.obj
 0001:00058340       sim_mode_is_modelref_sim   0000000180059340 f   sfc_mex:sfc_sf.obj
 0001:00058360       mdlInitializeSizes         0000000180059360 f   sfc_mex:sfc_sf.obj
 0001:00058380       mdlInitializeSampleTimes   0000000180059380 f   sfc_mex:sfc_sf.obj
 0001:000583c0       mdlZeroCrossings           00000001800593c0 f   sfc_mex:sfc_sf.obj
 0001:000584b0       mdlDerivatives             00000001800594b0 f   sfc_mex:sfc_sf.obj
 0001:00058570       mdl_initialize_conditions_processing 0000000180059570 f   sfc_mex:sfc_sf.obj
 0001:000585a0       mdlInitializeConditions    00000001800595a0 f   sfc_mex:sfc_sf.obj
 0001:00058660       mdlGetSimState             0000000180059660 f   sfc_mex:sfc_sf.obj
 0001:00058670       mdlSetSimState             0000000180059670 f   sfc_mex:sfc_sf.obj
 0001:00058680       mdl_ext_mode_exec_processing 0000000180059680 f   sfc_mex:sfc_sf.obj
 0001:000586a0       mdlExtModeExec             00000001800596a0 f   sfc_mex:sfc_sf.obj
 0001:00058840       mdlTerminate               0000000180059840 f   sfc_mex:sfc_sf.obj
 0001:000588b0       mdlRTW                     00000001800598b0 f   sfc_mex:sfc_sf.obj
 0001:000588e0       mdlSetWorkWidths           00000001800598e0 f   sfc_mex:sfc_sf.obj
 0001:000588f0       mdlProcessParameters       00000001800598f0 f   sfc_mex:sfc_sf.obj
 0001:00058900       mdl_start_processing       0000000180059900 f   sfc_mex:sfc_sf.obj
 0001:00058960       mdlStart                   0000000180059960 f   sfc_mex:sfc_sf.obj
 0001:00058a70       mdlEnable                  0000000180059a70 f   sfc_mex:sfc_sf.obj
 0001:00058b50       mdlDisable                 0000000180059b50 f   sfc_mex:sfc_sf.obj
 0001:00058c10       sf_get_chart_instance_ptr  0000000180059c10 f   sfc_mex:sfc_sf.obj
 0001:00058c30       sf_load_rtw_optimization_info 0000000180059c30 f   sfc_mex:sfc_sf.obj
 0001:00058d00       sf_update_buildInfo        0000000180059d00 f   sfc_mex:sfc_sf.obj
 0001:00058e00       sf_rtw_info_uint_prop      0000000180059e00 f   sfc_mex:sfc_sf.obj
 0001:00058f40       sf_is_chart_inlinable      0000000180059f40 f   sfc_mex:sfc_sf.obj
 0001:00058f60       sf_mark_output_events_with_multiple_callers 0000000180059f60 f   sfc_mex:sfc_sf.obj
 0001:000590f0       sf_mark_chart_reusable_outputs 000000018005a0f0 f   sfc_mex:sfc_sf.obj
 0001:00059350       sf_mark_chart_expressionable_inputs 000000018005a350 f   sfc_mex:sfc_sf.obj
 0001:000595b0       sf_get_subchart_simstruct  000000018005a5b0 f   sfc_mex:sfc_sf.obj
 0001:00059600       sf_get_fixpt_data_type_id  000000018005a600 f   sfc_mex:sfc_sf.obj
 0001:00059640       sf_get_enum_data_type_id   000000018005a640 f   sfc_mex:sfc_sf.obj
 0001:00059680       sf_get_param_data_type_id  000000018005a680 f   sfc_mex:sfc_sf.obj
 0001:000596b0       sf_mex_listen_for_ctrl_c_force 000000018005a6b0 f   sfc_mex:sfc_sf.obj
 0001:000597c0       sf_mex_draw_now            000000018005a7c0 f   sfc_mex:sfc_sf.obj
 0001:00059800       sf_mex_set_debugger_sim_status_listener_fcn 000000018005a800 f   sfc_mex:sfc_sf.obj
 0001:00059810       sf_mex_listen_for_ctrl_c   000000018005a810 f   sfc_mex:sfc_sf.obj
 0001:000598b0       sf_mex_get_sfun_param      000000018005a8b0 f   sfc_mex:sfc_sf.obj
 0001:00059900       sf_get_runtime_param_data  000000018005a900 f   sfc_mex:sfc_sf.obj
 0001:00059940       sf_call_output_fcn_call    000000018005a940 f   sfc_mex:sfc_sf.obj
 0001:00059a80       sf_call_output_fcn_enable  000000018005aa80 f   sfc_mex:sfc_sf.obj
 0001:00059b10       sf_call_output_fcn_disable 000000018005ab10 f   sfc_mex:sfc_sf.obj
 0001:00059ba0       sf_clear_rtw_identifier    000000018005aba0 f   sfc_mex:sfc_sf.obj
 0001:0005a3c0       sf_set_encoded_dwork_info  000000018005b3c0 f   sfc_mex:sfc_sf.obj
 0001:0005a410       sf_get_dwork_info_from_mat_file 000000018005b410 f   sfc_mex:sfc_sf.obj
 0001:0005a5d0       sf_set_rtw_dwork_info      000000018005b5d0 f   sfc_mex:sfc_sf.obj
 0001:0005a740       mdlOutputs                 000000018005b740 f   sfc_mex:sfc_sf.obj
 0001:0005a860       sf_debug_chart_instance_initialized_quick 000000018005b860 f   sfc_debug:sfcdebug.obj
 0001:0005a8e0       sf_debug_disp              000000018005b8e0 f   sfc_debug:sfcdebug.obj
 0001:0005abb0       sf_debug_data_runtime_size_mismatch_error_check 000000018005bbb0 f   sfc_debug:sfcdebug.obj
 0001:0005ac60       sf_debug_try_loading_machine 000000018005bc60 f   sfc_debug:sfcdebug.obj
 0001:0005ad60       sf_debug_reset_current_state_configuration 000000018005bd60 f   sfc_debug:sfcdebug.obj
 0001:0005ade0       sf_debug_store_current_state_configuration 000000018005bde0 f   sfc_debug:sfcdebug.obj
 0001:0005ae60       sf_debug_restore_previous_state_configuration 000000018005be60 f   sfc_debug:sfcdebug.obj
 0001:0005aee0       sf_debug_restore_previous_state_configuration2 000000018005bee0 f   sfc_debug:sfcdebug.obj
 0001:0005af60       sf_debug_get_event_scope   000000018005bf60 f   sfc_debug:sfcdebug.obj
 0001:0005b0d0       use_debugger_step_animation 000000018005c0d0 f   sfc_debug:sfcdebug.obj
 0001:0005b0f0       sf_debug_get_script_id     000000018005c0f0 f   sfc_debug:sfcdebug.obj
 0001:0005b180       sf_debug_set_script_translation 000000018005c180 f   sfc_debug:sfcdebug.obj
 0001:0005b300       sf_debug_extract_message_post_receive_info 000000018005c300 f   sfc_debug:sfcdebug.obj
 0001:0005b4c0       sf_debug_get_current_machine_id 000000018005c4c0 f   sfc_debug:sfcdebug.obj
 0001:0005b4e0       sf_debug_get_current_optional_integer 000000018005c4e0 f   sfc_debug:sfcdebug.obj
 0001:0005b4f0       sf_debug_get_current_machine_number 000000018005c4f0 f   sfc_debug:sfcdebug.obj
 0001:0005b510       sf_debug_get_current_machine_name 000000018005c510 f   sfc_debug:sfcdebug.obj
 0001:0005b530       sf_debug_get_current_chart_id 000000018005c530 f   sfc_debug:sfcdebug.obj
 0001:0005b570       sf_debug_get_current_chart_number 000000018005c570 f   sfc_debug:sfcdebug.obj
 0001:0005b580       sf_debug_get_current_instance_number 000000018005c580 f   sfc_debug:sfcdebug.obj
 0001:0005b590       sf_debug_get_current_is_minor_time_step 000000018005c590 f   sfc_debug:sfcdebug.obj
 0001:0005b610       sf_debug_get_current_object_type 000000018005c610 f   sfc_debug:sfcdebug.obj
 0001:0005b620       sf_debug_get_current_instance_handle 000000018005c620 f   sfc_debug:sfcdebug.obj
 0001:0005b680       sf_debug_get_current_event_type 000000018005c680 f   sfc_debug:sfcdebug.obj
 0001:0005b690       sf_debug_get_current_object_id 000000018005c690 f   sfc_debug:sfcdebug.obj
 0001:0005b6d0       sf_debug_get_current_active_event_type 000000018005c6d0 f   sfc_debug:sfcdebug.obj
 0001:0005b6e0       sf_debug_get_current_active_event_id 000000018005c6e0 f   sfc_debug:sfcdebug.obj
 0001:0005b720       sf_debug_get_current_tag_type 000000018005c720 f   sfc_debug:sfcdebug.obj
 0001:0005b730       sf_debug_get_current_simulation_time 000000018005c730 f   sfc_debug:sfcdebug.obj
 0001:0005b740       sf_debug_get_current_coverage_percentage 000000018005c740 f   sfc_debug:sfcdebug.obj
 0001:0005b750       sf_debug_current_statement_context 000000018005c750 f   sfc_debug:sfcdebug.obj
 0001:0005b7d0       sf_debug_get_current_statement_info 000000018005c7d0 f   sfc_debug:sfcdebug.obj
 0001:0005b970       sf_debug_terminate_instance 000000018005c970 f   sfc_debug:sfcdebug.obj
 0001:0005bc90       sf_debug_assertion_failed  000000018005cc90 f   sfc_debug:sfcdebug.obj
 0001:0005be60       sf_debug_create_debug_instance_struct 000000018005ce60 f   sfc_debug:sfcdebug.obj
 0001:0005beb0       sf_debug_set_number_of_data_with_change_event_for_machine 000000018005ceb0 f   sfc_debug:sfcdebug.obj
 0001:0005bf00       sf_debug_set_machine_event_thresholds 000000018005cf00 f   sfc_debug:sfcdebug.obj
 0001:0005bf20       sf_debug_set_machine_event_scope 000000018005cf20 f   sfc_debug:sfcdebug.obj
 0001:0005bf70       sf_debug_set_machine_data_thresholds 000000018005cf70 f   sfc_debug:sfcdebug.obj
 0001:0005bfc0       sf_debug_set_machine_data_scope 000000018005cfc0 f   sfc_debug:sfcdebug.obj
 0001:0005c060       sf_debug_set_machine_data_name 000000018005d060 f   sfc_debug:sfcdebug.obj
 0001:0005c110       sf_debug_set_machine_data_size 000000018005d110 f   sfc_debug:sfcdebug.obj
 0001:0005c260       sf_debug_set_machine_data_type 000000018005d260 f   sfc_debug:sfcdebug.obj
 0001:0005c3d0       sf_debug_get_chart_data_number 000000018005d3d0 f   sfc_debug:sfcdebug.obj
 0001:0005c3f0       sf_debug_get_chart_event_number 000000018005d3f0 f   sfc_debug:sfcdebug.obj
 0001:0005c410       sf_debug_set_chart_state_info 000000018005d410 f   sfc_debug:sfcdebug.obj
 0001:0005c4a0       sf_debug_set_chart_decomposition 000000018005d4a0 f   sfc_debug:sfcdebug.obj
 0001:0005c510       sf_debug_set_chart_substate_count 000000018005d510 f   sfc_debug:sfcdebug.obj
 0001:0005c5f0       sf_debug_set_chart_substate_index 000000018005d5f0 f   sfc_debug:sfcdebug.obj
 0001:0005c670       sf_debug_set_chart_state_substate_count 000000018005d670 f   sfc_debug:sfcdebug.obj
 0001:0005c790       sf_debug_set_chart_state_substate_index 000000018005d790 f   sfc_debug:sfcdebug.obj
 0001:0005c820       sf_debug_set_number_of_data_with_change_event_for_chart 000000018005d820 f   sfc_debug:sfcdebug.obj
 0001:0005c8b0       sf_debug_set_number_of_states_with_entry_event_for_chart 000000018005d8b0 f   sfc_debug:sfcdebug.obj
 0001:0005c930       sf_debug_set_number_of_states_with_exit_event_for_chart 000000018005d930 f   sfc_debug:sfcdebug.obj
 0001:0005c9b0       sf_debug_set_chart_disable_implicit_casting 000000018005d9b0 f   sfc_debug:sfcdebug.obj
 0001:0005ca20       sf_debug_set_chart_event_thresholds 000000018005da20 f   sfc_debug:sfcdebug.obj
 0001:0005caa0       sf_debug_set_chart_data_compiled_props 000000018005daa0 f   sfc_debug:sfcdebug.obj
 0001:0005cde0       sf_debug_set_chart_data_props 000000018005dde0 f   sfc_debug:sfcdebug.obj
 0001:0005d100       sf_debug_check_fi_license  000000018005e100 f   sfc_debug:sfcdebug.obj
 0001:0005d2c0       sf_debug_symbol_scope_push 000000018005e2c0 f   sfc_debug:sfcdebug.obj
 0001:0005d300       sf_debug_symbol_scope_push_eml 000000018005e300 f   sfc_debug:sfcdebug.obj
 0001:0005d350       sf_debug_symbol_scope_pop  000000018005e350 f   sfc_debug:sfcdebug.obj
 0001:0005d390       sf_debug_symbol_scope_add_importable 000000018005e390 f   sfc_debug:sfcdebug.obj
 0001:0005d410       sf_debug_symbol_scope_add  000000018005e410 f   sfc_debug:sfcdebug.obj
 0001:0005d490       sf_debug_symbol_scope_add_dyn_importable 000000018005e490 f   sfc_debug:sfcdebug.obj
 0001:0005d550       sf_debug_symbol_scope_add_dyn 000000018005e550 f   sfc_debug:sfcdebug.obj
 0001:0005d590       sf_debug_symbol_scope_add_eml_importable 000000018005e590 f   sfc_debug:sfcdebug.obj
 0001:0005d5d0       sf_debug_symbol_scope_add_eml 000000018005e5d0 f   sfc_debug:sfcdebug.obj
 0001:0005d610       sf_debug_symbol_scope_add_eml_dyn_importable 000000018005e610 f   sfc_debug:sfcdebug.obj
 0001:0005d670       sf_debug_symbol_scope_add_eml_dyn 000000018005e670 f   sfc_debug:sfcdebug.obj
 0001:0005d6d0       sf_debug_symbol_switch     000000018005e6d0 f   sfc_debug:sfcdebug.obj
 0001:0005d6f0       sf_debug_symbol_scope_add_verbose 000000018005e6f0 f   sfc_debug:sfcdebug.obj
 0001:0005d7c0       sf_debug_set_machine_data_value_ptr 000000018005e7c0 f   sfc_debug:sfcdebug.obj
 0001:0005d800       sf_debug_set_instance_data_value_ptr 000000018005e800 f   sfc_debug:sfcdebug.obj
 0001:0005d8d0       sf_debug_unset_instance_data_value_ptr 000000018005e8d0 f   sfc_debug:sfcdebug.obj
 0001:0005d980       sf_debug_set_chart_event_scope 000000018005e980 f   sfc_debug:sfcdebug.obj
 0001:0005da00       sf_debug_set_chart_transition_coverage_maps 000000018005ea00 f   sfc_debug:sfcdebug.obj
 0001:0005db00       sf_debug_set_chart_state_coverage_maps 000000018005eb00 f   sfc_debug:sfcdebug.obj
 0001:0005dbd0       sf_debug_set_instance_transition_coverage_weights 000000018005ebd0 f   sfc_debug:sfcdebug.obj
 0001:0005dc60       sf_debug_set_instance_state_coverage_weights 000000018005ec60 f   sfc_debug:sfcdebug.obj
 0001:0005deb0       sf_debug_unload_machine    000000018005eeb0 f   sfc_debug:sfcdebug.obj
 0001:0005df00       sf_debug_load_machine      000000018005ef00 f   sfc_debug:sfcdebug.obj
 0001:0005e010       sf_debug_set_active_instance_in_data_dictionary 000000018005f010 f   sfc_debug:sfcdebug.obj
 0001:0005e1f0       sf_debug_set_active_instance 000000018005f1f0 f   sfc_debug:sfcdebug.obj
 0001:0005e350       sf_debug_chart_visiblity_change 000000018005f350 f   sfc_debug:sfcdebug.obj
 0001:0005e440       sf_debug_select_chart      000000018005f440 f   sfc_debug:sfcdebug.obj
 0001:0005e5a0       sf_debug_set_instance_cv_ids 000000018005f5a0 f   sfc_debug:sfcdebug.obj
 0001:0005e8d0       sf_debug_select_charts     000000018005f8d0 f   sfc_debug:sfcdebug.obj
 0001:0005ea80       sf_debug_initialized       000000018005fa80 f   sfc_debug:sfcdebug.obj
 0001:0005eaa0       sf_debug_is_uninterruptible 000000018005faa0 f   sfc_debug:sfcdebug.obj
 0001:0005ead0       sf_debug_initialize_debugger_gui 000000018005fad0 f   sfc_debug:sfcdebug.obj
 0001:0005eeb0       sf_debug_resume            000000018005feb0 f   sfc_debug:sfcdebug.obj
 0001:0005eed0       sf_debug_go                000000018005fed0 f   sfc_debug:sfcdebug.obj
 0001:0005eee0       sf_debug_break             000000018005fee0 f   sfc_debug:sfcdebug.obj
 0001:0005eef0       sf_debug_step_over         000000018005fef0 f   sfc_debug:sfcdebug.obj
 0001:0005ef00       sf_debug_step_out          000000018005ff00 f   sfc_debug:sfcdebug.obj
 0001:0005ef10       sf_debug_set_disable_all_breakpoints 000000018005ff10 f   sfc_debug:sfcdebug.obj
 0001:0005ef20       sf_debug_disable_all_breakpoints_and_go 000000018005ff20 f   sfc_debug:sfcdebug.obj
 0001:0005ef30       sf_debug_break_on_chart_entry 000000018005ff30 f   sfc_debug:sfcdebug.obj
 0001:0005ef40       sf_debug_break_on_event_broadcast 000000018005ff40 f   sfc_debug:sfcdebug.obj
 0001:0005ef50       sf_debug_break_on_state_entry 000000018005ff50 f   sfc_debug:sfcdebug.obj
 0001:0005ef60       sf_debug_break_between_times 000000018005ff60 f   sfc_debug:sfcdebug.obj
 0001:0005ef80       sf_debug_browse_data       000000018005ff80 f   sfc_debug:sfcdebug.obj
 0001:0005ef90       sf_debug_watch_data        000000018005ff90 f   sfc_debug:sfcdebug.obj
 0001:0005efc0       sf_debug_assign_data       000000018005ffc0 f   sfc_debug:sfcdebug.obj
 0001:0005efd0       sf_debug_whos              000000018005ffd0 f   sfc_debug:sfcdebug.obj
 0001:0005eff0       sf_debug_get_consistency_info 000000018005fff0 f   sfc_debug:sfcdebug.obj
 0001:0005f000       sf_debug_browse_trace      0000000180060000 f   sfc_debug:sfcdebug.obj
 0001:0005f010       sf_debug_set_breakpoints   0000000180060010 f   sfc_debug:sfcdebug.obj
 0001:0005f180       sf_debug_set_eml_breakpoints 0000000180060180 f   sfc_debug:sfcdebug.obj
 0001:0005f2e0       sf_debug_set_script_breakpoints 00000001800602e0 f   sfc_debug:sfcdebug.obj
 0001:0005f360       sf_debug_add_script_breakpoints 0000000180060360 f   sfc_debug:sfcdebug.obj
 0001:0005f3d0       sf_debug_clear_script_breakpoints 00000001800603d0 f   sfc_debug:sfcdebug.obj
 0001:0005f440       sf_debug_query_script_breakpoints 0000000180060440 f   sfc_debug:sfcdebug.obj
 0001:0005f4f0       sf_debug_get_eml_script_id 00000001800604f0 f   sfc_debug:sfcdebug.obj
 0001:0005f540       sf_debug_set_watch         0000000180060540 f   sfc_debug:sfcdebug.obj
 0001:0005f760       sf_debug_get_instance_handle 0000000180060760 f   sfc_debug:sfcdebug.obj
 0001:0005f7f0       sf_debug_get_active_states 00000001800607f0 f   sfc_debug:sfcdebug.obj
 0001:0005f800       sf_debug_set_honor_breakpoints 0000000180060800 f   sfc_debug:sfcdebug.obj
 0001:0005f810       sf_debug_get_animation     0000000180060810 f   sfc_debug:sfcdebug.obj
 0001:0005f820       sf_debug_set_animation     0000000180060820 f   sfc_debug:sfcdebug.obj
 0001:0005f830       sf_debug_animate           0000000180060830 f   sfc_debug:sfcdebug.obj
 0001:0005f850       sf_debug_cycle_detection_check 0000000180060850 f   sfc_debug:sfcdebug.obj
 0001:0005f860       sf_debug_data_range_check  0000000180060860 f   sfc_debug:sfcdebug.obj
 0001:0005f870       sf_debug_transition_conflict_check 0000000180060870 f   sfc_debug:sfcdebug.obj
 0001:0005f880       sf_debug_state_consistency_check 0000000180060880 f   sfc_debug:sfcdebug.obj
 0001:0005f890       sf_debug_data_range_check_enabled 0000000180060890 f   sfc_debug:sfcdebug.obj
 0001:0005f8b0       sf_debug_transition_conflict_check_enabled 00000001800608b0 f   sfc_debug:sfcdebug.obj
 0001:0005f8d0       sf_debug_transition_conflict_check_begin 00000001800608d0 f   sfc_debug:sfcdebug.obj
 0001:0005f8f0       sf_debug_transition_conflict_check_end 00000001800608f0 f   sfc_debug:sfcdebug.obj
 0001:0005f910       sf_debug_stop_debugging    0000000180060910 f   sfc_debug:sfcdebug.obj
 0001:0005f940       sf_debug_is_cycle_detected 0000000180060940 f   sfc_debug:sfcdebug.obj
 0001:0005f950       sf_debug_is_array_bounds_detected 0000000180060950 f   sfc_debug:sfcdebug.obj
 0001:0005f960       sf_debug_get_state_vectors_data_size 0000000180060960 f   sfc_debug:sfcdebug.obj
 0001:0005f9a0       sf_debug_get_state_vectors_data 00000001800609a0 f   sfc_debug:sfcdebug.obj
 0001:0005fab0       sf_debug_set_state_vectors_data 0000000180060ab0 f   sfc_debug:sfcdebug.obj
 0001:0005fd40       sf_debug_get_script_index  0000000180060d40 f   sfc_debug:sfcdebug.obj
 0001:0005fed0       sf_debug_add_script        0000000180060ed0 f   sfc_debug:sfcdebug.obj
 0001:00060060       cv_eval_point              0000000180061060 f   sfc_debug:sfcdebug.obj
 0001:000601d0       cv_eval_testobjective      00000001800611d0 f   sfc_debug:sfcdebug.obj
 0001:000602e0       sf_debug_cv_init_state     00000001800612e0 f   sfc_debug:sfcdebug.obj
 0001:00060410       sf_debug_cv_init_chart     0000000180061410 f   sfc_debug:sfcdebug.obj
 0001:00060500       sf_debug_cv_init_trans     0000000180061500 f   sfc_debug:sfcdebug.obj
 0001:00060610       sf_debug_cv_init_saturation 0000000180061610 f   sfc_debug:sfcdebug.obj
 0001:00060710       sf_debug_cv_init_testobjectives 0000000180061710 f   sfc_debug:sfcdebug.obj
 0001:000608f0       cv_eml_init_script         00000001800618f0 f   sfc_debug:sfcdebug.obj
 0001:00060a10       cv_eml_init_fcn            0000000180061a10 f   sfc_debug:sfcdebug.obj
 0001:00060b20       cv_eml_init_testobjective  0000000180061b20 f   sfc_debug:sfcdebug.obj
 0001:00060c00       cv_eml_init_saturation     0000000180061c00 f   sfc_debug:sfcdebug.obj
 0001:00060cd0       cv_eml_init_if             0000000180061cd0 f   sfc_debug:sfcdebug.obj
 0001:00060db0       cv_eml_init_for            0000000180061db0 f   sfc_debug:sfcdebug.obj
 0001:00060e80       cv_eml_init_while          0000000180061e80 f   sfc_debug:sfcdebug.obj
 0001:00060f50       cv_eml_init_mcdc           0000000180061f50 f   sfc_debug:sfcdebug.obj
 0001:00061070       cv_eml_init_switch         0000000180062070 f   sfc_debug:sfcdebug.obj
 0001:00061170       cv_eml_eval                0000000180062170 f   sfc_debug:sfcdebug.obj
 0001:00061260       sf_debug_bm_is_a_eml_breakpoint 0000000180062260 f   sfc_debug:sfcdebug.obj
 0001:000613b0       sf_debug_temporal_threshold 00000001800623b0 f   sfc_debug:sfcdebug.obj
 0001:00061720       sf_debug_transition_conflict_error 0000000180062720 f   sfc_debug:sfcdebug.obj
 0001:00061a80       sf_debug_state_inconsistency_error 0000000180062a80 f   sfc_debug:sfcdebug.obj
 0001:00061ba0       sf_debug_check_for_state_inconsistency 0000000180062ba0 f   sfc_debug:sfcdebug.obj
 0001:00061be0       sf_debug_cycle_detecton_error 0000000180062be0 f   sfc_debug:sfcdebug.obj
 0001:00062330       sf_debug_size_eq_check_1d  0000000180063330 f   sfc_debug:sfcdebug.obj
 0001:00062350       sf_debug_size_eq_check_nd  0000000180063350 f   sfc_debug:sfcdebug.obj
 0001:00062550       sf_debug_dim_size_eq_check 0000000180063550 f   sfc_debug:sfcdebug.obj
 0001:00062580       sf_debug_dim_size_geq_check 0000000180063580 f   sfc_debug:sfcdebug.obj
 0001:000625b0       sf_debug_sub_assign_size_check_nd 00000001800635b0 f   sfc_debug:sfcdebug.obj
 0001:00062790       sf_debug_matrix_matrix_index_check 0000000180063790 f   sfc_debug:sfcdebug.obj
 0001:000627e0       sf_debug_vector_vector_index_check 00000001800637e0 f   sfc_debug:sfcdebug.obj
 0001:00062830       sf_debug_for_loop_vector_check 0000000180063830 f   sfc_debug:sfcdebug.obj
 0001:000628d0       sf_debug_runtime_error_msgid 00000001800638d0 f   sfc_debug:sfcdebug.obj
 0001:00062970       sf_debug_data_array_bounds_error_check 0000000180063970 f   sfc_debug:sfcdebug.obj
 0001:00062a80       sf_debug_eml_data_array_bounds_error_check 0000000180063a80 f   sfc_debug:sfcdebug.obj
 0001:00062f40       sf_debug_integer_check     0000000180063f40 f   sfc_debug:sfcdebug.obj
 0001:00063030       sf_debug_not_nan_check     0000000180064030 f   sfc_debug:sfcdebug.obj
 0001:00063100       sf_debug_non_negative_check 0000000180064100 f   sfc_debug:sfcdebug.obj
 0001:000631d0       sf_debug_overflow_detection 00000001800641d0 f   sfc_debug:sfcdebug.obj
 0001:00063830       sf_debug_cast_to_real32_T  0000000180064830 f   sfc_debug:sfcdebug.obj
 0001:00063900       sf_debug_cast_to_int8_T    0000000180064900 f   sfc_debug:sfcdebug.obj
 0001:000639d0       sf_debug_cast_to_uint8_T   00000001800649d0 f   sfc_debug:sfcdebug.obj
 0001:00063aa0       sf_debug_cast_to_int16_T   0000000180064aa0 f   sfc_debug:sfcdebug.obj
 0001:00063b70       sf_debug_cast_to_uint16_T  0000000180064b70 f   sfc_debug:sfcdebug.obj
 0001:00063c40       sf_debug_cast_to_int32_T   0000000180064c40 f   sfc_debug:sfcdebug.obj
 0001:00063d10       sf_debug_cast_to_uint32_T  0000000180064d10 f   sfc_debug:sfcdebug.obj
 0001:00063de0       sf_debug_data_range_error  0000000180064de0 f   sfc_debug:sfcdebug.obj
 0001:000640f0       sf_debug_read_before_write_check 00000001800650f0 f   sfc_debug:sfcdebug.obj
 0001:00064520       sf_debug_data_range_error_wrapper_min_max 0000000180065520 f   sfc_debug:sfcdebug.obj
 0001:00064640       sf_debug_data_range_error_wrapper_min 0000000180065640 f   sfc_debug:sfcdebug.obj
 0001:00064750       sf_debug_data_range_error_wrapper_max 0000000180065750 f   sfc_debug:sfcdebug.obj
 0001:00064860       sf_debug_data_range_wrapper 0000000180065860 f   sfc_debug:sfcdebug.obj
 0001:00064920       sf_debug_set_current_status_info 0000000180065920 f   sfc_debug:sfcdebug.obj
 0001:00064cc0       sf_debug_register_message_post_receive_info 0000000180065cc0 f   sfc_debug:sfcdebug.obj
 0001:00064f10       sf_debug_call              0000000180065f10 f   sfc_debug:sfcdebug.obj
 0001:00065870       sf_debug_initialize_machine 0000000180066870 f   sfc_debug:sfcdebug.obj
 0001:00065b20       sf_debug_initialize_chart  0000000180066b20 f   sfc_debug:sfcdebug.obj
 0001:00065f70       sf_debug_ensure_script     0000000180066f70 f   sfc_debug:sfcdebug.obj
 0001:00066020       cv_eval_saturation         0000000180067020 f   sfc_debug:sfcdebug.obj
 0001:000661a0       cv_saturation_accum        00000001800671a0 f   sfc_debug:sfcdebug.obj
 0001:000662e0       cv_script_init_script      00000001800672e0 f   sfc_debug:sfcdebug.obj
 0001:000663d0       cv_script_init_fcn         00000001800673d0 f   sfc_debug:sfcdebug.obj
 0001:00066490       cv_script_init_testobjective 0000000180067490 f   sfc_debug:sfcdebug.obj
 0001:00066550       cv_script_init_saturation  0000000180067550 f   sfc_debug:sfcdebug.obj
 0001:00066600       cv_script_init_if          0000000180067600 f   sfc_debug:sfcdebug.obj
 0001:000666c0       cv_script_init_for         00000001800676c0 f   sfc_debug:sfcdebug.obj
 0001:00066770       cv_script_init_while       0000000180067770 f   sfc_debug:sfcdebug.obj
 0001:00066820       cv_script_init_mcdc        0000000180067820 f   sfc_debug:sfcdebug.obj
 0001:00066920       cv_script_init_switch      0000000180067920 f   sfc_debug:sfcdebug.obj
 0001:00066a00       cv_script_eval             0000000180067a00 f   sfc_debug:sfcdebug.obj
 0001:00066ad0       eml_debug_line_call        0000000180067ad0 f   sfc_debug:sfcdebug.obj
 0001:00066ca0       sf_debug_terminate         0000000180067ca0 f   sfc_debug:sfcdebug.obj
 0001:00066eb0       sf_debug_set_script_cv_ids 0000000180067eb0 f   sfc_debug:sfcdebug.obj
 0001:00066fe0       sf_debug_api               0000000180067fe0 f   sfc_debug:sfc_api.obj
 0001:000688d0       sf_debug_sm_terminate      00000001800698d0 f   sfc_debug:sfdb_animation.obj
 0001:00068a80       sf_debug_reset_path_objects 0000000180069a80 f   sfc_debug:sfdb_animation.obj
 0001:00068b00       sf_debug_sm_reset_object_selection_status 0000000180069b00 f   sfc_debug:sfdb_animation.obj
 0001:00068ba0       sf_debug_sm_reset_state_buffer 0000000180069ba0 f   sfc_debug:sfdb_animation.obj
 0001:00068c70       sf_debug_sm_store_state_buffer 0000000180069c70 f   sfc_debug:sfdb_animation.obj
 0001:00068cf0       sf_debug_sm_restore_state_buffer1 0000000180069cf0 f   sfc_debug:sfdb_animation.obj
 0001:00068d60       sf_debug_sm_restore_state_buffer2 0000000180069d60 f   sfc_debug:sfdb_animation.obj
 0001:00068dd0       sf_debug_sm_chart_active   0000000180069dd0 f   sfc_debug:sfdb_animation.obj
 0001:00068e20       sf_debug_sm_select_active_objects 0000000180069e20 f   sfc_debug:sfdb_animation.obj
 0001:000692f0       sf_debug_sm_is_chart_active 000000018006a2f0 f   sfc_debug:sfdb_animation.obj
 0001:00069330       sf_debug_sm_is_state_active 000000018006a330 f   sfc_debug:sfdb_animation.obj
 0001:00069570       sf_debug_sm_get_active_states 000000018006a570 f   sfc_debug:sfdb_animation.obj
 0001:00069b20       sf_debug_sm_initialize_instance 000000018006ab20 f   sfc_debug:sfdb_animation.obj
 0001:00069d30       sf_debug_sm_change_object_selection_status 000000018006ad30 f   sfc_debug:sfdb_animation.obj
 0001:0006a000       cv_create_interface        000000018006b000 f   sfc_debug:cv_sfinterface.obj
 0001:0006a310       cv_init_trans              000000018006b310 f   sfc_debug:cv_sfinterface.obj
 0001:0006a360       cv_init_saturation         000000018006b360 f   sfc_debug:cv_sfinterface.obj
 0001:0006a3a0       cv_init_testobjective      000000018006b3a0 f   sfc_debug:cv_sfinterface.obj
 0001:0006a3e0       cv_init_state              000000018006b3e0 f   sfc_debug:cv_sfinterface.obj
 0001:0006a450       cv_init_chart              000000018006b450 f   sfc_debug:cv_sfinterface.obj
 0001:0006a4a0       cv_dec_update_call         000000018006b4a0 f   sfc_debug:cv_sfinterface.obj
 0001:0006a4e0       cv_cond_update_call        000000018006b4e0 f   sfc_debug:cv_sfinterface.obj
 0001:0006a520       cv_saturation_update_call  000000018006b520 f   sfc_debug:cv_sfinterface.obj
 0001:0006a560       cv_saturation_update_accum 000000018006b560 f   sfc_debug:cv_sfinterface.obj
 0001:0006a5a0       cv_testobjective_update_call 000000018006b5a0 f   sfc_debug:cv_sfinterface.obj
 0001:0006a5e0       cv_sigrange_update         000000018006b5e0 f   sfc_debug:cv_sfinterface.obj
 0001:0006a620       cvsf_eml_eval              000000018006b620 f   sfc_debug:cv_sfinterface.obj
 0001:0006a700       cvsf_eml_init_script       000000018006b700 f   sfc_debug:cv_sfinterface.obj
 0001:0006a790       cvsf_eml_init_fcn          000000018006b790 f   sfc_debug:cv_sfinterface.obj
 0001:0006a7f0       cvsf_eml_init_testobjective 000000018006b7f0 f   sfc_debug:cv_sfinterface.obj
 0001:0006a850       cvsf_eml_init_saturation   000000018006b850 f   sfc_debug:cv_sfinterface.obj
 0001:0006a8a0       cvsf_eml_init_if           000000018006b8a0 f   sfc_debug:cv_sfinterface.obj
 0001:0006a900       cvsf_eml_init_for          000000018006b900 f   sfc_debug:cv_sfinterface.obj
 0001:0006a950       cvsf_eml_init_while        000000018006b950 f   sfc_debug:cv_sfinterface.obj
 0001:0006a9a0       cvsf_eml_init_mcdc         000000018006b9a0 f   sfc_debug:cv_sfinterface.obj
 0001:0006aa30       cvsf_eml_init_switch       000000018006ba30 f   sfc_debug:cv_sfinterface.obj
 0001:0006aaa0       cvsf_script_eval           000000018006baa0 f   sfc_debug:cv_sfinterface.obj
 0001:0006ab80       cvsf_script_init_script    000000018006bb80 f   sfc_debug:cv_sfinterface.obj
 0001:0006ac10       cvsf_script_init_fcn       000000018006bc10 f   sfc_debug:cv_sfinterface.obj
 0001:0006ac70       cvsf_script_init_testobjective 000000018006bc70 f   sfc_debug:cv_sfinterface.obj
 0001:0006acd0       cvsf_script_init_saturation 000000018006bcd0 f   sfc_debug:cv_sfinterface.obj
 0001:0006ad20       cvsf_script_init_if        000000018006bd20 f   sfc_debug:cv_sfinterface.obj
 0001:0006ad80       cvsf_script_init_for       000000018006bd80 f   sfc_debug:cv_sfinterface.obj
 0001:0006add0       cvsf_script_init_while     000000018006bdd0 f   sfc_debug:cv_sfinterface.obj
 0001:0006ae20       cvsf_script_init_mcdc      000000018006be20 f   sfc_debug:cv_sfinterface.obj
 0001:0006aeb0       cvsf_script_init_switch    000000018006beb0 f   sfc_debug:cv_sfinterface.obj
 0001:0006af20       cv_destroy_interface       000000018006bf20 f   sfc_debug:cv_sfinterface.obj
 0001:0006af40       cv_create_instance_objects 000000018006bf40 f   sfc_debug:cv_sfinterface.obj
 0001:0006b3b0       cv_is_enabled              000000018006c3b0 f   sfc_debug:cv_sfinterface.obj
 0001:0006b3c0       sf_debug_cv_initialize_script 000000018006c3c0 f   sfc_debug:cv_sfinterface.obj
 0001:0006b550       sf_debug_cv_initialize_instance 000000018006c550 f   sfc_debug:cv_sfinterface.obj
 0001:0006b8e0       sf_debug_cv_terminate_chart 000000018006c8e0 f   sfc_debug:cv_sfinterface.obj
 0001:0006ba00       cv_call_trans_test         000000018006ca00 f   sfc_debug:cv_sfinterface.obj
 0001:0006ba10       cv_call_sub_cond_test      000000018006ca10 f   sfc_debug:cv_sfinterface.obj
 0001:0006ba50       sf_debug_st_initialize_machine 000000018006ca50 f   sfc_debug:sfdb_data_browse.obj
 0001:0006bb00       sf_debug_st_initialize_instance 000000018006cb00 f   sfc_debug:sfdb_data_browse.obj
 0001:0006bd10       sf_debug_st_terminate      000000018006cd10 f   sfc_debug:sfdb_data_browse.obj
 0001:0006c0b0       sf_debug_st_set_data_value_ptr_in_machine 000000018006d0b0 f   sfc_debug:sfdb_data_browse.obj
 0001:0006c140       sf_debug_st_set_data_value_ptr_in_instance 000000018006d140 f   sfc_debug:sfdb_data_browse.obj
 0001:0006c220       sf_debug_st_unset_data_value_ptr_in_machine 000000018006d220 f   sfc_debug:sfdb_data_browse.obj
 0001:0006c290       sf_debug_st_unset_data_value_ptr_in_instance 000000018006d290 f   sfc_debug:sfdb_data_browse.obj
 0001:0006c550       sf_debug_mx_value          000000018006d550 f   sfc_debug:sfdb_data_browse.obj
 0001:0006c5b0       sf_debug_mx_packed_vector  000000018006d5b0 f   sfc_debug:sfdb_data_browse.obj
 0001:0006c690       sf_debug_mx_uint_vector    000000018006d690 f   sfc_debug:sfdb_data_browse.obj
 0001:0006c740       sf_debug_st_get_double_value_from_void_ptr_vector 000000018006d740 f   sfc_debug:sfdb_data_browse.obj
 0001:0006d220       sf_debug_st_browse_data    000000018006e220 f   sfc_debug:sfdb_data_browse.obj
 0001:0006da60       sf_debug_hm_initialize_instance 000000018006ea60 f   sfc_debug:sfdb_handle_management.obj
 0001:0006df40       sf_debug_hm_get_object_id  000000018006ef40 f   sfc_debug:sfdb_handle_management.obj
 0001:0006eaf0       sf_debug_hm_update_chart_visibility 000000018006faf0 f   sfc_debug:sfdb_handle_management.obj
 0001:0006fce0       sf_debug_object_is_eml_function 0000000180070ce0 f   sfc_debug:sfdb_handle_management.obj
 0001:0006fd50       sf_debug_hm_initialize_ids_in_machine 0000000180070d50 f   sfc_debug:sfdb_handle_management.obj
 0001:0006fec0       sf_debug_hm_initialize_ids_in_chart 0000000180070ec0 f   sfc_debug:sfdb_handle_management.obj
 0001:0006ffc0       sf_debug_hm_initialize_chart 0000000180070fc0 f   sfc_debug:sfdb_handle_management.obj
 0001:000706c0       sf_debug_hm_terminate      00000001800716c0 f   sfc_debug:sfdb_handle_management.obj
 0001:00070720       sf_debug_hm_initialize_machine 0000000180071720 f   sfc_debug:sfdb_handle_management.obj
 0001:00070e40       sf_debug_ss_initialize     0000000180071e40 f   sfc_debug:sfdb_symbol_scope.obj
 0001:00070e60       sf_debug_ss_terminate      0000000180071e60 f   sfc_debug:sfdb_symbol_scope.obj
 0001:00070ef0       sf_debug_ss_push_symbol_scope 0000000180071ef0 f   sfc_debug:sfdb_symbol_scope.obj
 0001:00070ff0       sf_debug_ss_push_symbol_scope_eml 0000000180071ff0 f   sfc_debug:sfdb_symbol_scope.obj
 0001:00071050       sf_debug_ss_pop_symbol_scope 0000000180072050 f   sfc_debug:sfdb_symbol_scope.obj
 0001:00071100       sf_debug_ss_add_symbol     0000000180072100 f   sfc_debug:sfdb_symbol_scope.obj
 0001:00071270       sf_debug_ss_add_symbol_eml 0000000180072270 f   sfc_debug:sfdb_symbol_scope.obj
 0001:00072170       sf_debug_ss_set_data_value 0000000180073170 f   sfc_debug:sfdb_symbol_scope.obj
 0001:000725c0       getInstanceNumber          00000001800735c0 f   sfc_debug:sfdb_symbol_scope.obj
 0001:00072690       sf_debug_ss_watch_data     0000000180073690 f   sfc_debug:sfdb_symbol_scope.obj
 0001:00072880       sf_debug_ss_assign_data    0000000180073880 f   sfc_debug:sfdb_symbol_scope.obj
 0001:00073290       get_data_entry_name        0000000180074290 f   sfc_debug:sfdb_symbol_scope.obj
 0001:000732e0       sf_debug_ss_whos           00000001800742e0 f   sfc_debug:sfdb_symbol_scope.obj
 0001:00073930       sf_debug_cc_initialize_chart 0000000180074930 f   sfc_debug:sfdb_coverage.obj
 0001:00074320       sf_debug_cc_initialize_instance 0000000180075320 f   sfc_debug:sfdb_coverage.obj
 0001:00075060       sf_debug_cc_terminate      0000000180076060 f   sfc_debug:sfdb_coverage.obj
 0001:00075150       sf_debug_cc_set_transition_maps 0000000180076150 f   sfc_debug:sfdb_coverage.obj
 0001:00075280       sf_debug_cc_set_state_maps 0000000180076280 f   sfc_debug:sfdb_coverage.obj
 0001:00075360       sf_debug_cc_set_transition_weights 0000000180076360 f   sfc_debug:sfdb_coverage.obj
 0001:00075620       sf_debug_cc_set_state_weights 0000000180076620 f   sfc_debug:sfdb_coverage.obj
 0001:000758f0       sf_debug_cc_mark_transition_guard 00000001800768f0 f   sfc_debug:sfdb_coverage.obj
 0001:00075980       sf_debug_cc_mark_transition_trigger 0000000180076980 f   sfc_debug:sfdb_coverage.obj
 0001:00075a10       sf_debug_cc_mark_transition_decision 0000000180076a10 f   sfc_debug:sfdb_coverage.obj
 0001:00075a80       sf_debug_cc_mark_transition_condition_action 0000000180076a80 f   sfc_debug:sfdb_coverage.obj
 0001:00075ad0       sf_debug_cc_mark_transition_transition_action 0000000180076ad0 f   sfc_debug:sfdb_coverage.obj
 0001:00075b20       sf_debug_cc_mark_state_entry 0000000180076b20 f   sfc_debug:sfdb_coverage.obj
 0001:00075b70       sf_debug_cc_mark_state_during 0000000180076b70 f   sfc_debug:sfdb_coverage.obj
 0001:00075bc0       sf_debug_cc_mark_state_exit 0000000180076bc0 f   sfc_debug:sfdb_coverage.obj
 0001:00075c10       sf_debug_bm_clear_script_breakpoints 0000000180076c10 f   sfc_debug:sfdb_breakpoints.obj
 0001:00075c40       sf_debug_bm_set_script_breakpoint 0000000180076c40 f   sfc_debug:sfdb_breakpoints.obj
 0001:00075cc0       sf_debug_bm_clear_single_script_breakpoint 0000000180076cc0 f   sfc_debug:sfdb_breakpoints.obj
 0001:00075d40       sf_debug_bm_query_script_breakpoint 0000000180076d40 f   sfc_debug:sfdb_breakpoints.obj
 0001:00075d90       sf_debug_bm_initialize_scripts 0000000180076d90 f   sfc_debug:sfdb_breakpoints.obj
 0001:00076420       sf_debug_bm_terminate      0000000180077420 f   sfc_debug:sfdb_breakpoints.obj
 0001:00076700       sf_debug_bm_remove_all_breakpoints_in_machine 0000000180077700 f   sfc_debug:sfdb_breakpoints.obj
 0001:00076760       sf_debug_bm_remove_all_breakpoints_in_chart 0000000180077760 f   sfc_debug:sfdb_breakpoints.obj
 0001:000768b0       sf_debug_bm_initialize_global_breakpoints 00000001800778b0 f   sfc_debug:sfdb_breakpoints.obj
 0001:00076a30       sf_debug_bm_set_breakpoint 0000000180077a30 f   sfc_debug:sfdb_breakpoints.obj
 0001:00076ff0       sf_debug_bm_set_eml_breakpoint 0000000180077ff0 f   sfc_debug:sfdb_breakpoints.obj
 0001:00077080       sf_debug_bm_initialize_machine_breakpoint_map 0000000180078080 f   sfc_debug:sfdb_breakpoints.obj
 0001:000774a0       sf_debug_bm_is_a_breakpoint 00000001800784a0 f   sfc_debug:sfdb_breakpoints.obj
 0001:000779c0       sf_debug_bm_get_all_breakpoints_in_machine 00000001800789c0 f   sfc_debug:sfdb_breakpoints.obj
 0001:00077cc0       sf_debug_bm_get_all_breakpoints_in_chart 0000000180078cc0 f   sfc_debug:sfdb_breakpoints.obj
 0001:00078850       sf_debug_bm_initialize_machine 0000000180079850 f   sfc_debug:sfdb_breakpoints.obj
 0001:00078920       sf_debug_bm_initialize_chart 0000000180079920 f   sfc_debug:sfdb_breakpoints.obj
 0001:00078d10       sf_debug_sc_terminate      0000000180079d10 f   sfc_debug:sfdb_state_consistency.obj
 0001:00079030       sf_debug_sc_is_chart_consistent 000000018007a030 f   sfc_debug:sfdb_state_consistency.obj
 0001:000792e0       sf_debug_sc_get_consistency_error_info 000000018007a2e0 f   sfc_debug:sfdb_state_consistency.obj
 0001:000796f0       sf_debug_tm_terminate      000000018007a6f0 f   sfc_debug:sfdb_call_stack.obj
 0001:000797a0       sf_debug_tm_push_chart_instance 000000018007a7a0 f   sfc_debug:sfdb_call_stack.obj
 0001:000798e0       sf_debug_tm_pop_chart_instance 000000018007a8e0 f   sfc_debug:sfdb_call_stack.obj
 0001:00079940       sf_debug_tm_push_trace_node 000000018007a940 f   sfc_debug:sfdb_call_stack.obj
 0001:00079ac0       sf_debug_tm_pop_trace_node 000000018007aac0 f   sfc_debug:sfdb_call_stack.obj
 0001:00079b40       sf_debug_tm_get_current_global_trace_index 000000018007ab40 f   sfc_debug:sfdb_call_stack.obj
 0001:00079b50       sf_debug_tm_get_current_local_trace_index 000000018007ab50 f   sfc_debug:sfdb_call_stack.obj
 0001:00079b80       sf_debug_tm_set_cycle_detected_flag 000000018007ab80 f   sfc_debug:sfdb_call_stack.obj
 0001:00079bc0       sf_debug_tm_set_cycle_started_flag 000000018007abc0 f   sfc_debug:sfdb_call_stack.obj
 0001:00079c00       sf_debug_tm_get_chart_number_from_stack 000000018007ac00 f   sfc_debug:sfdb_call_stack.obj
 0001:00079e00       sf_debug_tm_browse_trace   000000018007ae00 f   sfc_debug:sfdb_call_stack.obj
 0001:0007a110       sf_debug_cd_initialize_instance 000000018007b110 f   sfc_debug:sfdb_cycle_detection.obj
 0001:0007a3c0       sf_debug_cd_mark_processed_transition_in_instance 000000018007b3c0 f   sfc_debug:sfdb_cycle_detection.obj
 0001:0007a460       sf_debug_cd_checksum_push  000000018007b460 f   sfc_debug:sfdb_cycle_detection.obj
 0001:0007a710       sf_debug_cd_checksum_pop   000000018007b710 f   sfc_debug:sfdb_cycle_detection.obj
 0001:0007a780       sf_debug_cd_turn_off_cycle_detection 000000018007b780 f   sfc_debug:sfdb_cycle_detection.obj
 0001:0007a7d0       sf_debug_cd_terminate      000000018007b7d0 f   sfc_debug:sfdb_cycle_detection.obj
 0001:0007aa00       md5_initialize_state       000000018007ba00 f   sfc_debug:ckmd5.obj
 0001:0007b490       md5_update_state           000000018007c490 f   sfc_debug:ckmd5.obj
 0001:0007b4b0       md5_get_hash               000000018007c4b0 f   sfc_debug:ckmd5.obj
 0001:0007b4e0       md5_get_hash_for_a_single_string 000000018007c4e0 f   sfc_debug:ckmd5.obj
 0001:0007b540       mxGetPr                    000000018007c540 f   libmx:libmx.dll
 0001:0007b546       mxCreateDoubleScalar       000000018007c546 f   libmx:libmx.dll
 0001:0007b54c       mxCreateDoubleMatrix_730   000000018007c54c f   libmx:libmx.dll
 0001:0007b552       mxSetField_730             000000018007c552 f   libmx:libmx.dll
 0001:0007b558       mxCreateString             000000018007c558 f   libmx:libmx.dll
 0001:0007b55e       mxCreateStructMatrix_730   000000018007c55e f   libmx:libmx.dll
 0001:0007b564       mxCreateCellMatrix_730     000000018007c564 f   libmx:libmx.dll
 0001:0007b56a       mxDestroyArray             000000018007c56a f   libmx:libmx.dll
 0001:0007b570       mxDuplicateArray           000000018007c570 f   libmx:libmx.dll
 0001:0007b576       mxGetString_730            000000018007c576 f   libmx:libmx.dll
 0001:0007b57c       mxIsChar                   000000018007c57c f   libmx:libmx.dll
 0001:0007b582       mxGetClassID               000000018007c582 f   libmx:libmx.dll
 0001:0007b588       mxIsNumeric                000000018007c588 f   libmx:libmx.dll
 0001:0007b58e       mxIsComplex                000000018007c58e f   libmx:libmx.dll
 0001:0007b594       mxGetN                     000000018007c594 f   libmx:libmx.dll
 0001:0007b59a       mxGetM                     000000018007c59a f   libmx:libmx.dll
 0001:0007b5a0       mxCalloc                   000000018007c5a0 f   libmx:libmx.dll
 0001:0007b5a6       mxGetScalar                000000018007c5a6 f   libmx:libmx.dll
 0001:0007b5ac       mxIsLogical                000000018007c5ac f   libmx:libmx.dll
 0001:0007b5b2       mxCreateDoubleMatrix_700   000000018007c5b2 f   libmx:libmx.dll
 0001:0007b5b8       mxFree                     000000018007c5b8 f   libmx:libmx.dll
 0001:0007b5be       mxArrayToString            000000018007c5be f   libmx:libmx.dll
 0001:0007b5c4       mxCreateCellMatrix_700     000000018007c5c4 f   libmx:libmx.dll
 0001:0007b5ca       mxSetCell_700              000000018007c5ca f   libmx:libmx.dll
 0001:0007b5d0       mxGetCell_700              000000018007c5d0 f   libmx:libmx.dll
 0001:0007b5d6       mxGetClassName             000000018007c5d6 f   libmx:libmx.dll
 0001:0007b5dc       mxSetField_700             000000018007c5dc f   libmx:libmx.dll
 0001:0007b5e2       mxAddField                 000000018007c5e2 f   libmx:libmx.dll
 0001:0007b5e8       mxGetField_700             000000018007c5e8 f   libmx:libmx.dll
 0001:0007b5ee       mxGetNumberOfElements      000000018007c5ee f   libmx:libmx.dll
 0001:0007b5f4       mxIsStruct                 000000018007c5f4 f   libmx:libmx.dll
 0001:0007b5fa       mxIsA                      000000018007c5fa f   libmx:libmx.dll
 0001:0007b600       mxIsClass                  000000018007c600 f   libmx:libmx.dll
 0001:0007b606       mxGetLogicals              000000018007c606 f   libmx:libmx.dll
 0001:0007b60c       mxIsSparse                 000000018007c60c f   libmx:libmx.dll
 0001:0007b612       mxSetFieldByNumber_700     000000018007c612 f   libmx:libmx.dll
 0001:0007b618       mxGetFieldByNumber_700     000000018007c618 f   libmx:libmx.dll
 0001:0007b61e       mxGetFieldNameByNumber     000000018007c61e f   libmx:libmx.dll
 0001:0007b624       mxGetNumberOfFields        000000018007c624 f   libmx:libmx.dll
 0001:0007b62a       mxCreateStructMatrix_700   000000018007c62a f   libmx:libmx.dll
 0001:0007b630       mxGetFieldNumber           000000018007c630 f   libmx:libmx.dll
 0001:0007b636       mxIsNaN                    000000018007c636 f   libmx:libmx.dll
 0001:0007b63c       mxIsEmpty                  000000018007c63c f   libmx:libmx.dll
 0001:0007b642       mxGetData                  000000018007c642 f   libmx:libmx.dll
 0001:0007b648       mxGetImagData              000000018007c648 f   libmx:libmx.dll
 0001:0007b64e       mxArrayClassIDName         000000018007c64e f   libmx:libmx.dll
 0001:0007b654       mxCreateNumericMatrix_700  000000018007c654 f   libmx:libmx.dll
 0001:0007b65a       mxCreateStructArray_700    000000018007c65a f   libmx:libmx.dll
 0001:0007b660       mxCalcSingleSubscript_700  000000018007c660 f   libmx:libmx.dll
 0001:0007b666       mxGetDimensions_700        000000018007c666 f   libmx:libmx.dll
 0001:0007b66c       mxGetNumberOfDimensions_700 000000018007c66c f   libmx:libmx.dll
 0001:0007b672       mxCreateNumericArray_700   000000018007c672 f   libmx:libmx.dll
 0001:0007b678       mxGetElementSize           000000018007c678 f   libmx:libmx.dll
 0001:0007b67e       mxCreateStringFromNChars_700 000000018007c67e f   libmx:libmx.dll
 0001:0007b684       mxGetString_700            000000018007c684 f   libmx:libmx.dll
 0001:0007b68a       mxIsLogicalScalarTrue      000000018007c68a f   libmx:libmx.dll
 0001:0007b690       mxCreateLogicalScalar      000000018007c690 f   libmx:libmx.dll
 0001:0007b696       mexUnlock                  000000018007c696 f   libmex:libmex.dll
 0001:0007b69c       mexIsLocked                000000018007c69c f   libmex:libmex.dll
 0001:0007b6a2       mexWarnMsgTxt              000000018007c6a2 f   libmex:libmex.dll
 0001:0007b6a8       mexCallMATLAB              000000018007c6a8 f   libmex:libmex.dll
 0001:0007b6ae       mexErrMsgTxt               000000018007c6ae f   libmex:libmex.dll
 0001:0007b6b4       mexMakeArrayPersistent     000000018007c6b4 f   libmex:libmex.dll
 0001:0007b6ba       mexSetTrapFlag             000000018007c6ba f   libmex:libmex.dll
 0001:0007b6c0       mexPutVariable             000000018007c6c0 f   libmex:libmex.dll
 0001:0007b6c6       mexGetVariable             000000018007c6c6 f   libmex:libmex.dll
 0001:0007b6cc       mexLock                    000000018007c6cc f   libmex:libmex.dll
 0001:0007b6d2       mexMakeMemoryPersistent    000000018007c6d2 f   libmex:libmex.dll
 0001:0007b6d8       mexFunctionName            000000018007c6d8 f   libmex:libmex.dll
 0001:0007b6de       ssRegisterDataTypeFxpFSlopeFixExpBias 000000018007c6de f   libfixedpoint:libfixedpoint.dll
 0001:0007b6e4       ssRegisterDataTypeFxpScaledDouble 000000018007c6e4 f   libfixedpoint:libfixedpoint.dll
 0001:0007b6ea       utMalloc                   000000018007c6ea f   libut:libut.dll
 0001:0007b6f0       utFree                     000000018007c6f0 f   libut:libut.dll
 0001:0007b6f6       utVSNprintf                000000018007c6f6 f   libut:libut.dll
 0001:0007b6fc       utCPUtime                  000000018007c6fc f   libut:libut.dll
 0001:0007b702       utCalloc                   000000018007c702 f   libut:libut.dll
 0001:0007b708       utRealloc                  000000018007c708 f   libut:libut.dll
 0001:0007b70e       muDoubleScalarFloor        000000018007c70e f   libmwmathutil:libmwmathutil.dll
 0001:0007b714       muDoubleScalarMax          000000018007c714 f   libmwmathutil:libmwmathutil.dll
 0001:0007b71a       muDoubleScalarSqrt         000000018007c71a f   libmwmathutil:libmwmathutil.dll
 0001:0007b720       muDoubleScalarAbs          000000018007c720 f   libmwmathutil:libmwmathutil.dll
 0001:0007b726       muIntScalarMin_sint32      000000018007c726 f   libmwmathutil:libmwmathutil.dll
 0001:0007b72c       muDoubleScalarMin          000000018007c72c f   libmwmathutil:libmwmathutil.dll
 0001:0007b732       muDoubleScalarHypot        000000018007c732 f   libmwmathutil:libmwmathutil.dll
 0001:0007b738       muDoubleScalarIsNaN        000000018007c738 f   libmwmathutil:libmwmathutil.dll
 0001:0007b73e       muDoubleScalarIsInf        000000018007c73e f   libmwmathutil:libmwmathutil.dll
 0001:0007b744       muDoubleScalarAcos         000000018007c744 f   libmwmathutil:libmwmathutil.dll
 0001:0007b74a       emlrtCreateRootTLS         000000018007c74a f   libemlrt:libemlrt.dll
 0001:0007b750       emlrtDestroyRootTLS        000000018007c750 f   libemlrt:libemlrt.dll
 0001:0007b756       emlrtCheckBuiltInR2012b    000000018007c756 f   libemlrt:libemlrt.dll
 0001:0007b75c       emlrtCheckVsBuiltInR2012b  000000018007c75c f   libemlrt:libemlrt.dll
 0001:0007b762       emlrtCheckEnumR2012b       000000018007c762 f   libemlrt:libemlrt.dll
 0001:0007b768       emlrtCreateEnumR2012b      000000018007c768 f   libemlrt:libemlrt.dll
 0001:0007b76e       emlrtGetEnumElementR2009a  000000018007c76e f   libemlrt:libemlrt.dll
 0001:0007b774       emlrtCreateReference       000000018007c774 f   libemlrt:libemlrt.dll
 0001:0007b77a       emlrtImportVsFiArrayR2009b 000000018007c77a f   libemlrt:libemlrt.dll
 0001:0007b780       emlrtNameCapturePostProcessR2012a 000000018007c780 f   libemlrt:libemlrt.dll
 0001:0007b786       emlrtExtractMessageId      000000018007c786 f   libemlrt:libemlrt.dll
 0001:0007b78c       emlrtTranslateMessageIDtoLCPstring 000000018007c78c f   libemlrt:libemlrt.dll
 0001:0007b792       emlrtForLoopVectorIsValidR2011b 000000018007c792 f   libemlrt:libemlrt.dll
 0001:0007b798       emlrtTranslateUTF16MessagetoLCPstring 000000018007c798 f   libemlrt:libemlrt.dll
 0001:0007b79e       emlrtGetEnumUnderlyingArrayR2009a 000000018007c79e f   libemlrt:libemlrt.dll
 0001:0007b7a4       emlrtIsEnumR2009a          000000018007c7a4 f   libemlrt:libemlrt.dll
 0001:0007b7aa       dnrm2                      000000018007c7aa f   libmwblas:libmwblas.dll
 0001:0007b7b0       idamax                     000000018007c7b0 f   libmwblas:libmwblas.dll
 0001:0007b7b6       dger                       000000018007c7b6 f   libmwblas:libmwblas.dll
 0001:0007b7bc       dscal                      000000018007c7bc f   libmwblas:libmwblas.dll
 0001:0007b7c2       dgemv                      000000018007c7c2 f   libmwblas:libmwblas.dll
 0001:0007b7c8       drotg                      000000018007c7c8 f   libmwblas:libmwblas.dll
 0001:0007b7d0       __GSHandlerCheckCommon     000000018007c7d0 f   MSVCRT:gshandler.obj
 0001:0007b834       __GSHandlerCheck           000000018007c834 f   MSVCRT:gshandler.obj
 0001:0007b852       strlen                     000000018007c852 f   MSVCRT:MSVCR100.dll
 0001:0007b870       __security_check_cookie    000000018007c870 f   MSVCRT:amdsecgs.obj
 0001:0007b8a0       _alloca_probe              000000018007c8a0     MSVCRT:chkstk.obj
 0001:0007b8a0       __chkstk                   000000018007c8a0 f   MSVCRT:chkstk.obj
 0001:0007b8ee       memset                     000000018007c8ee f   MSVCRT:MSVCR100.dll
 0001:0007b8f4       strcmp                     000000018007c8f4 f   MSVCRT:MSVCR100.dll
 0001:0007b8fa       free                       000000018007c8fa f   MSVCRT:MSVCR100.dll
 0001:0007b900       sprintf                    000000018007c900 f   MSVCRT:MSVCR100.dll
 0001:0007b906       malloc                     000000018007c906 f   MSVCRT:MSVCR100.dll
 0001:0007b90c       strcat                     000000018007c90c f   MSVCRT:MSVCR100.dll
 0001:0007b912       memcpy                     000000018007c912 f   MSVCRT:MSVCR100.dll
 0001:0007b918       NtCurrentTeb               000000018007c918 f i MSVCRT:crtdll.obj
 0001:0007b984       _CRT_INIT                  000000018007c984 f   MSVCRT:crtdll.obj
 0001:0007bd1c       _DllMainCRTStartup         000000018007cd1c f   MSVCRT:crtdll.obj
 0001:0007bd5a       strncpy                    000000018007cd5a f   MSVCRT:MSVCR100.dll
 0001:0007bd60       longjmp                    000000018007cd60 f   MSVCRT:MSVCR100.dll
 0001:0007bd66       strncmp                    000000018007cd66 f   MSVCRT:MSVCR100.dll
 0001:0007bd6c       ceil                       000000018007cd6c f   MSVCRT:MSVCR100.dll
 0001:0007bd72       strrchr                    000000018007cd72 f   MSVCRT:MSVCR100.dll
 0001:0007bd78       _setjmp                    000000018007cd78 f   MSVCRT:MSVCR100.dll
 0001:0007bd7e       ldexp                      000000018007cd7e f   MSVCRT:MSVCR100.dll
 0001:0007bd84       __report_gsfailure         000000018007cd84 f   MSVCRT:gs_report.obj
 0001:0007bed0       __clean_type_info_names    000000018007ced0 f   MSVCRT:tncleanup.obj
 0001:0007bedc       _onexit                    000000018007cedc f   MSVCRT:atonexit.obj
 0001:0007bf8c       atexit                     000000018007cf8c f   MSVCRT:atonexit.obj
 0001:0007bfa4       _RTC_Initialize            000000018007cfa4 f   MSVCRT:_initsect_.obj
 0001:0007bfdc       _RTC_Terminate             000000018007cfdc f   MSVCRT:_initsect_.obj
 0001:0007c014       _malloc_crt                000000018007d014 f   MSVCRT:MSVCR100.dll
 0001:0007c020       _ValidateImageBase         000000018007d020 f   MSVCRT:pesect.obj
 0001:0007c050       _FindPESection             000000018007d050 f   MSVCRT:pesect.obj
 0001:0007c0a0       _IsNonwritableInCurrentImage 000000018007d0a0 f   MSVCRT:pesect.obj
 0001:0007c0e2       _initterm                  000000018007d0e2 f   MSVCRT:MSVCR100.dll
 0001:0007c0e8       _initterm_e                000000018007d0e8 f   MSVCRT:MSVCR100.dll
 0001:0007c0ee       _encoded_null              000000018007d0ee f   MSVCRT:MSVCR100.dll
 0001:0007c0f4       _amsg_exit                 000000018007d0f4 f   MSVCRT:MSVCR100.dll
 0001:0007c0fa       __C_specific_handler       000000018007d0fa f   MSVCRT:MSVCR100.dll
 0001:0007c100       __CppXcptFilter            000000018007d100 f   MSVCRT:MSVCR100.dll
 0001:0007c108       DllMain                    000000018007d108 f   MSVCRT:dllmain.obj
 0001:0007c12c       __security_init_cookie     000000018007d12c f   MSVCRT:gs_support.obj
 0001:0007c1e0       __crt_debugger_hook        000000018007d1e0 f   MSVCRT:MSVCR100.dll
 0001:0007c1e6       __clean_type_info_names_internal 000000018007d1e6 f   MSVCRT:MSVCR100.dll
 0001:0007c1ec       _unlock                    000000018007d1ec f   MSVCRT:MSVCR100.dll
 0001:0007c1f2       __dllonexit                000000018007d1f2 f   MSVCRT:MSVCR100.dll
 0001:0007c1f8       _lock                      000000018007d1f8 f   MSVCRT:MSVCR100.dll
 0001:0007c1fe       EncodePointer              000000018007d1fe f   kernel32:KERNEL32.dll
 0001:0007c204       DecodePointer              000000018007d204 f   kernel32:KERNEL32.dll
 0001:0007c20a       Sleep                      000000018007d20a f   kernel32:KERNEL32.dll
 0001:0007c210       TerminateProcess           000000018007d210 f   kernel32:KERNEL32.dll
[...]
 0001:00051ed0       sf_mex_check_complex       0000000180052ed0 f   sfc_mex:sfc_mex.obj
 0001:00051f60       sf_mex_check_sparse        0000000180052f60 f   sfc_mex:sfc_mex.obj
 0001:00051fc0       sf_mex_check_numerictype   0000000180052fc0 f   sfc_mex:sfc_mex.obj
 0001:00052150       sf_mex_check_fimath        0000000180053150 f   sfc_mex:sfc_mex.obj
 0001:00052cb0       size_mismatch_error        0000000180053cb0 f   sfc_mex:sfc_mex.obj
 0001:00053720       check_array_dimensions     0000000180054720 f   sfc_mex:sfc_mex.obj
 0001:00053790       check_input_mxarray        0000000180054790 f   sfc_mex:sfc_mex.obj
 0001:00053ed0       sf_numeric_value_to_double 0000000180054ed0 f   sfc_mex:sfc_mex.obj
 0001:00053f20       ml_generic_out_of_bounds_check 0000000180054f20 f   sfc_mex:sfc_mex.obj
 0001:000540e0       ml_get_element_value_from_array 00000001800550e0 f   sfc_mex:sfc_mex.obj
 0001:00054480       _ml_generic_castability_check 0000000180055480 f   sfc_mex:sfc_mex.obj
 0001:00054bd0       ml_generic_castability_check 0000000180055bd0 f   sfc_mex:sfc_mex.obj
 0001:00054c70       ml_check_mx_array_for_single_castability 0000000180055c70 f   sfc_mex:sfc_mex.obj
 0001:00054d10       ml_check_mx_array_for_logical_castability 0000000180055d10 f   sfc_mex:sfc_mex.obj
 0001:00054db0       ml_check_mx_array_for_int8_castability 0000000180055db0 f   sfc_mex:sfc_mex.obj
 0001:00054e60       ml_check_mx_array_for_uint8_castability 0000000180055e60 f   sfc_mex:sfc_mex.obj
 0001:00054ec0       ml_check_mx_array_for_int16_castability 0000000180055ec0 f   sfc_mex:sfc_mex.obj
 0001:00054f20       ml_check_mx_array_for_uint16_castability 0000000180055f20 f   sfc_mex:sfc_mex.obj
 0001:00054f80       ml_check_mx_array_for_int32_castability 0000000180055f80 f   sfc_mex:sfc_mex.obj
 0001:00054fe0       ml_check_mx_array_for_uint32_castability 0000000180055fe0 f   sfc_mex:sfc_mex.obj
 0001:00055040       ml_check_mx_array_for_castability 0000000180056040 f   sfc_mex:sfc_mex.obj
 0001:00055860       set_data_value             0000000180056860 f   sfc_mex:sfc_mex.obj
 0001:00055bd0       get_data_value             0000000180056bd0 f   sfc_mex:sfc_mex.obj
 0001:00055ce0       get_next_element_address   0000000180056ce0 f   sfc_mex:sfc_mex.obj
 0001:00055db0       sf_normalize_index         0000000180056db0 f   sfc_mex:sfc_mex.obj
 0001:00056160       ml_array_index_bound_check 0000000180057160 f   sfc_mex:sfc_mex.obj
 0001:00056ce0       mx_value                   0000000180057ce0 f   sfc_mex:sfc_mex.obj
 0001:00056d30       sf_create_numeric_array    0000000180057d30 f   sfc_mex:sfc_mex.obj
 0001:00056dd0       sf_mex_assign_to_mx_array  0000000180057dd0 f   sfc_mex:sfc_mex.obj
 0001:00057140       assign_from_mx_array       0000000180058140 f   sfc_mex:sfc_mex.obj
 0001:000578a0       sf_mex_import_v            00000001800588a0 f   sfc_mex:sfc_mex.obj
 0001:00057fb0       get_machine_and_chart_file_number 0000000180058fb0 f   sfc_mex:sfc_sf.obj
 0001:000580a0       get_sfun_block_specialization 00000001800590a0 f   sfc_mex:sfc_sf.obj
 0001:00058150       call_sf_machine_global_method_dispatcher 0000000180059150 f   sfc_mex:sfc_sf.obj
 0001:000583a0       mdl_zeroCrossings_processing 00000001800593a0 f   sfc_mex:sfc_sf.obj
 0001:00058480       mdl_derivatives_processing 0000000180059480 f   sfc_mex:sfc_sf.obj
 0001:00058760       mdl_outputs_continuous_legacy 0000000180059760 f   sfc_mex:sfc_sf.obj
 0001:000587e0       mdl_outputs_processing     00000001800597e0 f   sfc_mex:sfc_sf.obj
 0001:00058a50       mdl_enable_processing      0000000180059a50 f   sfc_mex:sfc_sf.obj
 0001:00058b30       mdl_disable_processing     0000000180059b30 f   sfc_mex:sfc_sf.obj
 0001:000599c0       sf_call_output_fcn_enable_disable 000000018005a9c0 f   sfc_mex:sfc_sf.obj
 0001:00059c40       set_dwork_information_from_mx_array 000000018005ac40 f   sfc_mex:sfc_sf.obj
 0001:0005a530       ptr2mxStruct               000000018005b530 f   sfc_mex:sfc_sf.obj
 0001:0005a840       SNPRINTF_WRAPPER           000000018005b840 f   sfc_debug:sfcdebug.obj
 0001:0005a870       sf_debug_chart_instance_initialized 000000018005b870 f   sfc_debug:sfcdebug.obj
 0001:0005aa10       sfrtAddSize                000000018005ba10 f   sfc_debug:sfcdebug.obj
 0001:0005aad0       sfrtGenSizeString          000000018005bad0 f   sfc_debug:sfcdebug.obj
 0001:0005b220       fill_single_message_info   000000018005c220 f   sfc_debug:sfcdebug.obj
 0001:0005b4a0       sf_debug_sim_status_listener 000000018005c4a0 f   sfc_debug:sfcdebug.obj
 0001:0005ba30       sf_debug_form_mask_bits    000000018005ca30 f   sfc_debug:sfcdebug.obj
 0001:0005ba50       sf_debug_form_sf_data_type_offsets 000000018005ca50 f   sfc_debug:sfcdebug.obj
 0001:0005bb10       sf_debug_free_all          000000018005cb10 f   sfc_debug:sfcdebug.obj
 0001:0005bca0       sf_debug_append_debugger_context 000000018005cca0 f   sfc_debug:sfcdebug.obj
 0001:0005c010       local_strdup               000000018005d010 f   sfc_debug:sfcdebug.obj
 0001:0005cf90       sf_debug_em_terminate      000000018005df90 f   sfc_debug:sfcdebug.obj
 0001:0005cfd0       sf_debug_push_eml_function 000000018005dfd0 f   sfc_debug:sfcdebug.obj
 0001:0005d070       sf_debug_pop_eml_function  000000018005e070 f   sfc_debug:sfcdebug.obj
 0001:0005dd10       sf_debug_get_machine_number_from_id_or_name 000000018005ed10 f   sfc_debug:sfcdebug.obj
 0001:0005de60       sf_debug_get_chart_number_from_id 000000018005ee60 f   sfc_debug:sfcdebug.obj
 0001:0005ec40       sf_debug_transfer_control_to_debugger_GUI 000000018005fc40 f   sfc_debug:sfcdebug.obj
 0001:0005fbb0       sf_debug_scripts_rehash    0000000180060bb0 f   sfc_debug:sfcdebug.obj
 0001:0005fdc0       sf_debug_get_script_line_count 0000000180060dc0 f   sfc_debug:sfcdebug.obj
 0001:00060810       cv_eml_state_cvId          0000000180061810 f   sfc_debug:sfcdebug.obj
 0001:00060880       cv_eml_trans_cvId          0000000180061880 f   sfc_debug:sfcdebug.obj
 0001:00061d00       sf_debug_data_array_bounds_error 0000000180062d00 f   sfc_debug:sfcdebug.obj
 0001:000620b0       eml_debug_runtime_error_doclink 00000001800630b0 f   sfc_debug:sfcdebug.obj
 0001:00062220       sf_debug_runtime_error     0000000180063220 f   sfc_debug:sfcdebug.obj
 0001:00062290       sf_debug_matlab_error      0000000180063290 f   sfc_debug:sfcdebug.obj
 0001:00062c00       sf_debug_data_value_error  0000000180063c00 f   sfc_debug:sfcdebug.obj
 0001:000634d0       sf_debug_data_loss_error   00000001800644d0 f   sfc_debug:sfcdebug.obj
 0001:000643f0       call_cv_range_check        00000001800653f0 f   sfc_debug:sfcdebug.obj
 0001:00064c50       sf_debug_invoke_cycle_detection_code 0000000180065c50 f   sfc_debug:sfcdebug.obj
 0001:000657c0       sf_reset_debug_info_struct 00000001800667c0 f   sfc_debug:sfcdebug.obj
 0001:00065fb0       cv_script_cvId             0000000180066fb0 f   sfc_debug:sfcdebug.obj
 0001:00067170       sfc_api_chart_visible      0000000180068170 f   sfc_debug:sfc_api.obj
 0001:00067200       sfc_api_active_instance    0000000180068200 f   sfc_debug:sfc_api.obj
 0001:00067290       sfc_api_machine_load       0000000180068290 f   sfc_debug:sfc_api.obj
 0001:00067380       sfc_api_debugger_alive     0000000180068380 f   sfc_debug:sfc_api.obj
 0001:00067390       sfc_api_go                 0000000180068390 f   sfc_debug:sfc_api.obj
 0001:000673a0       sfc_api_step_over          00000001800683a0 f   sfc_debug:sfc_api.obj
 0001:000673b0       sfc_api_step_out           00000001800683b0 f   sfc_debug:sfc_api.obj
 0001:000673c0       sfc_api_resume             00000001800683c0 f   sfc_debug:sfc_api.obj
 0001:000673d0       sfc_api_break              00000001800683d0 f   sfc_debug:sfc_api.obj
 0001:000673e0       sfc_api_stop_debugging     00000001800683e0 f   sfc_debug:sfc_api.obj
 0001:00067440       sfc_api_is_cycle_detected  0000000180068440 f   sfc_debug:sfc_api.obj
 0001:000674a0       sfc_api_is_array_bounds_detected 00000001800684a0 f   sfc_debug:sfc_api.obj
 0001:00067500       sfc_api_set_disable_all_breakpoints 0000000180068500 f   sfc_debug:sfc_api.obj
 0001:00067580       sfc_api_disable_all_breakpoints_and_go 0000000180068580 f   sfc_debug:sfc_api.obj
 0001:00067590       sfc_api_close              0000000180068590 f   sfc_debug:sfc_api.obj
 0001:000675a0       sfc_api_browse_data        00000001800685a0 f   sfc_debug:sfc_api.obj
 0001:00067620       sfc_api_watch_data         0000000180068620 f   sfc_debug:sfc_api.obj
 0001:00067730       sfc_api_extract_message_post_receive_info 0000000180068730 f   sfc_debug:sfc_api.obj
 0001:00067750       sfc_api_assign_data        0000000180068750 f   sfc_debug:sfc_api.obj
 0001:00067800       sfc_api_whos               0000000180068800 f   sfc_debug:sfc_api.obj
 0001:00067890       sfc_api_get_consistency_info 0000000180068890 f   sfc_debug:sfc_api.obj
 0001:000678a0       sfc_api_browse_trace       00000001800688a0 f   sfc_debug:sfc_api.obj
 0001:000678b0       sfc_api_break_on_chart_entry 00000001800688b0 f   sfc_debug:sfc_api.obj
 0001:000678e0       sfc_api_break_on_event_broadcast 00000001800688e0 f   sfc_debug:sfc_api.obj
 0001:00067910       sfc_api_break_on_state_entry 0000000180068910 f   sfc_debug:sfc_api.obj
 0001:00067940       sfc_api_set_watch          0000000180068940 f   sfc_debug:sfc_api.obj
 0001:000679f0       sfc_api_set_breakpoints    00000001800689f0 f   sfc_debug:sfc_api.obj
 0001:00067ab0       sfc_api_set_eml_breakpoints 0000000180068ab0 f   sfc_debug:sfc_api.obj
 0001:00067b50       sfc_api_set_script_breakpoints 0000000180068b50 f   sfc_debug:sfc_api.obj
 0001:00067bb0       sfc_api_add_script_breakpoints 0000000180068bb0 f   sfc_debug:sfc_api.obj
 0001:00067c10       sfc_api_clear_script_breakpoints 0000000180068c10 f   sfc_debug:sfc_api.obj
 0001:00067c70       sfc_api_query_script_breakpoints 0000000180068c70 f   sfc_debug:sfc_api.obj
 0001:00067ce0       sfc_api_get_script_id      0000000180068ce0 f   sfc_debug:sfc_api.obj
 0001:00067da0       sfc_api_get_active_states  0000000180068da0 f   sfc_debug:sfc_api.obj
 0001:00067e30       sfc_api_break_between_times 0000000180068e30 f   sfc_debug:sfc_api.obj
 0001:00067ea0       sfc_api_get_instance_handle 0000000180068ea0 f   sfc_debug:sfc_api.obj
 0001:00067f70       sfc_api_set_animation      0000000180068f70 f   sfc_debug:sfc_api.obj
 0001:00067fc0       sfc_api_select_chart       0000000180068fc0 f   sfc_debug:sfc_api.obj
 0001:00068030       sfc_api_select_charts      0000000180069030 f   sfc_debug:sfc_api.obj
 0001:00068060       sfc_api_cycle_detection_check 0000000180069060 f   sfc_debug:sfc_api.obj
 0001:000680b0       sfc_api_data_range_check   00000001800690b0 f   sfc_debug:sfc_api.obj
 0001:00068100       sfc_api_transition_conflict_check 0000000180069100 f   sfc_debug:sfc_api.obj
 0001:00068150       sfc_api_state_consistency_check 0000000180069150 f   sfc_debug:sfc_api.obj
 0001:000681a0       sfc_api_set_instance_cv_ids 00000001800691a0 f   sfc_debug:sfc_api.obj
 0001:000682d0       sfc_api_set_script_cv_ids  00000001800692d0 f   sfc_debug:sfc_api.obj
 0001:000683a0       sfc_api_get_current_machine_id 00000001800693a0 f   sfc_debug:sfc_api.obj
 0001:000683d0       sfc_api_get_current_machine_number 00000001800693d0 f   sfc_debug:sfc_api.obj
 0001:00068400       sfc_api_get_current_chart_number 0000000180069400 f   sfc_debug:sfc_api.obj
 0001:00068430       sfc_api_get_current_instance_number 0000000180069430 f   sfc_debug:sfc_api.obj
 0001:00068460       sfc_api_get_current_instance_handle 0000000180069460 f   sfc_debug:sfc_api.obj
 0001:00068480       sfc_api_get_current_is_minor_time_step 0000000180069480 f   sfc_debug:sfc_api.obj
 0001:000684b0       sfc_api_get_current_machine_name 00000001800694b0 f   sfc_debug:sfc_api.obj
 0001:000684d0       sfc_api_get_current_chart_id 00000001800694d0 f   sfc_debug:sfc_api.obj
 0001:00068500       sfc_api_get_current_object_type 0000000180069500 f   sfc_debug:sfc_api.obj
 0001:00068530       sfc_api_get_current_event_type 0000000180069530 f   sfc_debug:sfc_api.obj
 0001:00068560       sfc_api_get_current_object_id 0000000180069560 f   sfc_debug:sfc_api.obj
 0001:00068590       sfc_get_current_active_event_type 0000000180069590 f   sfc_debug:sfc_api.obj
 0001:000685c0       sfc_api_get_current_active_event_id 00000001800695c0 f   sfc_debug:sfc_api.obj
 0001:000685f0       sfc_api_get_current_simulation_time 00000001800695f0 f   sfc_debug:sfc_api.obj
 0001:00068610       sfc_get_current_tag_type   0000000180069610 f   sfc_debug:sfc_api.obj
 0001:00068640       sfc_get_current_coverage_percentage 0000000180069640 f   sfc_debug:sfc_api.obj
 0001:00068660       sfc_get_current_statement_context 0000000180069660 f   sfc_debug:sfc_api.obj
 0001:00068680       sfc_get_current_optional_integer 0000000180069680 f   sfc_debug:sfc_api.obj
 0001:000686b0       sfc_get_current_statement_info 00000001800696b0 f   sfc_debug:sfc_api.obj
 0001:00068750       sfc_api_get                0000000180069750 f   sfc_debug:sfc_api.obj
 0001:000693b0       sf_debug_sm_fill_state_activity_data 000000018006a3b0 f   sfc_debug:sfdb_animation.obj
 0001:0006bbf0       void_ptr_stack_vector_free_total 000000018006cbf0 f   sfc_debug:sfdb_data_browse.obj
 0001:0006bc70       sf_debug_st_terminate_machine 000000018006cc70 f   sfc_debug:sfdb_data_browse.obj
 0001:0006bcb0       sf_debug_st_terminate_instance 000000018006ccb0 f   sfc_debug:sfdb_data_browse.obj
 0001:0006c060       push_on_to_void_ptr_stack  000000018006d060 f   sfc_debug:sfdb_data_browse.obj
 0001:0006c1f0       pop_from_void_ptr_stack    000000018006d1f0 f   sfc_debug:sfdb_data_browse.obj
 0001:0006c320       sf_debug_st_get_data_value 000000018006d320 f   sfc_debug:sfdb_data_browse.obj
 0001:0006c850       mx_value                   000000018006d850 f   sfc_debug:sfdb_data_browse.obj
 0001:0006c890       sf_debug_st_fill_data_struct 000000018006d890 f   sfc_debug:sfdb_data_browse.obj
 0001:0006cbd0       data_type_format_strings   000000018006dbd0 f   sfc_debug:sfdb_data_browse.obj
 0001:0006cc80       sf_debug_st_fill_data      000000018006dc80 f   sfc_debug:sfdb_data_browse.obj
 0001:0006d970       sf_debug_hm_get_simulink_handle 000000018006e970 f   sfc_debug:sfdb_handle_management.obj
 0001:0006e420       sf_debug_hm_initialize_globals 000000018006f420 f   sfc_debug:sfdb_handle_management.obj
 0001:0006e520       sf_debug_hm_get_machine_debug_flag 000000018006f520 f   sfc_debug:sfdb_handle_management.obj
 0001:0006e690       sf_debug_hm_get_machine_id 000000018006f690 f   sfc_debug:sfdb_handle_management.obj
 0001:0006e7b0       sf_debug_hm_get_chart_id   000000018006f7b0 f   sfc_debug:sfdb_handle_management.obj
 0001:0006e950       sf_debug_hm_register_executing_SFunction 000000018006f950 f   sfc_debug:sfdb_handle_management.obj
 0001:0006ece0       sf_debug_hm_form_object_boolean_properties 000000018006fce0 f   sfc_debug:sfdb_handle_management.obj
 0001:0006efb0       sf_debug_hm_form_object_properties 000000018006ffb0 f   sfc_debug:sfdb_handle_management.obj
 0001:0006f1f0       sf_debug_hm_terminate_charts 00000001800701f0 f   sfc_debug:sfdb_handle_management.obj
 0001:0006f8d0       sf_debug_hm_terminate_machines 00000001800708d0 f   sfc_debug:sfdb_handle_management.obj
 0001:00071340       sf_debug_ss_copy_dimension 0000000180072340 f   sfc_debug:sfdb_symbol_scope.obj
 0001:00071400       sf_debug_ss_get_number_elements 0000000180072400 f   sfc_debug:sfdb_symbol_scope.obj
 0001:00071420       sf_debug_ss_fill_data_struct 0000000180072420 f   sfc_debug:sfdb_symbol_scope.obj
 0001:00071770       sf_debug_ss_reset_data_info 0000000180072770 f   sfc_debug:sfdb_symbol_scope.obj
 0001:000717d0       sf_debug_fill_data_info_by_symbol_scope_entry 00000001800727d0 f   sfc_debug:sfdb_symbol_scope.obj
 0001:00071890       sf_debug_fill_data_info_by_data_vector 0000000180072890 f   sfc_debug:sfdb_symbol_scope.obj
 0001:00071ae0       get_data_info_helper       0000000180072ae0 f   sfc_debug:sfdb_symbol_scope.obj
 0001:00071dd0       sf_debug_ss_get_data_info  0000000180072dd0 f   sfc_debug:sfdb_symbol_scope.obj
 0001:00071ff0       sf_debug_select_mex_function 0000000180072ff0 f   sfc_debug:sfdb_symbol_scope.obj
 0001:00072020       sf_debug_is_dyn_matrix_initialized 0000000180073020 f   sfc_debug:sfdb_symbol_scope.obj
 0001:00072040       sf_debug_ss_set_data_value_try 0000000180073040 f   sfc_debug:sfdb_symbol_scope.obj
 0001:00072230       sf_debug_ss_get_data_value 0000000180073230 f   sfc_debug:sfdb_symbol_scope.obj
 0001:00072990       sf_debug_ss_data_bytes_string 0000000180073990 f   sfc_debug:sfdb_symbol_scope.obj
 0001:00072a20       sf_debug_ss_data_class_string 0000000180073a20 f   sfc_debug:sfdb_symbol_scope.obj
 0001:00072da0       sf_debug_ss_data_size_string 0000000180073da0 f   sfc_debug:sfdb_symbol_scope.obj
 0001:00072e80       sf_debug_ss_data_create_data_info_struct 0000000180073e80 f   sfc_debug:sfdb_symbol_scope.obj
 0001:00073130       sf_debug_ss_data_create_name_value_pair 0000000180074130 f   sfc_debug:sfdb_symbol_scope.obj
 0001:000731d0       sf_debug_ss_data_get_whos_info 00000001800741d0 f   sfc_debug:sfdb_symbol_scope.obj
 0001:000731e0       same_named_data_in_data_array 00000001800741e0 f   sfc_debug:sfdb_symbol_scope.obj
 0001:00074970       sf_debug_cc_terminate_chart 0000000180075970 f   sfc_debug:sfdb_coverage.obj
 0001:00074c80       sf_debug_cc_terminate_instance 0000000180075c80 f   sfc_debug:sfdb_coverage.obj
 0001:00075850       sf_debug_cc_mark_object_if_needed 0000000180076850 f   sfc_debug:sfdb_coverage.obj
 0001:000760d0       sf_debug_bm_initialize_eml 00000001800770d0 f   sfc_debug:sfdb_breakpoints.obj
 0001:00077190       sf_debug_bm_map_debug_tag_to_breakpoint_tag 0000000180078190 f   sfc_debug:sfdb_breakpoints.obj
 0001:00077270       sf_debug_bm_is_a_eml_breakpoint_impl 0000000180078270 f   sfc_debug:sfdb_breakpoints.obj
 0001:00078ba0       sf_debug_sc_push_on_error_stack 0000000180079ba0 f   sfc_debug:sfdb_state_consistency.obj
 0001:00078cc0       sf_debug_sc_reset_error_stack 0000000180079cc0 f   sfc_debug:sfdb_state_consistency.obj
 0001:00078e50       sf_debug_sc_is_state_inconsistent 0000000180079e50 f   sfc_debug:sfdb_state_consistency.obj
 0001:00079140       sf_debug_sc_fill_consistency_info 000000018007a140 f   sfc_debug:sfdb_state_consistency.obj
 0001:000796e0       void_assertion_fcn         000000018007a6e0 f   sfc_debug:sfdb_call_stack.obj
 0001:00079c30       sf_debug_tm_fill_local_trace 000000018007ac30 f   sfc_debug:sfdb_call_stack.obj
 0001:0007a1d0       sf_debug_cd_terminate_instance 000000018007b1d0 f   sfc_debug:sfdb_cycle_detection.obj
 0001:0007a230       sf_debug_cd_free_checksum_stack 000000018007b230 f   sfc_debug:sfdb_cycle_detection.obj
 0001:0007a280       sf_debug_cd_reset_pack_strings 000000018007b280 f   sfc_debug:sfdb_cycle_detection.obj
 0001:0007a920       md5file_clear              000000018007b920 f   sfc_debug:ckmd5.obj
 0001:0007a950       Encode                     000000018007b950 f   sfc_debug:ckmd5.obj
 0001:0007a9a0       Decode                     000000018007b9a0 f   sfc_debug:ckmd5.obj
 0001:0007aa40       MD5Transform               000000018007ba40 f   sfc_debug:ckmd5.obj
 0001:0007b2a0       md5file_addn               000000018007c2a0 f   sfc_debug:ckmd5.obj
 0001:0007b370       md5file_hash               000000018007c370 f   sfc_debug:ckmd5.obj
 0001:0007b924       pre_c_init                 000000018007c924 f   MSVCRT:crtdll.obj
 0001:0007bbe0       __DllMainCRTStartup        000000018007cbe0 f   MSVCRT:crtdll.obj
 0001:0007c270       __DllMainCRTStartup$filt$0 000000018007d270 f   MSVCRT:crtdll.obj
 0001:0007c2a0       __DllMainCRTStartup$fin$1  000000018007d2a0 f   MSVCRT:crtdll.obj
 0001:0007c2ba       _onexit$fin$0              000000018007d2ba f   MSVCRT:atonexit.obj
 0001:0007c2e0       _IsNonwritableInCurrentImage$filt$0 000000018007d2e0 f   MSVCRT:pesect.obj
