 Bowwave2Drogue_v6_addControl_test_sfun

 Timestamp is 54058db8 (Tue Sep 02 17:28:24 2014)

 Preferred load address is 0000000180000000

 Start         Length     Name                   Class
 0001:00000000 0005bb74H .text                   CODE
 0001:0005bb80 00000092H .text$x                 CODE
 0002:00000000 000004f0H .idata$5                DATA
 0002:000004f0 00000008H .CRT$XCA                DATA
 0002:000004f8 00000008H .CRT$XCZ                DATA
 0002:00000500 00000008H .CRT$XIA                DATA
 0002:00000508 00000008H .CRT$XIAA               DATA
 0002:00000510 00000008H .CRT$XIZ                DATA
 0002:00000520 00004d6cH .rdata                  DATA
 0002:00005290 00000008H .rtc$IAA                DATA
 0002:00005298 00000008H .rtc$IZZ                DATA
 0002:000052a0 00000008H .rtc$TAA                DATA
 0002:000052a8 00000008H .rtc$TZZ                DATA
 0002:000052b0 000047e4H .xdata                  DATA
 0002:00009a94 000000b4H .idata$2                DATA
 0002:00009b48 00000014H .idata$3                DATA
 0002:00009b60 000004f0H .idata$4                DATA
 0002:0000a050 00000b98H .idata$6                DATA
 0002:0000abf0 0000006cH .edata                  DATA
 0003:00000000 0000c568H .data                   DATA
 0003:0000c580 00002478H .bss                    DATA
 0004:00000000 00003870H .pdata                  DATA

  Address         Publics by Value              Rva+Base               Lib:Object

 0000:00000000       ___safe_se_handler_count   0000000000000000     <absolute>
 0000:00000000       ___safe_se_handler_table   0000000000000000     <absolute>
 0000:00000000       __ImageBase                0000000180000000     <linker-defined>
 0001:00000000       sf_c2_Bowwave2Drogue_v6_addControl_test_get_eml_resolved_functions_info 0000000180001000 f   c2_Bowwave2Drogue_v6_addControl_test.obj
 0001:00000f20       sf_c2_Bowwave2Drogue_v6_addControl_test_get_check_sum 0000000180001f20 f   c2_Bowwave2Drogue_v6_addControl_test.obj
 0001:00000fa0       sf_c2_Bowwave2Drogue_v6_addControl_test_get_autoinheritance_info 0000000180001fa0 f   c2_Bowwave2Drogue_v6_addControl_test.obj
 0001:000018f0       sf_c2_Bowwave2Drogue_v6_addControl_test_third_party_uses_info 00000001800028f0 f   c2_Bowwave2Drogue_v6_addControl_test.obj
 0001:00001920       sf_internal_get_sim_state_c2_Bowwave2Drogue_v6_addControl_test 0000000180002920 f   c2_Bowwave2Drogue_v6_addControl_test.obj
 0001:00001e00       sf_internal_set_sim_state_c2_Bowwave2Drogue_v6_addControl_test 0000000180002e00 f   c2_Bowwave2Drogue_v6_addControl_test.obj
 0001:00002290       c2_Bowwave2Drogue_v6_addControl_test_method_dispatcher 0000000180003290 f   c2_Bowwave2Drogue_v6_addControl_test.obj
 0001:00006210       sf_c3_Bowwave2Drogue_v6_addControl_test_get_eml_resolved_functions_info 0000000180007210 f   c3_Bowwave2Drogue_v6_addControl_test.obj
 0001:0000bc30       sf_c3_Bowwave2Drogue_v6_addControl_test_get_check_sum 000000018000cc30 f   c3_Bowwave2Drogue_v6_addControl_test.obj
 0001:0000bcb0       sf_c3_Bowwave2Drogue_v6_addControl_test_get_autoinheritance_info 000000018000ccb0 f   c3_Bowwave2Drogue_v6_addControl_test.obj
 0001:0000c220       sf_c3_Bowwave2Drogue_v6_addControl_test_third_party_uses_info 000000018000d220 f   c3_Bowwave2Drogue_v6_addControl_test.obj
 0001:0000c250       sf_internal_get_sim_state_c3_Bowwave2Drogue_v6_addControl_test 000000018000d250 f   c3_Bowwave2Drogue_v6_addControl_test.obj
 0001:0000c600       sf_internal_set_sim_state_c3_Bowwave2Drogue_v6_addControl_test 000000018000d600 f   c3_Bowwave2Drogue_v6_addControl_test.obj
 0001:0000cad0       c3_Bowwave2Drogue_v6_addControl_test_method_dispatcher 000000018000dad0 f   c3_Bowwave2Drogue_v6_addControl_test.obj
 0001:00019320       sf_c4_Bowwave2Drogue_v6_addControl_test_get_eml_resolved_functions_info 000000018001a320 f   c4_Bowwave2Drogue_v6_addControl_test.obj
 0001:0001a0c0       sf_c4_Bowwave2Drogue_v6_addControl_test_get_check_sum 000000018001b0c0 f   c4_Bowwave2Drogue_v6_addControl_test.obj
 0001:0001a140       sf_c4_Bowwave2Drogue_v6_addControl_test_get_autoinheritance_info 000000018001b140 f   c4_Bowwave2Drogue_v6_addControl_test.obj
 0001:0001a560       sf_c4_Bowwave2Drogue_v6_addControl_test_third_party_uses_info 000000018001b560 f   c4_Bowwave2Drogue_v6_addControl_test.obj
 0001:0001a590       sf_internal_get_sim_state_c4_Bowwave2Drogue_v6_addControl_test 000000018001b590 f   c4_Bowwave2Drogue_v6_addControl_test.obj
 0001:0001a950       sf_internal_set_sim_state_c4_Bowwave2Drogue_v6_addControl_test 000000018001b950 f   c4_Bowwave2Drogue_v6_addControl_test.obj
 0001:0001adf0       c4_Bowwave2Drogue_v6_addControl_test_method_dispatcher 000000018001bdf0 f   c4_Bowwave2Drogue_v6_addControl_test.obj
 0001:0001da60       sf_c5_Bowwave2Drogue_v6_addControl_test_get_eml_resolved_functions_info 000000018001ea60 f   c5_Bowwave2Drogue_v6_addControl_test.obj
 0001:0001eda0       sf_c5_Bowwave2Drogue_v6_addControl_test_get_check_sum 000000018001fda0 f   c5_Bowwave2Drogue_v6_addControl_test.obj
 0001:0001ee20       sf_c5_Bowwave2Drogue_v6_addControl_test_get_autoinheritance_info 000000018001fe20 f   c5_Bowwave2Drogue_v6_addControl_test.obj
 0001:0001f240       sf_c5_Bowwave2Drogue_v6_addControl_test_third_party_uses_info 0000000180020240 f   c5_Bowwave2Drogue_v6_addControl_test.obj
 0001:0001f270       sf_internal_get_sim_state_c5_Bowwave2Drogue_v6_addControl_test 0000000180020270 f   c5_Bowwave2Drogue_v6_addControl_test.obj
 0001:0001f650       sf_internal_set_sim_state_c5_Bowwave2Drogue_v6_addControl_test 0000000180020650 f   c5_Bowwave2Drogue_v6_addControl_test.obj
 0001:0001fb10       c5_Bowwave2Drogue_v6_addControl_test_method_dispatcher 0000000180020b10 f   c5_Bowwave2Drogue_v6_addControl_test.obj
 0001:000296d0       sf_process_check_sum_call  000000018002a6d0 f   Bowwave2Drogue_v6_addControl_test_sfun_registry.obj
 0001:00029720       sf_process_autoinheritance_call 000000018002a720 f   Bowwave2Drogue_v6_addControl_test_sfun_registry.obj
 0001:000298c0       sf_process_get_third_party_uses_info_call 000000018002a8c0 f   Bowwave2Drogue_v6_addControl_test_sfun_registry.obj
 0001:00029a60       sf_process_get_eml_resolved_functions_info_call 000000018002aa60 f   Bowwave2Drogue_v6_addControl_test_sfun_registry.obj
 0001:00029be0       sf_mex_unlock_call         000000018002abe0 f   Bowwave2Drogue_v6_addControl_test_sfun_registry.obj
 0001:00029c90       sf_machine_global_initializer_called 000000018002ac90 f   Bowwave2Drogue_v6_addControl_test_sfun_registry.obj
 0001:00029cc0       sf_machine_global_method_dispatcher 000000018002acc0 f   Bowwave2Drogue_v6_addControl_test_sfun_registry.obj
 0001:00029d20       sf_machine_global_terminator 000000018002ad20 f   Bowwave2Drogue_v6_addControl_test_sfun_registry.obj
 0001:00029d70       sf_register_machine_exported_symbols 000000018002ad70 f   Bowwave2Drogue_v6_addControl_test_sfun_registry.obj
 0001:00029d90       callCustomFcn              000000018002ad90 f   Bowwave2Drogue_v6_addControl_test_sfun_registry.obj
 0001:00029da0       sf_machine_global_initializer 000000018002ada0 f   Bowwave2Drogue_v6_addControl_test_sfun_registry.obj
 0001:00029e20       _ssSetStateAbsTol          000000018002ae20 f   Bowwave2Drogue_v6_addControl_test_sfun_registry.obj
 0001:00029f00       _ssGetAbsTol               000000018002af00 f   Bowwave2Drogue_v6_addControl_test_sfun_registry.obj
 0001:00029f70       _ssSetInputPortMatrixDimensions 000000018002af70 f   Bowwave2Drogue_v6_addControl_test_sfun_registry.obj
 0001:0002a080       _ssSetOutputPortMatrixDimensions 000000018002b080 f   Bowwave2Drogue_v6_addControl_test_sfun_registry.obj
 0001:0002a190       _ssSetInputPortVectorDimension 000000018002b190 f   Bowwave2Drogue_v6_addControl_test_sfun_registry.obj
 0001:0002a260       _ssSetOutputPortVectorDimension 000000018002b260 f   Bowwave2Drogue_v6_addControl_test_sfun_registry.obj
 0001:0002a330       ssIsRunTimeParamTunable    000000018002b330 f   Bowwave2Drogue_v6_addControl_test_sfun_registry.obj
 0001:0002a3a0       ssGetSFuncBlockHandle      000000018002b3a0 f   Bowwave2Drogue_v6_addControl_test_sfun_registry.obj
 0001:0002a410       _ssGetCurrentInputPortWidth 000000018002b410 f   Bowwave2Drogue_v6_addControl_test_sfun_registry.obj
 0001:0002a530       _ssGetCurrentOutputPortWidth 000000018002b530 f   Bowwave2Drogue_v6_addControl_test_sfun_registry.obj
 0001:0002a650       _ssGetCallSystemNumFcnCallDestinations 000000018002b650 f   Bowwave2Drogue_v6_addControl_test_sfun_registry.obj
 0001:0002a6c0       ssWarning                  000000018002b6c0 f   Bowwave2Drogue_v6_addControl_test_sfun_registry.obj
 0001:0002a7d0       ssGetIsZeroCrossControlDisabled 000000018002b7d0 f   Bowwave2Drogue_v6_addControl_test_sfun_registry.obj
 0001:0002a840       ssSetIsInputPortUsedForContZcSignal 000000018002b840 f   Bowwave2Drogue_v6_addControl_test_sfun_registry.obj
 0001:0002a8b0       ssSetZcSignalIsZcElementDisc 000000018002b8b0 f   Bowwave2Drogue_v6_addControl_test_sfun_registry.obj
 0001:0002a960       ssSetZcSignalName          000000018002b960 f   Bowwave2Drogue_v6_addControl_test_sfun_registry.obj
 0001:0002a9d0       ssSetZcSignalWidth         000000018002b9d0 f   Bowwave2Drogue_v6_addControl_test_sfun_registry.obj
 0001:0002aa40       ssSetZcSignalZcEventType   000000018002ba40 f   Bowwave2Drogue_v6_addControl_test_sfun_registry.obj
 0001:0002aab0       ssSetZcSignalType          000000018002bab0 f   Bowwave2Drogue_v6_addControl_test_sfun_registry.obj
 0001:0002ab20       ssSetZcSignalZcTol         000000018002bb20 f   Bowwave2Drogue_v6_addControl_test_sfun_registry.obj
 0001:0002ab90       ssSetZcSignalNeedsEventNotification 000000018002bb90 f   Bowwave2Drogue_v6_addControl_test_sfun_registry.obj
 0001:0002ac00       ssCreateAndAddZcSignalInfo 000000018002bc00 f   Bowwave2Drogue_v6_addControl_test_sfun_registry.obj
 0001:0002ac70       ssCloneAndAddZcSignalInfo  000000018002bc70 f   Bowwave2Drogue_v6_addControl_test_sfun_registry.obj
 0001:0002ace0       ssGetNumZcSignals          000000018002bce0 f   Bowwave2Drogue_v6_addControl_test_sfun_registry.obj
 0001:0002ad50       ssGetZcSignalVector        000000018002bd50 f   Bowwave2Drogue_v6_addControl_test_sfun_registry.obj
 0001:0002adc0       ssGetZcSignalZcEvents      000000018002bdc0 f   Bowwave2Drogue_v6_addControl_test_sfun_registry.obj
 0001:0002ae30       ssGetZcSignalName          000000018002be30 f   Bowwave2Drogue_v6_addControl_test_sfun_registry.obj
 0001:0002aea0       ssGetZcSignalWidth         000000018002bea0 f   Bowwave2Drogue_v6_addControl_test_sfun_registry.obj
 0001:0002af10       ssGetZcSignalZcEventType   000000018002bf10 f   Bowwave2Drogue_v6_addControl_test_sfun_registry.obj
 0001:0002af80       ssGetZcSignalType          000000018002bf80 f   Bowwave2Drogue_v6_addControl_test_sfun_registry.obj
 0001:0002aff0       ssGetZcSignalZcTol         000000018002bff0 f   Bowwave2Drogue_v6_addControl_test_sfun_registry.obj
 0001:0002b070       ssGetZcSignalNeedsEventNotification 000000018002c070 f   Bowwave2Drogue_v6_addControl_test_sfun_registry.obj
 0001:0002b0e0       ssGetZcSignalIsZcElementDisc 000000018002c0e0 f   Bowwave2Drogue_v6_addControl_test_sfun_registry.obj
 0001:0002b180       ssGetIsInputPortElementContinuous 000000018002c180 f   Bowwave2Drogue_v6_addControl_test_sfun_registry.obj
 0001:0002b220       _ssGetInputPortSignalPtrsFcn 000000018002c220 f   Bowwave2Drogue_v6_addControl_test_sfun_registry.obj
 0001:0002b4e0       _ssGetInputPortSignalFcn   000000018002c4e0 f   Bowwave2Drogue_v6_addControl_test_sfun_registry.obj
 0001:0002b700       _ssSetInputPortDirectFeedThroughFcn 000000018002c700 f   Bowwave2Drogue_v6_addControl_test_sfun_registry.obj
 0001:0002b860       _ssSetInputPortReusableFcn 000000018002c860 f   Bowwave2Drogue_v6_addControl_test_sfun_registry.obj
 0001:0002b950       _ssSetOutputPortReusableFcn 000000018002c950 f   Bowwave2Drogue_v6_addControl_test_sfun_registry.obj
 0001:0002ba30       ssGetDTypeIdFromMxArray    000000018002ca30 f   Bowwave2Drogue_v6_addControl_test_sfun_registry.obj
 0001:0002bb50       ssWriteRTWStr              000000018002cb50 f   Bowwave2Drogue_v6_addControl_test_sfun_registry.obj
 0001:0002bbb0       ssWriteRTWMxVectParam      000000018002cbb0 f   Bowwave2Drogue_v6_addControl_test_sfun_registry.obj
 0001:0002bc10       ssWriteRTWMx2dMatParam     000000018002cc10 f   Bowwave2Drogue_v6_addControl_test_sfun_registry.obj
 0001:0002bc90       ssWriteRTWNameValuePair    000000018002cc90 f   Bowwave2Drogue_v6_addControl_test_sfun_registry.obj
 0001:0002c180       ssWriteRTWParameters       000000018002d180 f   Bowwave2Drogue_v6_addControl_test_sfun_registry.obj
 0001:0002c780       ssWriteRTWParamSettings    000000018002d780 f   Bowwave2Drogue_v6_addControl_test_sfun_registry.obj
 0001:0002ce50       ssWriteRTWWorkVect         000000018002de50 f   Bowwave2Drogue_v6_addControl_test_sfun_registry.obj
 0001:0002d350       mexFunction                000000018002e350 f   Bowwave2Drogue_v6_addControl_test_sfun_registry.obj
 0001:0002f080       ProcessMexSfunctionEveryCall 0000000180030080 f   Bowwave2Drogue_v6_addControl_test_sfun_registry.obj
 0001:0002f1f0       Bowwave2Drogue_v6_addControl_test_initializer 00000001800301f0 f   Bowwave2Drogue_v6_addControl_test_sfun.obj
 0001:0002f200       Bowwave2Drogue_v6_addControl_test_terminator 0000000180030200 f   Bowwave2Drogue_v6_addControl_test_sfun.obj
 0001:0002f210       sf_Bowwave2Drogue_v6_addControl_test_method_dispatcher 0000000180030210 f   Bowwave2Drogue_v6_addControl_test_sfun.obj
 0001:0002f2c0       sf_Bowwave2Drogue_v6_addControl_test_process_check_sum_call 00000001800302c0 f   Bowwave2Drogue_v6_addControl_test_sfun.obj
 0001:0002f710       sf_Bowwave2Drogue_v6_addControl_test_autoinheritance_info 0000000180030710 f   Bowwave2Drogue_v6_addControl_test_sfun.obj
 0001:0002f970       sf_Bowwave2Drogue_v6_addControl_test_get_eml_resolved_functions_info 0000000180030970 f   Bowwave2Drogue_v6_addControl_test_sfun.obj
 0001:0002fb60       sf_Bowwave2Drogue_v6_addControl_test_third_party_uses_info 0000000180030b60 f   Bowwave2Drogue_v6_addControl_test_sfun.obj
 0001:0002fd50       Bowwave2Drogue_v6_addControl_test_debug_initialize 0000000180030d50 f   Bowwave2Drogue_v6_addControl_test_sfun.obj
 0001:0002fdd0       Bowwave2Drogue_v6_addControl_test_register_exported_symbols 0000000180030dd0 f   Bowwave2Drogue_v6_addControl_test_sfun.obj
 0001:0002fde0       load_Bowwave2Drogue_v6_addControl_test_optimization_info 0000000180030de0 f   Bowwave2Drogue_v6_addControl_test_sfun.obj
 0001:0002fe30       unload_Bowwave2Drogue_v6_addControl_test_optimization_info 0000000180030e30 f   Bowwave2Drogue_v6_addControl_test_sfun.obj
 0001:0002ff50       sf_mex_mx_is_numeric       0000000180030f50 f   sfc_mex:sfc_mex.obj
 0001:0002ff90       strcmp_ignore_ws           0000000180030f90 f   sfc_mex:sfc_mex.obj
 0001:000300d0       sf_mex_duplicatearraysafe  00000001800310d0 f   sfc_mex:sfc_mex.obj
 0001:00030230       sf_set_error_debugger_context_message_fcn 0000000180031230 f   sfc_mex:sfc_mex.obj
 0001:00030240       sf_set_debugger_matlab_error_fcn 0000000180031240 f   sfc_mex:sfc_mex.obj
 0001:00030280       sf_set_error_prefix_string 0000000180031280 f   sfc_mex:sfc_mex.obj
 0001:000302b0       sf_get_error_prefix_string 00000001800312b0 f   sfc_mex:sfc_mex.obj
 0001:000302c0       sf_mex_enter_parallel_region 00000001800312c0 f   sfc_mex:sfc_mex.obj
 0001:000302d0       sf_mex_exit_parallel_region 00000001800312d0 f   sfc_mex:sfc_mex.obj
 0001:000302e0       sf_get_current_jmp_buf_ptr 00000001800312e0 f   sfc_mex:sfc_mex.obj
 0001:000302f0       sf_set_current_jmp_buf_ptr 00000001800312f0 f   sfc_mex:sfc_mex.obj
 0001:00030300       sf_mex_set_halt_simulation 0000000180031300 f   sfc_mex:sfc_mex.obj
 0001:00030310       sf_mex_get_halt_simulation 0000000180031310 f   sfc_mex:sfc_mex.obj
 0001:00030320       sf_mex_clear_error_message 0000000180031320 f   sfc_mex:sfc_mex.obj
 0001:00030340       sf_mex_get_error_message_for_read 0000000180031340 f   sfc_mex:sfc_mex.obj
 0001:00030350       sf_mex_get_error_message_buffer_length 0000000180031350 f   sfc_mex:sfc_mex.obj
 0001:00030430       sf_mex_warning_message     0000000180031430 f   sfc_mex:sfc_mex.obj
 0001:000304a0       sf_mex_v_errbuf_createf    00000001800314a0 f   sfc_mex:sfc_mex.obj
 0001:000304b0       sf_mex_errbuf_createf      00000001800314b0 f   sfc_mex:sfc_mex.obj
 0001:000304e0       sf_mex_v_errbuf_catf       00000001800314e0 f   sfc_mex:sfc_mex.obj
 0001:00030520       sf_mex_errbuf_catf         0000000180031520 f   sfc_mex:sfc_mex.obj
 0001:00030570       sf_mex_errbuf_copy         0000000180031570 f   sfc_mex:sfc_mex.obj
 0001:00030580       sf_mex_errbuf_clear        0000000180031580 f   sfc_mex:sfc_mex.obj
 0001:00030590       sf_mex_errbuf_isempty      0000000180031590 f   sfc_mex:sfc_mex.obj
 0001:00030690       sf_mex_set_error_status    0000000180031690 f   sfc_mex:sfc_mex.obj
 0001:000306e0       sf_mex_error_direct_call   00000001800316e0 f   sfc_mex:sfc_mex.obj
 0001:00030700       sf_mex_error_message_no_long_jump 0000000180031700 f   sfc_mex:sfc_mex.obj
 0001:00030720       sf_mex_long_jump_on_error  0000000180031720 f   sfc_mex:sfc_mex.obj
 0001:00030750       sf_mex_call_matlab         0000000180031750 f   sfc_mex:sfc_mex.obj
 0001:00030870       sf_mex_check_builtin       0000000180031870 f   sfc_mex:sfc_mex.obj
 0001:00030910       sf_mex_check_builtin_vs    0000000180031910 f   sfc_mex:sfc_mex.obj
 0001:000309d0       sf_mex_check_enum          00000001800319d0 f   sfc_mex:sfc_mex.obj
 0001:00030a50       sf_mex_create_enum         0000000180031a50 f   sfc_mex:sfc_mex.obj
 0001:00030ac0       sf_mex_get_enum_element    0000000180031ac0 f   sfc_mex:sfc_mex.obj
 0001:00030ad0       sf_mex_createcellarray     0000000180031ad0 f   sfc_mex:sfc_mex.obj
 0001:00030ae0       sf_mex_setcell             0000000180031ae0 f   sfc_mex:sfc_mex.obj
 0001:00030af0       sf_mex_getcell             0000000180031af0 f   sfc_mex:sfc_mex.obj
 0001:00030b00       sf_mex_dup                 0000000180031b00 f   sfc_mex:sfc_mex.obj
 0001:00030b20       sf_mex_assign              0000000180031b20 f   sfc_mex:sfc_mex.obj
 0001:00030ba0       sf_mex_destroy             0000000180031ba0 f   sfc_mex:sfc_mex.obj
 0001:00030bd0       mx_array_has_fi_type       0000000180031bd0 f   sfc_mex:sfc_mex.obj
 0001:00030c00       sf_mex_convert_from_fi     0000000180031c00 f   sfc_mex:sfc_mex.obj
 0001:00030d30       sf_mex_convert_to_double   0000000180031d30 f   sfc_mex:sfc_mex.obj
 0001:00030e50       sf_mex_import_fi_vs        0000000180031e50 f   sfc_mex:sfc_mex.obj
 0001:00031080       sf_matrix_matrix_index_ok  0000000180032080 f   sfc_mex:sfc_mex.obj
 0001:00031110       sf_vector_vector_index_ok  0000000180032110 f   sfc_mex:sfc_mex.obj
 0001:00031140       ssGetCurrentInputPortDimensions_wrapper 0000000180032140 f   sfc_mex:sfc_mex.obj
 0001:00031160       ssGetCurrentOutputPortDimensions_wrapper 0000000180032160 f   sfc_mex:sfc_mex.obj
 0001:00031180       sf_mex_emlrt_context_is_debug_mode 0000000180032180 f   sfc_mex:sfc_mex.obj
 0001:00031190       sf_mex_emlrt_context_set_debug_mode 0000000180032190 f   sfc_mex:sfc_mex.obj
 0001:000311a0       sf_mex_emlrtNameCapturePostProcessR2012a 00000001800321a0 f   sfc_mex:sfc_mex.obj
 0001:00031210       sf_clear_error_manager_info 0000000180032210 f   sfc_mex:sfc_mex.obj
 0001:00031270       sf_mex_stop_simulation_abruptly_wo_error 0000000180032270 f   sfc_mex:sfc_mex.obj
 0001:000312b0       sf_mex_error_message       00000001800322b0 f   sfc_mex:sfc_mex.obj
 0001:00031320       sf_react_to_error_in_matlab_call 0000000180032320 f   sfc_mex:sfc_mex.obj
 0001:00031350       sf_mex_addfield            0000000180032350 f   sfc_mex:sfc_mex.obj
 0001:000313f0       sf_mex_getfield            00000001800323f0 f   sfc_mex:sfc_mex.obj
 0001:000316f0       sf_mex_check_class         00000001800326f0 f   sfc_mex:sfc_mex.obj
 0001:00031790       sf_mex_is_real             0000000180032790 f   sfc_mex:sfc_mex.obj
 0001:00031c00       sf_mex_decode_encoded_mx_struct_array 0000000180032c00 f   sfc_mex:sfc_mex.obj
 0001:00031ef0       sf_mex_lw_bounds_check     0000000180032ef0 f   sfc_mex:sfc_mex.obj
 0001:00031f20       sf_mex_lw_size_eq_check_1d 0000000180032f20 f   sfc_mex:sfc_mex.obj
 0001:00031f40       sf_mex_lw_size_eq_check_nd 0000000180032f40 f   sfc_mex:sfc_mex.obj
 0001:00032120       sf_mex_lw_dim_size_eq_check 0000000180033120 f   sfc_mex:sfc_mex.obj
 0001:00032150       sf_mex_lw_dim_size_geq_check 0000000180033150 f   sfc_mex:sfc_mex.obj
 0001:00032180       sf_mex_lw_sub_assign_size_check_nd 0000000180033180 f   sfc_mex:sfc_mex.obj
 0001:00032350       sf_mex_lw_runtime_error_msgid 0000000180033350 f   sfc_mex:sfc_mex.obj
 0001:00032440       sf_mex_lw_matrix_matrix_index_check 0000000180033440 f   sfc_mex:sfc_mex.obj
 0001:00032460       sf_mex_lw_vector_vector_index_check 0000000180033460 f   sfc_mex:sfc_mex.obj
 0001:000324a0       sf_mex_lw_for_loop_vector_check 00000001800334a0 f   sfc_mex:sfc_mex.obj
 0001:00032530       sf_mex_lw_non_negative_check 0000000180033530 f   sfc_mex:sfc_mex.obj
 0001:00032570       sf_mex_overflow_error      0000000180033570 f   sfc_mex:sfc_mex.obj
 0001:00032580       sf_mex_dividebyzero_error  0000000180033580 f   sfc_mex:sfc_mex.obj
 0001:00032590       sf_mex_unsafe_enum_error   0000000180033590 f   sfc_mex:sfc_mex.obj
 0001:000325a0       sf_emlrtErrHandler         00000001800335a0 f   sfc_mex:sfc_mex.obj
 0001:00032680       sf_mex_size_one_check      0000000180033680 f   sfc_mex:sfc_mex.obj
 0001:000326a0       sf_mex_printf              00000001800336a0 f   sfc_mex:sfc_mex.obj
 0001:00032870       sf_mex_check_size          0000000180033870 f   sfc_mex:sfc_mex.obj
 0001:00032b10       sf_mex_check_struct        0000000180033b10 f   sfc_mex:sfc_mex.obj
 0001:00032d70       sf_mex_check_struct_vs     0000000180033d70 f   sfc_mex:sfc_mex.obj
 0001:00032e00       sf_mex_check_fi            0000000180033e00 f   sfc_mex:sfc_mex.obj
 0001:00032f00       sf_mex_check_fi_vs         0000000180033f00 f   sfc_mex:sfc_mex.obj
 0001:00032fa0       sf_echo_expression         0000000180033fa0 f   sfc_mex:sfc_mex.obj
 0001:00033000       sf_assertion_failed        0000000180034000 f   sfc_mex:sfc_mex.obj
 0001:000332e0       sf_mex_evalin              00000001800342e0 f   sfc_mex:sfc_mex.obj
 0001:00033550       sf_mex_export              0000000180034550 f   sfc_mex:sfc_mex.obj
 0001:00033610       sf_mex_get_ml_var_no_error 0000000180034610 f   sfc_mex:sfc_mex.obj
 0001:000337b0       sf_mex_get_ml_var          00000001800347b0 f   sfc_mex:sfc_mex.obj
 0001:00033c40       ml_set_element_value_in_array 0000000180034c40 f   sfc_mex:sfc_mex.obj
 0001:00034d00       sf_mex_call_impl           0000000180035d00 f   sfc_mex:sfc_mex.obj
 0001:00035120       sf_mex_call_debug          0000000180036120 f   sfc_mex:sfc_mex.obj
 0001:00035150       sf_mex_call                0000000180036150 f   sfc_mex:sfc_mex.obj
 0001:000357a0       sf_mex_createstruct        00000001800367a0 f   sfc_mex:sfc_mex.obj
 0001:000358b0       sf_mex_createstructarray   00000001800368b0 f   sfc_mex:sfc_mex.obj
 0001:00035930       sf_mex_get_mx_datatype_from_sf_datatype 0000000180036930 f   sfc_mex:sfc_mex.obj
 0001:00035c40       sf_mex_ml_var_sub          0000000180036c40 f   sfc_mex:sfc_mex.obj
 0001:00035e20       sf_mex_ml_var_subsasgn     0000000180036e20 f   sfc_mex:sfc_mex.obj
 0001:00036220       sf_mex_sub                 0000000180037220 f   sfc_mex:sfc_mex.obj
 0001:00036430       sf_mex_subsasgn            0000000180037430 f   sfc_mex:sfc_mex.obj
 0001:00036940       sf_mex_create              0000000180037940 f   sfc_mex:sfc_mex.obj
 0001:000372e0       sf_mex_import_named        00000001800382e0 f   sfc_mex:sfc_mex.obj
 0001:00037340       sf_mex_import              0000000180038340 f   sfc_mex:sfc_mex.obj
 0001:00037390       sf_mex_import_vs           0000000180038390 f   sfc_mex:sfc_mex.obj
 0001:000374a0       sf_mex_lower_fixpt_mx_array 00000001800384a0 f   sfc_mex:sfc_mex.obj
 0001:000377a0       sf_send_message_wrapper    00000001800387a0 f   sfc_mex:sfc_sf.obj
 0001:000377d0       sf_receive_message_wrapper 00000001800387d0 f   sfc_mex:sfc_sf.obj
 0001:00037810       sf_check_out_message_wrapper 0000000180038810 f   sfc_mex:sfc_sf.obj
 0001:00037850       sf_check_in_message_wrapper 0000000180038850 f   sfc_mex:sfc_sf.obj
 0001:00037890       sf_no_message_wrapper      0000000180038890 f   sfc_mex:sfc_sf.obj
 0001:00037c20       sim_mode_is_rtw_gen        0000000180038c20 f   sfc_mex:sfc_sf.obj
 0001:00037c50       sim_mode_is_external       0000000180038c50 f   sfc_mex:sfc_sf.obj
 0001:00037c60       sim_mode_is_modelref_sim   0000000180038c60 f   sfc_mex:sfc_sf.obj
 0001:00037c80       mdlInitializeSizes         0000000180038c80 f   sfc_mex:sfc_sf.obj
 0001:00037ca0       mdlInitializeSampleTimes   0000000180038ca0 f   sfc_mex:sfc_sf.obj
 0001:00037ce0       mdlZeroCrossings           0000000180038ce0 f   sfc_mex:sfc_sf.obj
 0001:00037dd0       mdlDerivatives             0000000180038dd0 f   sfc_mex:sfc_sf.obj
 0001:00037e90       mdl_initialize_conditions_processing 0000000180038e90 f   sfc_mex:sfc_sf.obj
 0001:00037ec0       mdlInitializeConditions    0000000180038ec0 f   sfc_mex:sfc_sf.obj
 0001:00037f80       mdlGetSimState             0000000180038f80 f   sfc_mex:sfc_sf.obj
 0001:00037f90       mdlSetSimState             0000000180038f90 f   sfc_mex:sfc_sf.obj
 0001:00037fa0       mdl_ext_mode_exec_processing 0000000180038fa0 f   sfc_mex:sfc_sf.obj
 0001:00037fc0       mdlExtModeExec             0000000180038fc0 f   sfc_mex:sfc_sf.obj
 0001:00038160       mdlTerminate               0000000180039160 f   sfc_mex:sfc_sf.obj
 0001:000381d0       mdlRTW                     00000001800391d0 f   sfc_mex:sfc_sf.obj
 0001:00038200       mdlSetWorkWidths           0000000180039200 f   sfc_mex:sfc_sf.obj
 0001:00038210       mdlProcessParameters       0000000180039210 f   sfc_mex:sfc_sf.obj
 0001:00038220       mdl_start_processing       0000000180039220 f   sfc_mex:sfc_sf.obj
 0001:00038280       mdlStart                   0000000180039280 f   sfc_mex:sfc_sf.obj
 0001:00038390       mdlEnable                  0000000180039390 f   sfc_mex:sfc_sf.obj
 0001:00038470       mdlDisable                 0000000180039470 f   sfc_mex:sfc_sf.obj
 0001:00038530       sf_get_chart_instance_ptr  0000000180039530 f   sfc_mex:sfc_sf.obj
 0001:00038550       sf_load_rtw_optimization_info 0000000180039550 f   sfc_mex:sfc_sf.obj
 0001:00038620       sf_update_buildInfo        0000000180039620 f   sfc_mex:sfc_sf.obj
 0001:00038720       sf_rtw_info_uint_prop      0000000180039720 f   sfc_mex:sfc_sf.obj
 0001:00038860       sf_is_chart_inlinable      0000000180039860 f   sfc_mex:sfc_sf.obj
 0001:00038880       sf_mark_output_events_with_multiple_callers 0000000180039880 f   sfc_mex:sfc_sf.obj
 0001:00038a10       sf_mark_chart_reusable_outputs 0000000180039a10 f   sfc_mex:sfc_sf.obj
 0001:00038c70       sf_mark_chart_expressionable_inputs 0000000180039c70 f   sfc_mex:sfc_sf.obj
 0001:00038ed0       sf_get_subchart_simstruct  0000000180039ed0 f   sfc_mex:sfc_sf.obj
 0001:00038f20       sf_get_fixpt_data_type_id  0000000180039f20 f   sfc_mex:sfc_sf.obj
 0001:00038f60       sf_get_enum_data_type_id   0000000180039f60 f   sfc_mex:sfc_sf.obj
 0001:00038fa0       sf_get_param_data_type_id  0000000180039fa0 f   sfc_mex:sfc_sf.obj
 0001:00038fd0       sf_mex_listen_for_ctrl_c_force 0000000180039fd0 f   sfc_mex:sfc_sf.obj
 0001:000390e0       sf_mex_draw_now            000000018003a0e0 f   sfc_mex:sfc_sf.obj
 0001:00039120       sf_mex_set_debugger_sim_status_listener_fcn 000000018003a120 f   sfc_mex:sfc_sf.obj
 0001:00039130       sf_mex_listen_for_ctrl_c   000000018003a130 f   sfc_mex:sfc_sf.obj
 0001:000391d0       sf_mex_get_sfun_param      000000018003a1d0 f   sfc_mex:sfc_sf.obj
 0001:00039220       sf_get_runtime_param_data  000000018003a220 f   sfc_mex:sfc_sf.obj
 0001:00039260       sf_call_output_fcn_call    000000018003a260 f   sfc_mex:sfc_sf.obj
 0001:000393a0       sf_call_output_fcn_enable  000000018003a3a0 f   sfc_mex:sfc_sf.obj
 0001:00039430       sf_call_output_fcn_disable 000000018003a430 f   sfc_mex:sfc_sf.obj
 0001:000394c0       sf_clear_rtw_identifier    000000018003a4c0 f   sfc_mex:sfc_sf.obj
 0001:00039ce0       sf_set_encoded_dwork_info  000000018003ace0 f   sfc_mex:sfc_sf.obj
 0001:00039d30       sf_get_dwork_info_from_mat_file 000000018003ad30 f   sfc_mex:sfc_sf.obj
 0001:00039ef0       sf_set_rtw_dwork_info      000000018003aef0 f   sfc_mex:sfc_sf.obj
 0001:0003a060       mdlOutputs                 000000018003b060 f   sfc_mex:sfc_sf.obj
 0001:0003a180       sf_debug_chart_instance_initialized_quick 000000018003b180 f   sfc_debug:sfcdebug.obj
 0001:0003a200       sf_debug_disp              000000018003b200 f   sfc_debug:sfcdebug.obj
 0001:0003a4d0       sf_debug_data_runtime_size_mismatch_error_check 000000018003b4d0 f   sfc_debug:sfcdebug.obj
 0001:0003a580       sf_debug_try_loading_machine 000000018003b580 f   sfc_debug:sfcdebug.obj
 0001:0003a680       sf_debug_reset_current_state_configuration 000000018003b680 f   sfc_debug:sfcdebug.obj
 0001:0003a700       sf_debug_store_current_state_configuration 000000018003b700 f   sfc_debug:sfcdebug.obj
 0001:0003a780       sf_debug_restore_previous_state_configuration 000000018003b780 f   sfc_debug:sfcdebug.obj
 0001:0003a800       sf_debug_restore_previous_state_configuration2 000000018003b800 f   sfc_debug:sfcdebug.obj
 0001:0003a880       sf_debug_get_event_scope   000000018003b880 f   sfc_debug:sfcdebug.obj
 0001:0003a9f0       use_debugger_step_animation 000000018003b9f0 f   sfc_debug:sfcdebug.obj
 0001:0003aa10       sf_debug_get_script_id     000000018003ba10 f   sfc_debug:sfcdebug.obj
 0001:0003aaa0       sf_debug_set_script_translation 000000018003baa0 f   sfc_debug:sfcdebug.obj
 0001:0003ac20       sf_debug_extract_message_post_receive_info 000000018003bc20 f   sfc_debug:sfcdebug.obj
 0001:0003ade0       sf_debug_get_current_machine_id 000000018003bde0 f   sfc_debug:sfcdebug.obj
 0001:0003ae00       sf_debug_get_current_optional_integer 000000018003be00 f   sfc_debug:sfcdebug.obj
 0001:0003ae10       sf_debug_get_current_machine_number 000000018003be10 f   sfc_debug:sfcdebug.obj
 0001:0003ae30       sf_debug_get_current_machine_name 000000018003be30 f   sfc_debug:sfcdebug.obj
 0001:0003ae50       sf_debug_get_current_chart_id 000000018003be50 f   sfc_debug:sfcdebug.obj
 0001:0003ae90       sf_debug_get_current_chart_number 000000018003be90 f   sfc_debug:sfcdebug.obj
 0001:0003aea0       sf_debug_get_current_instance_number 000000018003bea0 f   sfc_debug:sfcdebug.obj
 0001:0003aeb0       sf_debug_get_current_is_minor_time_step 000000018003beb0 f   sfc_debug:sfcdebug.obj
 0001:0003af30       sf_debug_get_current_object_type 000000018003bf30 f   sfc_debug:sfcdebug.obj
 0001:0003af40       sf_debug_get_current_instance_handle 000000018003bf40 f   sfc_debug:sfcdebug.obj
 0001:0003afa0       sf_debug_get_current_event_type 000000018003bfa0 f   sfc_debug:sfcdebug.obj
 0001:0003afb0       sf_debug_get_current_object_id 000000018003bfb0 f   sfc_debug:sfcdebug.obj
 0001:0003aff0       sf_debug_get_current_active_event_type 000000018003bff0 f   sfc_debug:sfcdebug.obj
 0001:0003b000       sf_debug_get_current_active_event_id 000000018003c000 f   sfc_debug:sfcdebug.obj
 0001:0003b040       sf_debug_get_current_tag_type 000000018003c040 f   sfc_debug:sfcdebug.obj
 0001:0003b050       sf_debug_get_current_simulation_time 000000018003c050 f   sfc_debug:sfcdebug.obj
 0001:0003b060       sf_debug_get_current_coverage_percentage 000000018003c060 f   sfc_debug:sfcdebug.obj
 0001:0003b070       sf_debug_current_statement_context 000000018003c070 f   sfc_debug:sfcdebug.obj
 0001:0003b0f0       sf_debug_get_current_statement_info 000000018003c0f0 f   sfc_debug:sfcdebug.obj
 0001:0003b290       sf_debug_terminate_instance 000000018003c290 f   sfc_debug:sfcdebug.obj
 0001:0003b5b0       sf_debug_assertion_failed  000000018003c5b0 f   sfc_debug:sfcdebug.obj
 0001:0003b780       sf_debug_create_debug_instance_struct 000000018003c780 f   sfc_debug:sfcdebug.obj
 0001:0003b7d0       sf_debug_set_number_of_data_with_change_event_for_machine 000000018003c7d0 f   sfc_debug:sfcdebug.obj
 0001:0003b820       sf_debug_set_machine_event_thresholds 000000018003c820 f   sfc_debug:sfcdebug.obj
 0001:0003b840       sf_debug_set_machine_event_scope 000000018003c840 f   sfc_debug:sfcdebug.obj
 0001:0003b890       sf_debug_set_machine_data_thresholds 000000018003c890 f   sfc_debug:sfcdebug.obj
 0001:0003b8e0       sf_debug_set_machine_data_scope 000000018003c8e0 f   sfc_debug:sfcdebug.obj
 0001:0003b980       sf_debug_set_machine_data_name 000000018003c980 f   sfc_debug:sfcdebug.obj
 0001:0003ba30       sf_debug_set_machine_data_size 000000018003ca30 f   sfc_debug:sfcdebug.obj
 0001:0003bb80       sf_debug_set_machine_data_type 000000018003cb80 f   sfc_debug:sfcdebug.obj
 0001:0003bcf0       sf_debug_get_chart_data_number 000000018003ccf0 f   sfc_debug:sfcdebug.obj
 0001:0003bd10       sf_debug_get_chart_event_number 000000018003cd10 f   sfc_debug:sfcdebug.obj
 0001:0003bd30       sf_debug_set_chart_state_info 000000018003cd30 f   sfc_debug:sfcdebug.obj
 0001:0003bdc0       sf_debug_set_chart_decomposition 000000018003cdc0 f   sfc_debug:sfcdebug.obj
 0001:0003be30       sf_debug_set_chart_substate_count 000000018003ce30 f   sfc_debug:sfcdebug.obj
 0001:0003bf10       sf_debug_set_chart_substate_index 000000018003cf10 f   sfc_debug:sfcdebug.obj
 0001:0003bf90       sf_debug_set_chart_state_substate_count 000000018003cf90 f   sfc_debug:sfcdebug.obj
 0001:0003c0b0       sf_debug_set_chart_state_substate_index 000000018003d0b0 f   sfc_debug:sfcdebug.obj
 0001:0003c140       sf_debug_set_number_of_data_with_change_event_for_chart 000000018003d140 f   sfc_debug:sfcdebug.obj
 0001:0003c1d0       sf_debug_set_number_of_states_with_entry_event_for_chart 000000018003d1d0 f   sfc_debug:sfcdebug.obj
 0001:0003c250       sf_debug_set_number_of_states_with_exit_event_for_chart 000000018003d250 f   sfc_debug:sfcdebug.obj
 0001:0003c2d0       sf_debug_set_chart_disable_implicit_casting 000000018003d2d0 f   sfc_debug:sfcdebug.obj
 0001:0003c340       sf_debug_set_chart_event_thresholds 000000018003d340 f   sfc_debug:sfcdebug.obj
 0001:0003c3c0       sf_debug_set_chart_data_compiled_props 000000018003d3c0 f   sfc_debug:sfcdebug.obj
 0001:0003c700       sf_debug_set_chart_data_props 000000018003d700 f   sfc_debug:sfcdebug.obj
 0001:0003ca20       sf_debug_check_fi_license  000000018003da20 f   sfc_debug:sfcdebug.obj
 0001:0003cbe0       sf_debug_symbol_scope_push 000000018003dbe0 f   sfc_debug:sfcdebug.obj
 0001:0003cc20       sf_debug_symbol_scope_push_eml 000000018003dc20 f   sfc_debug:sfcdebug.obj
 0001:0003cc70       sf_debug_symbol_scope_pop  000000018003dc70 f   sfc_debug:sfcdebug.obj
 0001:0003ccb0       sf_debug_symbol_scope_add_importable 000000018003dcb0 f   sfc_debug:sfcdebug.obj
 0001:0003cd30       sf_debug_symbol_scope_add  000000018003dd30 f   sfc_debug:sfcdebug.obj
 0001:0003cdb0       sf_debug_symbol_scope_add_dyn_importable 000000018003ddb0 f   sfc_debug:sfcdebug.obj
 0001:0003ce70       sf_debug_symbol_scope_add_dyn 000000018003de70 f   sfc_debug:sfcdebug.obj
 0001:0003ceb0       sf_debug_symbol_scope_add_eml_importable 000000018003deb0 f   sfc_debug:sfcdebug.obj
 0001:0003cef0       sf_debug_symbol_scope_add_eml 000000018003def0 f   sfc_debug:sfcdebug.obj
 0001:0003cf30       sf_debug_symbol_scope_add_eml_dyn_importable 000000018003df30 f   sfc_debug:sfcdebug.obj
 0001:0003cf90       sf_debug_symbol_scope_add_eml_dyn 000000018003df90 f   sfc_debug:sfcdebug.obj
 0001:0003cff0       sf_debug_symbol_switch     000000018003dff0 f   sfc_debug:sfcdebug.obj
 0001:0003d010       sf_debug_symbol_scope_add_verbose 000000018003e010 f   sfc_debug:sfcdebug.obj
 0001:0003d0e0       sf_debug_set_machine_data_value_ptr 000000018003e0e0 f   sfc_debug:sfcdebug.obj
 0001:0003d120       sf_debug_set_instance_data_value_ptr 000000018003e120 f   sfc_debug:sfcdebug.obj
 0001:0003d1f0       sf_debug_unset_instance_data_value_ptr 000000018003e1f0 f   sfc_debug:sfcdebug.obj
 0001:0003d2a0       sf_debug_set_chart_event_scope 000000018003e2a0 f   sfc_debug:sfcdebug.obj
 0001:0003d320       sf_debug_set_chart_transition_coverage_maps 000000018003e320 f   sfc_debug:sfcdebug.obj
 0001:0003d420       sf_debug_set_chart_state_coverage_maps 000000018003e420 f   sfc_debug:sfcdebug.obj
 0001:0003d4f0       sf_debug_set_instance_transition_coverage_weights 000000018003e4f0 f   sfc_debug:sfcdebug.obj
 0001:0003d580       sf_debug_set_instance_state_coverage_weights 000000018003e580 f   sfc_debug:sfcdebug.obj
 0001:0003d7d0       sf_debug_unload_machine    000000018003e7d0 f   sfc_debug:sfcdebug.obj
 0001:0003d820       sf_debug_load_machine      000000018003e820 f   sfc_debug:sfcdebug.obj
 0001:0003d930       sf_debug_set_active_instance_in_data_dictionary 000000018003e930 f   sfc_debug:sfcdebug.obj
 0001:0003db10       sf_debug_set_active_instance 000000018003eb10 f   sfc_debug:sfcdebug.obj
 0001:0003dc70       sf_debug_chart_visiblity_change 000000018003ec70 f   sfc_debug:sfcdebug.obj
 0001:0003dd60       sf_debug_select_chart      000000018003ed60 f   sfc_debug:sfcdebug.obj
 0001:0003dec0       sf_debug_set_instance_cv_ids 000000018003eec0 f   sfc_debug:sfcdebug.obj
 0001:0003e1f0       sf_debug_select_charts     000000018003f1f0 f   sfc_debug:sfcdebug.obj
 0001:0003e3a0       sf_debug_initialized       000000018003f3a0 f   sfc_debug:sfcdebug.obj
 0001:0003e3c0       sf_debug_is_uninterruptible 000000018003f3c0 f   sfc_debug:sfcdebug.obj
 0001:0003e3f0       sf_debug_initialize_debugger_gui 000000018003f3f0 f   sfc_debug:sfcdebug.obj
 0001:0003e7d0       sf_debug_resume            000000018003f7d0 f   sfc_debug:sfcdebug.obj
 0001:0003e7f0       sf_debug_go                000000018003f7f0 f   sfc_debug:sfcdebug.obj
 0001:0003e800       sf_debug_break             000000018003f800 f   sfc_debug:sfcdebug.obj
 0001:0003e810       sf_debug_step_over         000000018003f810 f   sfc_debug:sfcdebug.obj
 0001:0003e820       sf_debug_step_out          000000018003f820 f   sfc_debug:sfcdebug.obj
 0001:0003e830       sf_debug_set_disable_all_breakpoints 000000018003f830 f   sfc_debug:sfcdebug.obj
 0001:0003e840       sf_debug_disable_all_breakpoints_and_go 000000018003f840 f   sfc_debug:sfcdebug.obj
 0001:0003e850       sf_debug_break_on_chart_entry 000000018003f850 f   sfc_debug:sfcdebug.obj
 0001:0003e860       sf_debug_break_on_event_broadcast 000000018003f860 f   sfc_debug:sfcdebug.obj
 0001:0003e870       sf_debug_break_on_state_entry 000000018003f870 f   sfc_debug:sfcdebug.obj
 0001:0003e880       sf_debug_break_between_times 000000018003f880 f   sfc_debug:sfcdebug.obj
 0001:0003e8a0       sf_debug_browse_data       000000018003f8a0 f   sfc_debug:sfcdebug.obj
 0001:0003e8b0       sf_debug_watch_data        000000018003f8b0 f   sfc_debug:sfcdebug.obj
 0001:0003e8e0       sf_debug_assign_data       000000018003f8e0 f   sfc_debug:sfcdebug.obj
 0001:0003e8f0       sf_debug_whos              000000018003f8f0 f   sfc_debug:sfcdebug.obj
 0001:0003e910       sf_debug_get_consistency_info 000000018003f910 f   sfc_debug:sfcdebug.obj
 0001:0003e920       sf_debug_browse_trace      000000018003f920 f   sfc_debug:sfcdebug.obj
 0001:0003e930       sf_debug_set_breakpoints   000000018003f930 f   sfc_debug:sfcdebug.obj
 0001:0003eaa0       sf_debug_set_eml_breakpoints 000000018003faa0 f   sfc_debug:sfcdebug.obj
 0001:0003ec00       sf_debug_set_script_breakpoints 000000018003fc00 f   sfc_debug:sfcdebug.obj
 0001:0003ec80       sf_debug_add_script_breakpoints 000000018003fc80 f   sfc_debug:sfcdebug.obj
 0001:0003ecf0       sf_debug_clear_script_breakpoints 000000018003fcf0 f   sfc_debug:sfcdebug.obj
 0001:0003ed60       sf_debug_query_script_breakpoints 000000018003fd60 f   sfc_debug:sfcdebug.obj
 0001:0003ee10       sf_debug_get_eml_script_id 000000018003fe10 f   sfc_debug:sfcdebug.obj
 0001:0003ee60       sf_debug_set_watch         000000018003fe60 f   sfc_debug:sfcdebug.obj
 0001:0003f080       sf_debug_get_instance_handle 0000000180040080 f   sfc_debug:sfcdebug.obj
 0001:0003f110       sf_debug_get_active_states 0000000180040110 f   sfc_debug:sfcdebug.obj
 0001:0003f120       sf_debug_set_honor_breakpoints 0000000180040120 f   sfc_debug:sfcdebug.obj
 0001:0003f130       sf_debug_get_animation     0000000180040130 f   sfc_debug:sfcdebug.obj
 0001:0003f140       sf_debug_set_animation     0000000180040140 f   sfc_debug:sfcdebug.obj
 0001:0003f150       sf_debug_animate           0000000180040150 f   sfc_debug:sfcdebug.obj
 0001:0003f170       sf_debug_cycle_detection_check 0000000180040170 f   sfc_debug:sfcdebug.obj
 0001:0003f180       sf_debug_data_range_check  0000000180040180 f   sfc_debug:sfcdebug.obj
 0001:0003f190       sf_debug_transition_conflict_check 0000000180040190 f   sfc_debug:sfcdebug.obj
 0001:0003f1a0       sf_debug_state_consistency_check 00000001800401a0 f   sfc_debug:sfcdebug.obj
 0001:0003f1b0       sf_debug_data_range_check_enabled 00000001800401b0 f   sfc_debug:sfcdebug.obj
 0001:0003f1d0       sf_debug_transition_conflict_check_enabled 00000001800401d0 f   sfc_debug:sfcdebug.obj
 0001:0003f1f0       sf_debug_transition_conflict_check_begin 00000001800401f0 f   sfc_debug:sfcdebug.obj
 0001:0003f210       sf_debug_transition_conflict_check_end 0000000180040210 f   sfc_debug:sfcdebug.obj
 0001:0003f230       sf_debug_stop_debugging    0000000180040230 f   sfc_debug:sfcdebug.obj
 0001:0003f260       sf_debug_is_cycle_detected 0000000180040260 f   sfc_debug:sfcdebug.obj
 0001:0003f270       sf_debug_is_array_bounds_detected 0000000180040270 f   sfc_debug:sfcdebug.obj
 0001:0003f280       sf_debug_get_state_vectors_data_size 0000000180040280 f   sfc_debug:sfcdebug.obj
 0001:0003f2c0       sf_debug_get_state_vectors_data 00000001800402c0 f   sfc_debug:sfcdebug.obj
 0001:0003f3d0       sf_debug_set_state_vectors_data 00000001800403d0 f   sfc_debug:sfcdebug.obj
 0001:0003f660       sf_debug_get_script_index  0000000180040660 f   sfc_debug:sfcdebug.obj
 0001:0003f7f0       sf_debug_add_script        00000001800407f0 f   sfc_debug:sfcdebug.obj
 0001:0003f980       cv_eval_point              0000000180040980 f   sfc_debug:sfcdebug.obj
 0001:0003faf0       cv_eval_testobjective      0000000180040af0 f   sfc_debug:sfcdebug.obj
 0001:0003fc00       sf_debug_cv_init_state     0000000180040c00 f   sfc_debug:sfcdebug.obj
 0001:0003fd30       sf_debug_cv_init_chart     0000000180040d30 f   sfc_debug:sfcdebug.obj
 0001:0003fe20       sf_debug_cv_init_trans     0000000180040e20 f   sfc_debug:sfcdebug.obj
 0001:0003ff30       sf_debug_cv_init_saturation 0000000180040f30 f   sfc_debug:sfcdebug.obj
 0001:00040030       sf_debug_cv_init_testobjectives 0000000180041030 f   sfc_debug:sfcdebug.obj
 0001:00040210       cv_eml_init_script         0000000180041210 f   sfc_debug:sfcdebug.obj
 0001:00040330       cv_eml_init_fcn            0000000180041330 f   sfc_debug:sfcdebug.obj
 0001:00040440       cv_eml_init_testobjective  0000000180041440 f   sfc_debug:sfcdebug.obj
 0001:00040520       cv_eml_init_saturation     0000000180041520 f   sfc_debug:sfcdebug.obj
 0001:000405f0       cv_eml_init_if             00000001800415f0 f   sfc_debug:sfcdebug.obj
 0001:000406d0       cv_eml_init_for            00000001800416d0 f   sfc_debug:sfcdebug.obj
 0001:000407a0       cv_eml_init_while          00000001800417a0 f   sfc_debug:sfcdebug.obj
 0001:00040870       cv_eml_init_mcdc           0000000180041870 f   sfc_debug:sfcdebug.obj
 0001:00040990       cv_eml_init_switch         0000000180041990 f   sfc_debug:sfcdebug.obj
 0001:00040a90       cv_eml_eval                0000000180041a90 f   sfc_debug:sfcdebug.obj
 0001:00040b80       sf_debug_bm_is_a_eml_breakpoint 0000000180041b80 f   sfc_debug:sfcdebug.obj
 0001:00040cd0       sf_debug_temporal_threshold 0000000180041cd0 f   sfc_debug:sfcdebug.obj
 0001:00041040       sf_debug_transition_conflict_error 0000000180042040 f   sfc_debug:sfcdebug.obj
 0001:000413a0       sf_debug_state_inconsistency_error 00000001800423a0 f   sfc_debug:sfcdebug.obj
 0001:000414c0       sf_debug_check_for_state_inconsistency 00000001800424c0 f   sfc_debug:sfcdebug.obj
 0001:00041500       sf_debug_cycle_detecton_error 0000000180042500 f   sfc_debug:sfcdebug.obj
 0001:00041c50       sf_debug_size_eq_check_1d  0000000180042c50 f   sfc_debug:sfcdebug.obj
 0001:00041c70       sf_debug_size_eq_check_nd  0000000180042c70 f   sfc_debug:sfcdebug.obj
 0001:00041e70       sf_debug_dim_size_eq_check 0000000180042e70 f   sfc_debug:sfcdebug.obj
 0001:00041ea0       sf_debug_dim_size_geq_check 0000000180042ea0 f   sfc_debug:sfcdebug.obj
 0001:00041ed0       sf_debug_sub_assign_size_check_nd 0000000180042ed0 f   sfc_debug:sfcdebug.obj
 0001:000420b0       sf_debug_matrix_matrix_index_check 00000001800430b0 f   sfc_debug:sfcdebug.obj
 0001:00042100       sf_debug_vector_vector_index_check 0000000180043100 f   sfc_debug:sfcdebug.obj
 0001:00042150       sf_debug_for_loop_vector_check 0000000180043150 f   sfc_debug:sfcdebug.obj
 0001:000421f0       sf_debug_runtime_error_msgid 00000001800431f0 f   sfc_debug:sfcdebug.obj
 0001:00042290       sf_debug_data_array_bounds_error_check 0000000180043290 f   sfc_debug:sfcdebug.obj
 0001:000423a0       sf_debug_eml_data_array_bounds_error_check 00000001800433a0 f   sfc_debug:sfcdebug.obj
 0001:00042860       sf_debug_integer_check     0000000180043860 f   sfc_debug:sfcdebug.obj
 0001:00042950       sf_debug_not_nan_check     0000000180043950 f   sfc_debug:sfcdebug.obj
 0001:00042a20       sf_debug_non_negative_check 0000000180043a20 f   sfc_debug:sfcdebug.obj
 0001:00042af0       sf_debug_overflow_detection 0000000180043af0 f   sfc_debug:sfcdebug.obj
 0001:00043150       sf_debug_cast_to_real32_T  0000000180044150 f   sfc_debug:sfcdebug.obj
 0001:00043220       sf_debug_cast_to_int8_T    0000000180044220 f   sfc_debug:sfcdebug.obj
 0001:000432f0       sf_debug_cast_to_uint8_T   00000001800442f0 f   sfc_debug:sfcdebug.obj
 0001:000433c0       sf_debug_cast_to_int16_T   00000001800443c0 f   sfc_debug:sfcdebug.obj
 0001:00043490       sf_debug_cast_to_uint16_T  0000000180044490 f   sfc_debug:sfcdebug.obj
 0001:00043560       sf_debug_cast_to_int32_T   0000000180044560 f   sfc_debug:sfcdebug.obj
 0001:00043630       sf_debug_cast_to_uint32_T  0000000180044630 f   sfc_debug:sfcdebug.obj
 0001:00043700       sf_debug_data_range_error  0000000180044700 f   sfc_debug:sfcdebug.obj
 0001:00043a10       sf_debug_read_before_write_check 0000000180044a10 f   sfc_debug:sfcdebug.obj
 0001:00043e40       sf_debug_data_range_error_wrapper_min_max 0000000180044e40 f   sfc_debug:sfcdebug.obj
 0001:00043f60       sf_debug_data_range_error_wrapper_min 0000000180044f60 f   sfc_debug:sfcdebug.obj
 0001:00044070       sf_debug_data_range_error_wrapper_max 0000000180045070 f   sfc_debug:sfcdebug.obj
 0001:00044180       sf_debug_data_range_wrapper 0000000180045180 f   sfc_debug:sfcdebug.obj
 0001:00044240       sf_debug_set_current_status_info 0000000180045240 f   sfc_debug:sfcdebug.obj
 0001:000445e0       sf_debug_register_message_post_receive_info 00000001800455e0 f   sfc_debug:sfcdebug.obj
 0001:00044830       sf_debug_call              0000000180045830 f   sfc_debug:sfcdebug.obj
 0001:00045190       sf_debug_initialize_machine 0000000180046190 f   sfc_debug:sfcdebug.obj
 0001:00045440       sf_debug_initialize_chart  0000000180046440 f   sfc_debug:sfcdebug.obj
 0001:00045890       sf_debug_ensure_script     0000000180046890 f   sfc_debug:sfcdebug.obj
 0001:00045940       cv_eval_saturation         0000000180046940 f   sfc_debug:sfcdebug.obj
 0001:00045ac0       cv_saturation_accum        0000000180046ac0 f   sfc_debug:sfcdebug.obj
 0001:00045c00       cv_script_init_script      0000000180046c00 f   sfc_debug:sfcdebug.obj
 0001:00045cf0       cv_script_init_fcn         0000000180046cf0 f   sfc_debug:sfcdebug.obj
 0001:00045db0       cv_script_init_testobjective 0000000180046db0 f   sfc_debug:sfcdebug.obj
 0001:00045e70       cv_script_init_saturation  0000000180046e70 f   sfc_debug:sfcdebug.obj
 0001:00045f20       cv_script_init_if          0000000180046f20 f   sfc_debug:sfcdebug.obj
 0001:00045fe0       cv_script_init_for         0000000180046fe0 f   sfc_debug:sfcdebug.obj
 0001:00046090       cv_script_init_while       0000000180047090 f   sfc_debug:sfcdebug.obj
 0001:00046140       cv_script_init_mcdc        0000000180047140 f   sfc_debug:sfcdebug.obj
 0001:00046240       cv_script_init_switch      0000000180047240 f   sfc_debug:sfcdebug.obj
 0001:00046320       cv_script_eval             0000000180047320 f   sfc_debug:sfcdebug.obj
 0001:000463f0       eml_debug_line_call        00000001800473f0 f   sfc_debug:sfcdebug.obj
 0001:000465c0       sf_debug_terminate         00000001800475c0 f   sfc_debug:sfcdebug.obj
 0001:000467d0       sf_debug_set_script_cv_ids 00000001800477d0 f   sfc_debug:sfcdebug.obj
 0001:00046900       sf_debug_api               0000000180047900 f   sfc_debug:sfc_api.obj
 0001:000481f0       sf_debug_sm_terminate      00000001800491f0 f   sfc_debug:sfdb_animation.obj
 0001:000483a0       sf_debug_reset_path_objects 00000001800493a0 f   sfc_debug:sfdb_animation.obj
 0001:00048420       sf_debug_sm_reset_object_selection_status 0000000180049420 f   sfc_debug:sfdb_animation.obj
 0001:000484c0       sf_debug_sm_reset_state_buffer 00000001800494c0 f   sfc_debug:sfdb_animation.obj
 0001:00048590       sf_debug_sm_store_state_buffer 0000000180049590 f   sfc_debug:sfdb_animation.obj
 0001:00048610       sf_debug_sm_restore_state_buffer1 0000000180049610 f   sfc_debug:sfdb_animation.obj
 0001:00048680       sf_debug_sm_restore_state_buffer2 0000000180049680 f   sfc_debug:sfdb_animation.obj
 0001:000486f0       sf_debug_sm_chart_active   00000001800496f0 f   sfc_debug:sfdb_animation.obj
 0001:00048740       sf_debug_sm_select_active_objects 0000000180049740 f   sfc_debug:sfdb_animation.obj
 0001:00048c10       sf_debug_sm_is_chart_active 0000000180049c10 f   sfc_debug:sfdb_animation.obj
 0001:00048c50       sf_debug_sm_is_state_active 0000000180049c50 f   sfc_debug:sfdb_animation.obj
 0001:00048e90       sf_debug_sm_get_active_states 0000000180049e90 f   sfc_debug:sfdb_animation.obj
 0001:00049440       sf_debug_sm_initialize_instance 000000018004a440 f   sfc_debug:sfdb_animation.obj
 0001:00049650       sf_debug_sm_change_object_selection_status 000000018004a650 f   sfc_debug:sfdb_animation.obj
 0001:00049920       cv_create_interface        000000018004a920 f   sfc_debug:cv_sfinterface.obj
 0001:00049c30       cv_init_trans              000000018004ac30 f   sfc_debug:cv_sfinterface.obj
 0001:00049c80       cv_init_saturation         000000018004ac80 f   sfc_debug:cv_sfinterface.obj
 0001:00049cc0       cv_init_testobjective      000000018004acc0 f   sfc_debug:cv_sfinterface.obj
 0001:00049d00       cv_init_state              000000018004ad00 f   sfc_debug:cv_sfinterface.obj
 0001:00049d70       cv_init_chart              000000018004ad70 f   sfc_debug:cv_sfinterface.obj
 0001:00049dc0       cv_dec_update_call         000000018004adc0 f   sfc_debug:cv_sfinterface.obj
 0001:00049e00       cv_cond_update_call        000000018004ae00 f   sfc_debug:cv_sfinterface.obj
 0001:00049e40       cv_saturation_update_call  000000018004ae40 f   sfc_debug:cv_sfinterface.obj
 0001:00049e80       cv_saturation_update_accum 000000018004ae80 f   sfc_debug:cv_sfinterface.obj
 0001:00049ec0       cv_testobjective_update_call 000000018004aec0 f   sfc_debug:cv_sfinterface.obj
 0001:00049f00       cv_sigrange_update         000000018004af00 f   sfc_debug:cv_sfinterface.obj
 0001:00049f40       cvsf_eml_eval              000000018004af40 f   sfc_debug:cv_sfinterface.obj
 0001:0004a020       cvsf_eml_init_script       000000018004b020 f   sfc_debug:cv_sfinterface.obj
 0001:0004a0b0       cvsf_eml_init_fcn          000000018004b0b0 f   sfc_debug:cv_sfinterface.obj
 0001:0004a110       cvsf_eml_init_testobjective 000000018004b110 f   sfc_debug:cv_sfinterface.obj
 0001:0004a170       cvsf_eml_init_saturation   000000018004b170 f   sfc_debug:cv_sfinterface.obj
 0001:0004a1c0       cvsf_eml_init_if           000000018004b1c0 f   sfc_debug:cv_sfinterface.obj
 0001:0004a220       cvsf_eml_init_for          000000018004b220 f   sfc_debug:cv_sfinterface.obj
 0001:0004a270       cvsf_eml_init_while        000000018004b270 f   sfc_debug:cv_sfinterface.obj
 0001:0004a2c0       cvsf_eml_init_mcdc         000000018004b2c0 f   sfc_debug:cv_sfinterface.obj
 0001:0004a350       cvsf_eml_init_switch       000000018004b350 f   sfc_debug:cv_sfinterface.obj
 0001:0004a3c0       cvsf_script_eval           000000018004b3c0 f   sfc_debug:cv_sfinterface.obj
 0001:0004a4a0       cvsf_script_init_script    000000018004b4a0 f   sfc_debug:cv_sfinterface.obj
 0001:0004a530       cvsf_script_init_fcn       000000018004b530 f   sfc_debug:cv_sfinterface.obj
 0001:0004a590       cvsf_script_init_testobjective 000000018004b590 f   sfc_debug:cv_sfinterface.obj
 0001:0004a5f0       cvsf_script_init_saturation 000000018004b5f0 f   sfc_debug:cv_sfinterface.obj
 0001:0004a640       cvsf_script_init_if        000000018004b640 f   sfc_debug:cv_sfinterface.obj
 0001:0004a6a0       cvsf_script_init_for       000000018004b6a0 f   sfc_debug:cv_sfinterface.obj
 0001:0004a6f0       cvsf_script_init_while     000000018004b6f0 f   sfc_debug:cv_sfinterface.obj
 0001:0004a740       cvsf_script_init_mcdc      000000018004b740 f   sfc_debug:cv_sfinterface.obj
 0001:0004a7d0       cvsf_script_init_switch    000000018004b7d0 f   sfc_debug:cv_sfinterface.obj
 0001:0004a840       cv_destroy_interface       000000018004b840 f   sfc_debug:cv_sfinterface.obj
 0001:0004a860       cv_create_instance_objects 000000018004b860 f   sfc_debug:cv_sfinterface.obj
 0001:0004acd0       cv_is_enabled              000000018004bcd0 f   sfc_debug:cv_sfinterface.obj
 0001:0004ace0       sf_debug_cv_initialize_script 000000018004bce0 f   sfc_debug:cv_sfinterface.obj
 0001:0004ae70       sf_debug_cv_initialize_instance 000000018004be70 f   sfc_debug:cv_sfinterface.obj
 0001:0004b200       sf_debug_cv_terminate_chart 000000018004c200 f   sfc_debug:cv_sfinterface.obj
 0001:0004b320       cv_call_trans_test         000000018004c320 f   sfc_debug:cv_sfinterface.obj
 0001:0004b330       cv_call_sub_cond_test      000000018004c330 f   sfc_debug:cv_sfinterface.obj
 0001:0004b370       sf_debug_st_initialize_machine 000000018004c370 f   sfc_debug:sfdb_data_browse.obj
 0001:0004b420       sf_debug_st_initialize_instance 000000018004c420 f   sfc_debug:sfdb_data_browse.obj
 0001:0004b630       sf_debug_st_terminate      000000018004c630 f   sfc_debug:sfdb_data_browse.obj
 0001:0004b9d0       sf_debug_st_set_data_value_ptr_in_machine 000000018004c9d0 f   sfc_debug:sfdb_data_browse.obj
 0001:0004ba60       sf_debug_st_set_data_value_ptr_in_instance 000000018004ca60 f   sfc_debug:sfdb_data_browse.obj
 0001:0004bb40       sf_debug_st_unset_data_value_ptr_in_machine 000000018004cb40 f   sfc_debug:sfdb_data_browse.obj
 0001:0004bbb0       sf_debug_st_unset_data_value_ptr_in_instance 000000018004cbb0 f   sfc_debug:sfdb_data_browse.obj
 0001:0004be70       sf_debug_mx_value          000000018004ce70 f   sfc_debug:sfdb_data_browse.obj
 0001:0004bed0       sf_debug_mx_packed_vector  000000018004ced0 f   sfc_debug:sfdb_data_browse.obj
 0001:0004bfb0       sf_debug_mx_uint_vector    000000018004cfb0 f   sfc_debug:sfdb_data_browse.obj
 0001:0004c060       sf_debug_st_get_double_value_from_void_ptr_vector 000000018004d060 f   sfc_debug:sfdb_data_browse.obj
 0001:0004cb40       sf_debug_st_browse_data    000000018004db40 f   sfc_debug:sfdb_data_browse.obj
 0001:0004d380       sf_debug_hm_initialize_instance 000000018004e380 f   sfc_debug:sfdb_handle_management.obj
 0001:0004d860       sf_debug_hm_get_object_id  000000018004e860 f   sfc_debug:sfdb_handle_management.obj
 0001:0004e410       sf_debug_hm_update_chart_visibility 000000018004f410 f   sfc_debug:sfdb_handle_management.obj
 0001:0004f600       sf_debug_object_is_eml_function 0000000180050600 f   sfc_debug:sfdb_handle_management.obj
 0001:0004f670       sf_debug_hm_initialize_ids_in_machine 0000000180050670 f   sfc_debug:sfdb_handle_management.obj
 0001:0004f7e0       sf_debug_hm_initialize_ids_in_chart 00000001800507e0 f   sfc_debug:sfdb_handle_management.obj
 0001:0004f8e0       sf_debug_hm_initialize_chart 00000001800508e0 f   sfc_debug:sfdb_handle_management.obj
 0001:0004ffe0       sf_debug_hm_terminate      0000000180050fe0 f   sfc_debug:sfdb_handle_management.obj
 0001:00050040       sf_debug_hm_initialize_machine 0000000180051040 f   sfc_debug:sfdb_handle_management.obj
 0001:00050760       sf_debug_ss_initialize     0000000180051760 f   sfc_debug:sfdb_symbol_scope.obj
 0001:00050780       sf_debug_ss_terminate      0000000180051780 f   sfc_debug:sfdb_symbol_scope.obj
 0001:00050810       sf_debug_ss_push_symbol_scope 0000000180051810 f   sfc_debug:sfdb_symbol_scope.obj
 0001:00050910       sf_debug_ss_push_symbol_scope_eml 0000000180051910 f   sfc_debug:sfdb_symbol_scope.obj
 0001:00050970       sf_debug_ss_pop_symbol_scope 0000000180051970 f   sfc_debug:sfdb_symbol_scope.obj
 0001:00050a20       sf_debug_ss_add_symbol     0000000180051a20 f   sfc_debug:sfdb_symbol_scope.obj
 0001:00050b90       sf_debug_ss_add_symbol_eml 0000000180051b90 f   sfc_debug:sfdb_symbol_scope.obj
 0001:00051a90       sf_debug_ss_set_data_value 0000000180052a90 f   sfc_debug:sfdb_symbol_scope.obj
 0001:00051ee0       getInstanceNumber          0000000180052ee0 f   sfc_debug:sfdb_symbol_scope.obj
 0001:00051fb0       sf_debug_ss_watch_data     0000000180052fb0 f   sfc_debug:sfdb_symbol_scope.obj
 0001:000521a0       sf_debug_ss_assign_data    00000001800531a0 f   sfc_debug:sfdb_symbol_scope.obj
 0001:00052bb0       get_data_entry_name        0000000180053bb0 f   sfc_debug:sfdb_symbol_scope.obj
 0001:00052c00       sf_debug_ss_whos           0000000180053c00 f   sfc_debug:sfdb_symbol_scope.obj
 0001:00053250       sf_debug_cc_initialize_chart 0000000180054250 f   sfc_debug:sfdb_coverage.obj
 0001:00053c40       sf_debug_cc_initialize_instance 0000000180054c40 f   sfc_debug:sfdb_coverage.obj
 0001:00054980       sf_debug_cc_terminate      0000000180055980 f   sfc_debug:sfdb_coverage.obj
 0001:00054a70       sf_debug_cc_set_transition_maps 0000000180055a70 f   sfc_debug:sfdb_coverage.obj
 0001:00054ba0       sf_debug_cc_set_state_maps 0000000180055ba0 f   sfc_debug:sfdb_coverage.obj
 0001:00054c80       sf_debug_cc_set_transition_weights 0000000180055c80 f   sfc_debug:sfdb_coverage.obj
 0001:00054f40       sf_debug_cc_set_state_weights 0000000180055f40 f   sfc_debug:sfdb_coverage.obj
 0001:00055210       sf_debug_cc_mark_transition_guard 0000000180056210 f   sfc_debug:sfdb_coverage.obj
 0001:000552a0       sf_debug_cc_mark_transition_trigger 00000001800562a0 f   sfc_debug:sfdb_coverage.obj
 0001:00055330       sf_debug_cc_mark_transition_decision 0000000180056330 f   sfc_debug:sfdb_coverage.obj
 0001:000553a0       sf_debug_cc_mark_transition_condition_action 00000001800563a0 f   sfc_debug:sfdb_coverage.obj
 0001:000553f0       sf_debug_cc_mark_transition_transition_action 00000001800563f0 f   sfc_debug:sfdb_coverage.obj
 0001:00055440       sf_debug_cc_mark_state_entry 0000000180056440 f   sfc_debug:sfdb_coverage.obj
 0001:00055490       sf_debug_cc_mark_state_during 0000000180056490 f   sfc_debug:sfdb_coverage.obj
 0001:000554e0       sf_debug_cc_mark_state_exit 00000001800564e0 f   sfc_debug:sfdb_coverage.obj
 0001:00055530       sf_debug_bm_clear_script_breakpoints 0000000180056530 f   sfc_debug:sfdb_breakpoints.obj
 0001:00055560       sf_debug_bm_set_script_breakpoint 0000000180056560 f   sfc_debug:sfdb_breakpoints.obj
 0001:000555e0       sf_debug_bm_clear_single_script_breakpoint 00000001800565e0 f   sfc_debug:sfdb_breakpoints.obj
 0001:00055660       sf_debug_bm_query_script_breakpoint 0000000180056660 f   sfc_debug:sfdb_breakpoints.obj
 0001:000556b0       sf_debug_bm_initialize_scripts 00000001800566b0 f   sfc_debug:sfdb_breakpoints.obj
 0001:00055d40       sf_debug_bm_terminate      0000000180056d40 f   sfc_debug:sfdb_breakpoints.obj
 0001:00056020       sf_debug_bm_remove_all_breakpoints_in_machine 0000000180057020 f   sfc_debug:sfdb_breakpoints.obj
 0001:00056080       sf_debug_bm_remove_all_breakpoints_in_chart 0000000180057080 f   sfc_debug:sfdb_breakpoints.obj
 0001:000561d0       sf_debug_bm_initialize_global_breakpoints 00000001800571d0 f   sfc_debug:sfdb_breakpoints.obj
 0001:00056350       sf_debug_bm_set_breakpoint 0000000180057350 f   sfc_debug:sfdb_breakpoints.obj
 0001:00056910       sf_debug_bm_set_eml_breakpoint 0000000180057910 f   sfc_debug:sfdb_breakpoints.obj
 0001:000569a0       sf_debug_bm_initialize_machine_breakpoint_map 00000001800579a0 f   sfc_debug:sfdb_breakpoints.obj
 0001:00056dc0       sf_debug_bm_is_a_breakpoint 0000000180057dc0 f   sfc_debug:sfdb_breakpoints.obj
 0001:000572e0       sf_debug_bm_get_all_breakpoints_in_machine 00000001800582e0 f   sfc_debug:sfdb_breakpoints.obj
 0001:000575e0       sf_debug_bm_get_all_breakpoints_in_chart 00000001800585e0 f   sfc_debug:sfdb_breakpoints.obj
 0001:00058170       sf_debug_bm_initialize_machine 0000000180059170 f   sfc_debug:sfdb_breakpoints.obj
 0001:00058240       sf_debug_bm_initialize_chart 0000000180059240 f   sfc_debug:sfdb_breakpoints.obj
 0001:00058630       sf_debug_sc_terminate      0000000180059630 f   sfc_debug:sfdb_state_consistency.obj
 0001:00058950       sf_debug_sc_is_chart_consistent 0000000180059950 f   sfc_debug:sfdb_state_consistency.obj
 0001:00058c00       sf_debug_sc_get_consistency_error_info 0000000180059c00 f   sfc_debug:sfdb_state_consistency.obj
 0001:00059010       sf_debug_tm_terminate      000000018005a010 f   sfc_debug:sfdb_call_stack.obj
 0001:000590c0       sf_debug_tm_push_chart_instance 000000018005a0c0 f   sfc_debug:sfdb_call_stack.obj
 0001:00059200       sf_debug_tm_pop_chart_instance 000000018005a200 f   sfc_debug:sfdb_call_stack.obj
 0001:00059260       sf_debug_tm_push_trace_node 000000018005a260 f   sfc_debug:sfdb_call_stack.obj
 0001:000593e0       sf_debug_tm_pop_trace_node 000000018005a3e0 f   sfc_debug:sfdb_call_stack.obj
 0001:00059460       sf_debug_tm_get_current_global_trace_index 000000018005a460 f   sfc_debug:sfdb_call_stack.obj
 0001:00059470       sf_debug_tm_get_current_local_trace_index 000000018005a470 f   sfc_debug:sfdb_call_stack.obj
 0001:000594a0       sf_debug_tm_set_cycle_detected_flag 000000018005a4a0 f   sfc_debug:sfdb_call_stack.obj
 0001:000594e0       sf_debug_tm_set_cycle_started_flag 000000018005a4e0 f   sfc_debug:sfdb_call_stack.obj
 0001:00059520       sf_debug_tm_get_chart_number_from_stack 000000018005a520 f   sfc_debug:sfdb_call_stack.obj
 0001:00059720       sf_debug_tm_browse_trace   000000018005a720 f   sfc_debug:sfdb_call_stack.obj
 0001:00059a30       sf_debug_cd_initialize_instance 000000018005aa30 f   sfc_debug:sfdb_cycle_detection.obj
 0001:00059ce0       sf_debug_cd_mark_processed_transition_in_instance 000000018005ace0 f   sfc_debug:sfdb_cycle_detection.obj
 0001:00059d80       sf_debug_cd_checksum_push  000000018005ad80 f   sfc_debug:sfdb_cycle_detection.obj
 0001:0005a030       sf_debug_cd_checksum_pop   000000018005b030 f   sfc_debug:sfdb_cycle_detection.obj
 0001:0005a0a0       sf_debug_cd_turn_off_cycle_detection 000000018005b0a0 f   sfc_debug:sfdb_cycle_detection.obj
 0001:0005a0f0       sf_debug_cd_terminate      000000018005b0f0 f   sfc_debug:sfdb_cycle_detection.obj
 0001:0005a320       md5_initialize_state       000000018005b320 f   sfc_debug:ckmd5.obj
 0001:0005adb0       md5_update_state           000000018005bdb0 f   sfc_debug:ckmd5.obj
 0001:0005add0       md5_get_hash               000000018005bdd0 f   sfc_debug:ckmd5.obj
 0001:0005ae00       md5_get_hash_for_a_single_string 000000018005be00 f   sfc_debug:ckmd5.obj
 0001:0005ae60       mxGetPr                    000000018005be60 f   libmx:libmx.dll
 0001:0005ae66       mxCreateDoubleScalar       000000018005be66 f   libmx:libmx.dll
 0001:0005ae6c       mxCreateDoubleMatrix_730   000000018005be6c f   libmx:libmx.dll
 0001:0005ae72       mxSetField_730             000000018005be72 f   libmx:libmx.dll
 0001:0005ae78       mxCreateString             000000018005be78 f   libmx:libmx.dll
 0001:0005ae7e       mxCreateStructMatrix_730   000000018005be7e f   libmx:libmx.dll
 0001:0005ae84       mxCreateCellMatrix_730     000000018005be84 f   libmx:libmx.dll
 0001:0005ae8a       mxDestroyArray             000000018005be8a f   libmx:libmx.dll
 0001:0005ae90       mxDuplicateArray           000000018005be90 f   libmx:libmx.dll
 0001:0005ae96       mxGetString_730            000000018005be96 f   libmx:libmx.dll
 0001:0005ae9c       mxIsChar                   000000018005be9c f   libmx:libmx.dll
 0001:0005aea2       mxGetClassID               000000018005bea2 f   libmx:libmx.dll
 0001:0005aea8       mxIsNumeric                000000018005bea8 f   libmx:libmx.dll
 0001:0005aeae       mxIsComplex                000000018005beae f   libmx:libmx.dll
 0001:0005aeb4       mxGetN                     000000018005beb4 f   libmx:libmx.dll
 0001:0005aeba       mxGetM                     000000018005beba f   libmx:libmx.dll
 0001:0005aec0       mxCalloc                   000000018005bec0 f   libmx:libmx.dll
 0001:0005aec6       mxGetScalar                000000018005bec6 f   libmx:libmx.dll
 0001:0005aecc       mxIsLogical                000000018005becc f   libmx:libmx.dll
 0001:0005aed2       mxCreateDoubleMatrix_700   000000018005bed2 f   libmx:libmx.dll
 0001:0005aed8       mxFree                     000000018005bed8 f   libmx:libmx.dll
 0001:0005aede       mxArrayToString            000000018005bede f   libmx:libmx.dll
 0001:0005aee4       mxCreateCellMatrix_700     000000018005bee4 f   libmx:libmx.dll
 0001:0005aeea       mxSetCell_700              000000018005beea f   libmx:libmx.dll
 0001:0005aef0       mxGetCell_700              000000018005bef0 f   libmx:libmx.dll
 0001:0005aef6       mxGetClassName             000000018005bef6 f   libmx:libmx.dll
 0001:0005aefc       mxSetField_700             000000018005befc f   libmx:libmx.dll
 0001:0005af02       mxAddField                 000000018005bf02 f   libmx:libmx.dll
 0001:0005af08       mxGetField_700             000000018005bf08 f   libmx:libmx.dll
 0001:0005af0e       mxGetNumberOfElements      000000018005bf0e f   libmx:libmx.dll
 0001:0005af14       mxIsStruct                 000000018005bf14 f   libmx:libmx.dll
 0001:0005af1a       mxIsA                      000000018005bf1a f   libmx:libmx.dll
 0001:0005af20       mxIsClass                  000000018005bf20 f   libmx:libmx.dll
 0001:0005af26       mxGetLogicals              000000018005bf26 f   libmx:libmx.dll
 0001:0005af2c       mxIsSparse                 000000018005bf2c f   libmx:libmx.dll
 0001:0005af32       mxSetFieldByNumber_700     000000018005bf32 f   libmx:libmx.dll
 0001:0005af38       mxGetFieldByNumber_700     000000018005bf38 f   libmx:libmx.dll
 0001:0005af3e       mxGetFieldNameByNumber     000000018005bf3e f   libmx:libmx.dll
 0001:0005af44       mxGetNumberOfFields        000000018005bf44 f   libmx:libmx.dll
 0001:0005af4a       mxCreateStructMatrix_700   000000018005bf4a f   libmx:libmx.dll
 0001:0005af50       mxGetFieldNumber           000000018005bf50 f   libmx:libmx.dll
 0001:0005af56       mxIsNaN                    000000018005bf56 f   libmx:libmx.dll
 0001:0005af5c       mxIsEmpty                  000000018005bf5c f   libmx:libmx.dll
 0001:0005af62       mxGetData                  000000018005bf62 f   libmx:libmx.dll
 0001:0005af68       mxGetImagData              000000018005bf68 f   libmx:libmx.dll
 0001:0005af6e       mxArrayClassIDName         000000018005bf6e f   libmx:libmx.dll
 0001:0005af74       mxCreateNumericMatrix_700  000000018005bf74 f   libmx:libmx.dll
 0001:0005af7a       mxCreateStructArray_700    000000018005bf7a f   libmx:libmx.dll
 0001:0005af80       mxCalcSingleSubscript_700  000000018005bf80 f   libmx:libmx.dll
 0001:0005af86       mxGetDimensions_700        000000018005bf86 f   libmx:libmx.dll
 0001:0005af8c       mxGetNumberOfDimensions_700 000000018005bf8c f   libmx:libmx.dll
 0001:0005af92       mxCreateNumericArray_700   000000018005bf92 f   libmx:libmx.dll
 0001:0005af98       mxGetElementSize           000000018005bf98 f   libmx:libmx.dll
 0001:0005af9e       mxCreateStringFromNChars_700 000000018005bf9e f   libmx:libmx.dll
 0001:0005afa4       mxGetString_700            000000018005bfa4 f   libmx:libmx.dll
 0001:0005afaa       mxIsLogicalScalarTrue      000000018005bfaa f   libmx:libmx.dll
 0001:0005afb0       mxCreateLogicalScalar      000000018005bfb0 f   libmx:libmx.dll
 0001:0005afb6       mexUnlock                  000000018005bfb6 f   libmex:libmex.dll
 0001:0005afbc       mexIsLocked                000000018005bfbc f   libmex:libmex.dll
 0001:0005afc2       mexWarnMsgTxt              000000018005bfc2 f   libmex:libmex.dll
 0001:0005afc8       mexCallMATLAB              000000018005bfc8 f   libmex:libmex.dll
 0001:0005afce       mexErrMsgTxt               000000018005bfce f   libmex:libmex.dll
 0001:0005afd4       mexMakeArrayPersistent     000000018005bfd4 f   libmex:libmex.dll
 0001:0005afda       mexSetTrapFlag             000000018005bfda f   libmex:libmex.dll
 0001:0005afe0       mexPutVariable             000000018005bfe0 f   libmex:libmex.dll
 0001:0005afe6       mexGetVariable             000000018005bfe6 f   libmex:libmex.dll
 0001:0005afec       mexLock                    000000018005bfec f   libmex:libmex.dll
 0001:0005aff2       mexMakeMemoryPersistent    000000018005bff2 f   libmex:libmex.dll
 0001:0005aff8       mexFunctionName            000000018005bff8 f   libmex:libmex.dll
 0001:0005affe       ssRegisterDataTypeFxpFSlopeFixExpBias 000000018005bffe f   libfixedpoint:libfixedpoint.dll
 0001:0005b004       ssRegisterDataTypeFxpScaledDouble 000000018005c004 f   libfixedpoint:libfixedpoint.dll
 0001:0005b00a       utMalloc                   000000018005c00a f   libut:libut.dll
 0001:0005b010       utFree                     000000018005c010 f   libut:libut.dll
 0001:0005b016       utVSNprintf                000000018005c016 f   libut:libut.dll
 0001:0005b01c       utCPUtime                  000000018005c01c f   libut:libut.dll
 0001:0005b022       utCalloc                   000000018005c022 f   libut:libut.dll
 0001:0005b028       utRealloc                  000000018005c028 f   libut:libut.dll
 0001:0005b02e       muDoubleScalarAbs          000000018005c02e f   libmwmathutil:libmwmathutil.dll
 0001:0005b034       muDoubleScalarExp          000000018005c034 f   libmwmathutil:libmwmathutil.dll
 0001:0005b03a       muDoubleScalarIsNaN        000000018005c03a f   libmwmathutil:libmwmathutil.dll
 0001:0005b040       muDoubleScalarIsInf        000000018005c040 f   libmwmathutil:libmwmathutil.dll
 0001:0005b046       muDoubleScalarMax          000000018005c046 f   libmwmathutil:libmwmathutil.dll
 0001:0005b04c       muDoubleScalarSqrt         000000018005c04c f   libmwmathutil:libmwmathutil.dll
 0001:0005b052       muDoubleScalarAcos         000000018005c052 f   libmwmathutil:libmwmathutil.dll
 0001:0005b058       muDoubleScalarAtan         000000018005c058 f   libmwmathutil:libmwmathutil.dll
 0001:0005b05e       muDoubleScalarCos          000000018005c05e f   libmwmathutil:libmwmathutil.dll
 0001:0005b064       muDoubleScalarSin          000000018005c064 f   libmwmathutil:libmwmathutil.dll
 0001:0005b06a       emlrtCreateRootTLS         000000018005c06a f   libemlrt:libemlrt.dll
 0001:0005b070       emlrtDestroyRootTLS        000000018005c070 f   libemlrt:libemlrt.dll
 0001:0005b076       emlrtCheckBuiltInR2012b    000000018005c076 f   libemlrt:libemlrt.dll
 0001:0005b07c       emlrtCheckVsBuiltInR2012b  000000018005c07c f   libemlrt:libemlrt.dll
 0001:0005b082       emlrtCheckEnumR2012b       000000018005c082 f   libemlrt:libemlrt.dll
 0001:0005b088       emlrtCreateEnumR2012b      000000018005c088 f   libemlrt:libemlrt.dll
 0001:0005b08e       emlrtGetEnumElementR2009a  000000018005c08e f   libemlrt:libemlrt.dll
 0001:0005b094       emlrtCreateReference       000000018005c094 f   libemlrt:libemlrt.dll
 0001:0005b09a       emlrtImportVsFiArrayR2009b 000000018005c09a f   libemlrt:libemlrt.dll
 0001:0005b0a0       emlrtNameCapturePostProcessR2012a 000000018005c0a0 f   libemlrt:libemlrt.dll
 0001:0005b0a6       emlrtExtractMessageId      000000018005c0a6 f   libemlrt:libemlrt.dll
 0001:0005b0ac       emlrtTranslateMessageIDtoLCPstring 000000018005c0ac f   libemlrt:libemlrt.dll
 0001:0005b0b2       emlrtForLoopVectorIsValidR2011b 000000018005c0b2 f   libemlrt:libemlrt.dll
 0001:0005b0b8       emlrtTranslateUTF16MessagetoLCPstring 000000018005c0b8 f   libemlrt:libemlrt.dll
 0001:0005b0be       emlrtGetEnumUnderlyingArrayR2009a 000000018005c0be f   libemlrt:libemlrt.dll
 0001:0005b0c4       emlrtIsEnumR2009a          000000018005c0c4 f   libemlrt:libemlrt.dll
 0001:0005b0ca       drotg                      000000018005c0ca f   libmwblas:libmwblas.dll
 0001:0005b0d0       __GSHandlerCheckCommon     000000018005c0d0 f   MSVCRT:gshandler.obj
 0001:0005b134       __GSHandlerCheck           000000018005c134 f   MSVCRT:gshandler.obj
 0001:0005b152       strlen                     000000018005c152 f   MSVCRT:MSVCR100.dll
 0001:0005b170       __security_check_cookie    000000018005c170 f   MSVCRT:amdsecgs.obj
 0001:0005b190       memset                     000000018005c190 f   MSVCRT:MSVCR100.dll
 0001:0005b1b0       _alloca_probe              000000018005c1b0     MSVCRT:chkstk.obj
 0001:0005b1b0       __chkstk                   000000018005c1b0 f   MSVCRT:chkstk.obj
 0001:0005b1fe       strcmp                     000000018005c1fe f   MSVCRT:MSVCR100.dll
 0001:0005b204       free                       000000018005c204 f   MSVCRT:MSVCR100.dll
 0001:0005b20a       sprintf                    000000018005c20a f   MSVCRT:MSVCR100.dll
 0001:0005b210       malloc                     000000018005c210 f   MSVCRT:MSVCR100.dll
 0001:0005b216       strcat                     000000018005c216 f   MSVCRT:MSVCR100.dll
 0001:0005b21c       memcpy                     000000018005c21c f   MSVCRT:MSVCR100.dll
 0001:0005b224       NtCurrentTeb               000000018005c224 f i MSVCRT:crtdll.obj
 0001:0005b290       _CRT_INIT                  000000018005c290 f   MSVCRT:crtdll.obj
 0001:0005b628       _DllMainCRTStartup         000000018005c628 f   MSVCRT:crtdll.obj
 0001:0005b666       strncpy                    000000018005c666 f   MSVCRT:MSVCR100.dll
 0001:0005b66c       longjmp                    000000018005c66c f   MSVCRT:MSVCR100.dll
 0001:0005b672       strncmp                    000000018005c672 f   MSVCRT:MSVCR100.dll
 0001:0005b678       ceil                       000000018005c678 f   MSVCRT:MSVCR100.dll
 0001:0005b67e       strrchr                    000000018005c67e f   MSVCRT:MSVCR100.dll
 0001:0005b684       _setjmp                    000000018005c684 f   MSVCRT:MSVCR100.dll
 0001:0005b68a       ldexp                      000000018005c68a f   MSVCRT:MSVCR100.dll
 0001:0005b690       __report_gsfailure         000000018005c690 f   MSVCRT:gs_report.obj
 0001:0005b7dc       __clean_type_info_names    000000018005c7dc f   MSVCRT:tncleanup.obj
 0001:0005b7e8       _onexit                    000000018005c7e8 f   MSVCRT:atonexit.obj
 0001:0005b898       atexit                     000000018005c898 f   MSVCRT:atonexit.obj
 0001:0005b8b0       _RTC_Initialize            000000018005c8b0 f   MSVCRT:_initsect_.obj
 0001:0005b8e8       _RTC_Terminate             000000018005c8e8 f   MSVCRT:_initsect_.obj
 0001:0005b920       _malloc_crt                000000018005c920 f   MSVCRT:MSVCR100.dll
 0001:0005b930       _ValidateImageBase         000000018005c930 f   MSVCRT:pesect.obj
 0001:0005b960       _FindPESection             000000018005c960 f   MSVCRT:pesect.obj
 0001:0005b9b0       _IsNonwritableInCurrentImage 000000018005c9b0 f   MSVCRT:pesect.obj
 0001:0005b9f2       _initterm                  000000018005c9f2 f   MSVCRT:MSVCR100.dll
 0001:0005b9f8       _initterm_e                000000018005c9f8 f   MSVCRT:MSVCR100.dll
 0001:0005b9fe       _encoded_null              000000018005c9fe f   MSVCRT:MSVCR100.dll
 0001:0005ba04       _amsg_exit                 000000018005ca04 f   MSVCRT:MSVCR100.dll
 0001:0005ba0a       __C_specific_handler       000000018005ca0a f   MSVCRT:MSVCR100.dll
 0001:0005ba10       __CppXcptFilter            000000018005ca10 f   MSVCRT:MSVCR100.dll
 0001:0005ba18       DllMain                    000000018005ca18 f   MSVCRT:dllmain.obj
 0001:0005ba3c       __security_init_cookie     000000018005ca3c f   MSVCRT:gs_support.obj
 0001:0005baf0       __crt_debugger_hook        000000018005caf0 f   MSVCRT:MSVCR100.dll
 0001:0005baf6       __clean_type_info_names_internal 000000018005caf6 f   MSVCRT:MSVCR100.dll
 0001:0005bafc       _unlock                    000000018005cafc f   MSVCRT:MSVCR100.dll
 0001:0005bb02       __dllonexit                000000018005cb02 f   MSVCRT:MSVCR100.dll
 0001:0005bb08       _lock                      000000018005cb08 f   MSVCRT:MSVCR100.dll
 0001:0005bb0e       EncodePointer              000000018005cb0e f   kernel32:KERNEL32.dll
 0001:0005bb14       DecodePointer              000000018005cb14 f   kernel32:KERNEL32.dll
 0001:0005bb1a       Sleep                      000000018005cb1a f   kernel32:KERNEL32.dll
 0001:0005bb20       TerminateProcess           000000018005cb20 f   kernel32:KERNEL32.dll
 0001:0005bb26       GetCurrentProcess          000000018005cb26 f   kernel32:KERNEL32.dll
 0001:0005bb2c       UnhandledExceptionFilter   000000018005cb2c f   kernel32:KERNEL32.dll
 0001:0005bb32       SetUnhandledExceptionFilter 000000018005cb32 f   kernel32:KERNEL32.dll
 0001:0005bb38       IsDebuggerPresent          000000018005cb38 f   kernel32:KERNEL32.dll
 0001:0005bb3e       RtlVirtualUnwind           000000018005cb3e f   kernel32:KERNEL32.dll
 0001:0005bb44       RtlLookupFunctionEntry     000000018005cb44 f   kernel32:KERNEL32.dll
 0001:0005bb4a       RtlCaptureContext          000000018005cb4a f   kernel32:KERNEL32.dll
 0001:0005bb50       DisableThreadLibraryCalls  000000018005cb50 f   kernel32:KERNEL32.dll
 0001:0005bb56       QueryPerformanceCounter    000000018005cb56 f   kernel32:KERNEL32.dll
 0001:0005bb5c       GetTickCount               000000018005cb5c f   kernel32:KERNEL32.dll
 0001:0005bb62       GetCurrentThreadId         000000018005cb62 f   kernel32:KERNEL32.dll
 0001:0005bb68       GetCurrentProcessId        000000018005cb68 f   kernel32:KERNEL32.dll
 0001:0005bb6e       GetSystemTimeAsFileTime    000000018005cb6e f   kernel32:KERNEL32.dll
 0002:00000000       __imp_RtlLookupFunctionEntry 000000018005d000     kernel32:KERNEL32.dll
 0002:00000008       __imp_RtlVirtualUnwind     000000018005d008     kernel32:KERNEL32.dll
 0002:00000010       __imp_IsDebuggerPresent    000000018005d010     kernel32:KERNEL32.dll
 0002:00000018       __imp_SetUnhandledExceptionFilter 000000018005d018     kernel32:KERNEL32.dll
 0002:00000020       __imp_UnhandledExceptionFilter 000000018005d020     kernel32:KERNEL32.dll
 0002:00000028       __imp_GetCurrentProcess    000000018005d028     kernel32:KERNEL32.dll
 0002:00000030       __imp_TerminateProcess     000000018005d030     kernel32:KERNEL32.dll
 0002:00000038       __imp_Sleep                000000018005d038     kernel32:KERNEL32.dll
[...]
 0001:000317f0       sf_mex_check_complex       00000001800327f0 f   sfc_mex:sfc_mex.obj
 0001:00031880       sf_mex_check_sparse        0000000180032880 f   sfc_mex:sfc_mex.obj
 0001:000318e0       sf_mex_check_numerictype   00000001800328e0 f   sfc_mex:sfc_mex.obj
 0001:00031a70       sf_mex_check_fimath        0000000180032a70 f   sfc_mex:sfc_mex.obj
 0001:000325d0       size_mismatch_error        00000001800335d0 f   sfc_mex:sfc_mex.obj
 0001:00033040       check_array_dimensions     0000000180034040 f   sfc_mex:sfc_mex.obj
 0001:000330b0       check_input_mxarray        00000001800340b0 f   sfc_mex:sfc_mex.obj
 0001:000337f0       sf_numeric_value_to_double 00000001800347f0 f   sfc_mex:sfc_mex.obj
 0001:00033840       ml_generic_out_of_bounds_check 0000000180034840 f   sfc_mex:sfc_mex.obj
 0001:00033a00       ml_get_element_value_from_array 0000000180034a00 f   sfc_mex:sfc_mex.obj
 0001:00033da0       _ml_generic_castability_check 0000000180034da0 f   sfc_mex:sfc_mex.obj
 0001:000344f0       ml_generic_castability_check 00000001800354f0 f   sfc_mex:sfc_mex.obj
 0001:00034590       ml_check_mx_array_for_single_castability 0000000180035590 f   sfc_mex:sfc_mex.obj
 0001:00034630       ml_check_mx_array_for_logical_castability 0000000180035630 f   sfc_mex:sfc_mex.obj
 0001:000346d0       ml_check_mx_array_for_int8_castability 00000001800356d0 f   sfc_mex:sfc_mex.obj
 0001:00034780       ml_check_mx_array_for_uint8_castability 0000000180035780 f   sfc_mex:sfc_mex.obj
 0001:000347e0       ml_check_mx_array_for_int16_castability 00000001800357e0 f   sfc_mex:sfc_mex.obj
 0001:00034840       ml_check_mx_array_for_uint16_castability 0000000180035840 f   sfc_mex:sfc_mex.obj
 0001:000348a0       ml_check_mx_array_for_int32_castability 00000001800358a0 f   sfc_mex:sfc_mex.obj
 0001:00034900       ml_check_mx_array_for_uint32_castability 0000000180035900 f   sfc_mex:sfc_mex.obj
 0001:00034960       ml_check_mx_array_for_castability 0000000180035960 f   sfc_mex:sfc_mex.obj
 0001:00035180       set_data_value             0000000180036180 f   sfc_mex:sfc_mex.obj
 0001:000354f0       get_data_value             00000001800364f0 f   sfc_mex:sfc_mex.obj
 0001:00035600       get_next_element_address   0000000180036600 f   sfc_mex:sfc_mex.obj
 0001:000356d0       sf_normalize_index         00000001800366d0 f   sfc_mex:sfc_mex.obj
 0001:00035a80       ml_array_index_bound_check 0000000180036a80 f   sfc_mex:sfc_mex.obj
 0001:00036600       mx_value                   0000000180037600 f   sfc_mex:sfc_mex.obj
 0001:00036650       sf_create_numeric_array    0000000180037650 f   sfc_mex:sfc_mex.obj
 0001:000366f0       sf_mex_assign_to_mx_array  00000001800376f0 f   sfc_mex:sfc_mex.obj
 0001:00036a60       assign_from_mx_array       0000000180037a60 f   sfc_mex:sfc_mex.obj
 0001:000371c0       sf_mex_import_v            00000001800381c0 f   sfc_mex:sfc_mex.obj
 0001:000378d0       get_machine_and_chart_file_number 00000001800388d0 f   sfc_mex:sfc_sf.obj
 0001:000379c0       get_sfun_block_specialization 00000001800389c0 f   sfc_mex:sfc_sf.obj
 0001:00037a70       call_sf_machine_global_method_dispatcher 0000000180038a70 f   sfc_mex:sfc_sf.obj
 0001:00037cc0       mdl_zeroCrossings_processing 0000000180038cc0 f   sfc_mex:sfc_sf.obj
 0001:00037da0       mdl_derivatives_processing 0000000180038da0 f   sfc_mex:sfc_sf.obj
 0001:00038080       mdl_outputs_continuous_legacy 0000000180039080 f   sfc_mex:sfc_sf.obj
 0001:00038100       mdl_outputs_processing     0000000180039100 f   sfc_mex:sfc_sf.obj
 0001:00038370       mdl_enable_processing      0000000180039370 f   sfc_mex:sfc_sf.obj
 0001:00038450       mdl_disable_processing     0000000180039450 f   sfc_mex:sfc_sf.obj
 0001:000392e0       sf_call_output_fcn_enable_disable 000000018003a2e0 f   sfc_mex:sfc_sf.obj
 0001:00039560       set_dwork_information_from_mx_array 000000018003a560 f   sfc_mex:sfc_sf.obj
 0001:00039e50       ptr2mxStruct               000000018003ae50 f   sfc_mex:sfc_sf.obj
 0001:0003a160       SNPRINTF_WRAPPER           000000018003b160 f   sfc_debug:sfcdebug.obj
 0001:0003a190       sf_debug_chart_instance_initialized 000000018003b190 f   sfc_debug:sfcdebug.obj
 0001:0003a330       sfrtAddSize                000000018003b330 f   sfc_debug:sfcdebug.obj
 0001:0003a3f0       sfrtGenSizeString          000000018003b3f0 f   sfc_debug:sfcdebug.obj
 0001:0003ab40       fill_single_message_info   000000018003bb40 f   sfc_debug:sfcdebug.obj
 0001:0003adc0       sf_debug_sim_status_listener 000000018003bdc0 f   sfc_debug:sfcdebug.obj
 0001:0003b350       sf_debug_form_mask_bits    000000018003c350 f   sfc_debug:sfcdebug.obj
 0001:0003b370       sf_debug_form_sf_data_type_offsets 000000018003c370 f   sfc_debug:sfcdebug.obj
 0001:0003b430       sf_debug_free_all          000000018003c430 f   sfc_debug:sfcdebug.obj
 0001:0003b5c0       sf_debug_append_debugger_context 000000018003c5c0 f   sfc_debug:sfcdebug.obj
 0001:0003b930       local_strdup               000000018003c930 f   sfc_debug:sfcdebug.obj
 0001:0003c8b0       sf_debug_em_terminate      000000018003d8b0 f   sfc_debug:sfcdebug.obj
 0001:0003c8f0       sf_debug_push_eml_function 000000018003d8f0 f   sfc_debug:sfcdebug.obj
 0001:0003c990       sf_debug_pop_eml_function  000000018003d990 f   sfc_debug:sfcdebug.obj
 0001:0003d630       sf_debug_get_machine_number_from_id_or_name 000000018003e630 f   sfc_debug:sfcdebug.obj
 0001:0003d780       sf_debug_get_chart_number_from_id 000000018003e780 f   sfc_debug:sfcdebug.obj
 0001:0003e560       sf_debug_transfer_control_to_debugger_GUI 000000018003f560 f   sfc_debug:sfcdebug.obj
 0001:0003f4d0       sf_debug_scripts_rehash    00000001800404d0 f   sfc_debug:sfcdebug.obj
 0001:0003f6e0       sf_debug_get_script_line_count 00000001800406e0 f   sfc_debug:sfcdebug.obj
 0001:00040130       cv_eml_state_cvId          0000000180041130 f   sfc_debug:sfcdebug.obj
 0001:000401a0       cv_eml_trans_cvId          00000001800411a0 f   sfc_debug:sfcdebug.obj
 0001:00041620       sf_debug_data_array_bounds_error 0000000180042620 f   sfc_debug:sfcdebug.obj
 0001:000419d0       eml_debug_runtime_error_doclink 00000001800429d0 f   sfc_debug:sfcdebug.obj
 0001:00041b40       sf_debug_runtime_error     0000000180042b40 f   sfc_debug:sfcdebug.obj
 0001:00041bb0       sf_debug_matlab_error      0000000180042bb0 f   sfc_debug:sfcdebug.obj
 0001:00042520       sf_debug_data_value_error  0000000180043520 f   sfc_debug:sfcdebug.obj
 0001:00042df0       sf_debug_data_loss_error   0000000180043df0 f   sfc_debug:sfcdebug.obj
 0001:00043d10       call_cv_range_check        0000000180044d10 f   sfc_debug:sfcdebug.obj
 0001:00044570       sf_debug_invoke_cycle_detection_code 0000000180045570 f   sfc_debug:sfcdebug.obj
 0001:000450e0       sf_reset_debug_info_struct 00000001800460e0 f   sfc_debug:sfcdebug.obj
 0001:000458d0       cv_script_cvId             00000001800468d0 f   sfc_debug:sfcdebug.obj
 0001:00046a90       sfc_api_chart_visible      0000000180047a90 f   sfc_debug:sfc_api.obj
 0001:00046b20       sfc_api_active_instance    0000000180047b20 f   sfc_debug:sfc_api.obj
 0001:00046bb0       sfc_api_machine_load       0000000180047bb0 f   sfc_debug:sfc_api.obj
 0001:00046ca0       sfc_api_debugger_alive     0000000180047ca0 f   sfc_debug:sfc_api.obj
 0001:00046cb0       sfc_api_go                 0000000180047cb0 f   sfc_debug:sfc_api.obj
 0001:00046cc0       sfc_api_step_over          0000000180047cc0 f   sfc_debug:sfc_api.obj
 0001:00046cd0       sfc_api_step_out           0000000180047cd0 f   sfc_debug:sfc_api.obj
 0001:00046ce0       sfc_api_resume             0000000180047ce0 f   sfc_debug:sfc_api.obj
 0001:00046cf0       sfc_api_break              0000000180047cf0 f   sfc_debug:sfc_api.obj
 0001:00046d00       sfc_api_stop_debugging     0000000180047d00 f   sfc_debug:sfc_api.obj
 0001:00046d60       sfc_api_is_cycle_detected  0000000180047d60 f   sfc_debug:sfc_api.obj
 0001:00046dc0       sfc_api_is_array_bounds_detected 0000000180047dc0 f   sfc_debug:sfc_api.obj
 0001:00046e20       sfc_api_set_disable_all_breakpoints 0000000180047e20 f   sfc_debug:sfc_api.obj
 0001:00046ea0       sfc_api_disable_all_breakpoints_and_go 0000000180047ea0 f   sfc_debug:sfc_api.obj
 0001:00046eb0       sfc_api_close              0000000180047eb0 f   sfc_debug:sfc_api.obj
 0001:00046ec0       sfc_api_browse_data        0000000180047ec0 f   sfc_debug:sfc_api.obj
 0001:00046f40       sfc_api_watch_data         0000000180047f40 f   sfc_debug:sfc_api.obj
 0001:00047050       sfc_api_extract_message_post_receive_info 0000000180048050 f   sfc_debug:sfc_api.obj
 0001:00047070       sfc_api_assign_data        0000000180048070 f   sfc_debug:sfc_api.obj
 0001:00047120       sfc_api_whos               0000000180048120 f   sfc_debug:sfc_api.obj
 0001:000471b0       sfc_api_get_consistency_info 00000001800481b0 f   sfc_debug:sfc_api.obj
 0001:000471c0       sfc_api_browse_trace       00000001800481c0 f   sfc_debug:sfc_api.obj
 0001:000471d0       sfc_api_break_on_chart_entry 00000001800481d0 f   sfc_debug:sfc_api.obj
 0001:00047200       sfc_api_break_on_event_broadcast 0000000180048200 f   sfc_debug:sfc_api.obj
 0001:00047230       sfc_api_break_on_state_entry 0000000180048230 f   sfc_debug:sfc_api.obj
 0001:00047260       sfc_api_set_watch          0000000180048260 f   sfc_debug:sfc_api.obj
 0001:00047310       sfc_api_set_breakpoints    0000000180048310 f   sfc_debug:sfc_api.obj
 0001:000473d0       sfc_api_set_eml_breakpoints 00000001800483d0 f   sfc_debug:sfc_api.obj
 0001:00047470       sfc_api_set_script_breakpoints 0000000180048470 f   sfc_debug:sfc_api.obj
 0001:000474d0       sfc_api_add_script_breakpoints 00000001800484d0 f   sfc_debug:sfc_api.obj
 0001:00047530       sfc_api_clear_script_breakpoints 0000000180048530 f   sfc_debug:sfc_api.obj
 0001:00047590       sfc_api_query_script_breakpoints 0000000180048590 f   sfc_debug:sfc_api.obj
 0001:00047600       sfc_api_get_script_id      0000000180048600 f   sfc_debug:sfc_api.obj
 0001:000476c0       sfc_api_get_active_states  00000001800486c0 f   sfc_debug:sfc_api.obj
 0001:00047750       sfc_api_break_between_times 0000000180048750 f   sfc_debug:sfc_api.obj
 0001:000477c0       sfc_api_get_instance_handle 00000001800487c0 f   sfc_debug:sfc_api.obj
 0001:00047890       sfc_api_set_animation      0000000180048890 f   sfc_debug:sfc_api.obj
 0001:000478e0       sfc_api_select_chart       00000001800488e0 f   sfc_debug:sfc_api.obj
 0001:00047950       sfc_api_select_charts      0000000180048950 f   sfc_debug:sfc_api.obj
 0001:00047980       sfc_api_cycle_detection_check 0000000180048980 f   sfc_debug:sfc_api.obj
 0001:000479d0       sfc_api_data_range_check   00000001800489d0 f   sfc_debug:sfc_api.obj
 0001:00047a20       sfc_api_transition_conflict_check 0000000180048a20 f   sfc_debug:sfc_api.obj
 0001:00047a70       sfc_api_state_consistency_check 0000000180048a70 f   sfc_debug:sfc_api.obj
 0001:00047ac0       sfc_api_set_instance_cv_ids 0000000180048ac0 f   sfc_debug:sfc_api.obj
 0001:00047bf0       sfc_api_set_script_cv_ids  0000000180048bf0 f   sfc_debug:sfc_api.obj
 0001:00047cc0       sfc_api_get_current_machine_id 0000000180048cc0 f   sfc_debug:sfc_api.obj
 0001:00047cf0       sfc_api_get_current_machine_number 0000000180048cf0 f   sfc_debug:sfc_api.obj
 0001:00047d20       sfc_api_get_current_chart_number 0000000180048d20 f   sfc_debug:sfc_api.obj
 0001:00047d50       sfc_api_get_current_instance_number 0000000180048d50 f   sfc_debug:sfc_api.obj
 0001:00047d80       sfc_api_get_current_instance_handle 0000000180048d80 f   sfc_debug:sfc_api.obj
 0001:00047da0       sfc_api_get_current_is_minor_time_step 0000000180048da0 f   sfc_debug:sfc_api.obj
 0001:00047dd0       sfc_api_get_current_machine_name 0000000180048dd0 f   sfc_debug:sfc_api.obj
 0001:00047df0       sfc_api_get_current_chart_id 0000000180048df0 f   sfc_debug:sfc_api.obj
 0001:00047e20       sfc_api_get_current_object_type 0000000180048e20 f   sfc_debug:sfc_api.obj
 0001:00047e50       sfc_api_get_current_event_type 0000000180048e50 f   sfc_debug:sfc_api.obj
 0001:00047e80       sfc_api_get_current_object_id 0000000180048e80 f   sfc_debug:sfc_api.obj
 0001:00047eb0       sfc_get_current_active_event_type 0000000180048eb0 f   sfc_debug:sfc_api.obj
 0001:00047ee0       sfc_api_get_current_active_event_id 0000000180048ee0 f   sfc_debug:sfc_api.obj
 0001:00047f10       sfc_api_get_current_simulation_time 0000000180048f10 f   sfc_debug:sfc_api.obj
 0001:00047f30       sfc_get_current_tag_type   0000000180048f30 f   sfc_debug:sfc_api.obj
 0001:00047f60       sfc_get_current_coverage_percentage 0000000180048f60 f   sfc_debug:sfc_api.obj
 0001:00047f80       sfc_get_current_statement_context 0000000180048f80 f   sfc_debug:sfc_api.obj
 0001:00047fa0       sfc_get_current_optional_integer 0000000180048fa0 f   sfc_debug:sfc_api.obj
 0001:00047fd0       sfc_get_current_statement_info 0000000180048fd0 f   sfc_debug:sfc_api.obj
 0001:00048070       sfc_api_get                0000000180049070 f   sfc_debug:sfc_api.obj
 0001:00048cd0       sf_debug_sm_fill_state_activity_data 0000000180049cd0 f   sfc_debug:sfdb_animation.obj
 0001:0004b510       void_ptr_stack_vector_free_total 000000018004c510 f   sfc_debug:sfdb_data_browse.obj
 0001:0004b590       sf_debug_st_terminate_machine 000000018004c590 f   sfc_debug:sfdb_data_browse.obj
 0001:0004b5d0       sf_debug_st_terminate_instance 000000018004c5d0 f   sfc_debug:sfdb_data_browse.obj
 0001:0004b980       push_on_to_void_ptr_stack  000000018004c980 f   sfc_debug:sfdb_data_browse.obj
 0001:0004bb10       pop_from_void_ptr_stack    000000018004cb10 f   sfc_debug:sfdb_data_browse.obj
 0001:0004bc40       sf_debug_st_get_data_value 000000018004cc40 f   sfc_debug:sfdb_data_browse.obj
 0001:0004c170       mx_value                   000000018004d170 f   sfc_debug:sfdb_data_browse.obj
 0001:0004c1b0       sf_debug_st_fill_data_struct 000000018004d1b0 f   sfc_debug:sfdb_data_browse.obj
 0001:0004c4f0       data_type_format_strings   000000018004d4f0 f   sfc_debug:sfdb_data_browse.obj
 0001:0004c5a0       sf_debug_st_fill_data      000000018004d5a0 f   sfc_debug:sfdb_data_browse.obj
 0001:0004d290       sf_debug_hm_get_simulink_handle 000000018004e290 f   sfc_debug:sfdb_handle_management.obj
 0001:0004dd40       sf_debug_hm_initialize_globals 000000018004ed40 f   sfc_debug:sfdb_handle_management.obj
 0001:0004de40       sf_debug_hm_get_machine_debug_flag 000000018004ee40 f   sfc_debug:sfdb_handle_management.obj
 0001:0004dfb0       sf_debug_hm_get_machine_id 000000018004efb0 f   sfc_debug:sfdb_handle_management.obj
 0001:0004e0d0       sf_debug_hm_get_chart_id   000000018004f0d0 f   sfc_debug:sfdb_handle_management.obj
 0001:0004e270       sf_debug_hm_register_executing_SFunction 000000018004f270 f   sfc_debug:sfdb_handle_management.obj
 0001:0004e600       sf_debug_hm_form_object_boolean_properties 000000018004f600 f   sfc_debug:sfdb_handle_management.obj
 0001:0004e8d0       sf_debug_hm_form_object_properties 000000018004f8d0 f   sfc_debug:sfdb_handle_management.obj
 0001:0004eb10       sf_debug_hm_terminate_charts 000000018004fb10 f   sfc_debug:sfdb_handle_management.obj
 0001:0004f1f0       sf_debug_hm_terminate_machines 00000001800501f0 f   sfc_debug:sfdb_handle_management.obj
 0001:00050c60       sf_debug_ss_copy_dimension 0000000180051c60 f   sfc_debug:sfdb_symbol_scope.obj
 0001:00050d20       sf_debug_ss_get_number_elements 0000000180051d20 f   sfc_debug:sfdb_symbol_scope.obj
 0001:00050d40       sf_debug_ss_fill_data_struct 0000000180051d40 f   sfc_debug:sfdb_symbol_scope.obj
 0001:00051090       sf_debug_ss_reset_data_info 0000000180052090 f   sfc_debug:sfdb_symbol_scope.obj
 0001:000510f0       sf_debug_fill_data_info_by_symbol_scope_entry 00000001800520f0 f   sfc_debug:sfdb_symbol_scope.obj
 0001:000511b0       sf_debug_fill_data_info_by_data_vector 00000001800521b0 f   sfc_debug:sfdb_symbol_scope.obj
 0001:00051400       get_data_info_helper       0000000180052400 f   sfc_debug:sfdb_symbol_scope.obj
 0001:000516f0       sf_debug_ss_get_data_info  00000001800526f0 f   sfc_debug:sfdb_symbol_scope.obj
 0001:00051910       sf_debug_select_mex_function 0000000180052910 f   sfc_debug:sfdb_symbol_scope.obj
 0001:00051940       sf_debug_is_dyn_matrix_initialized 0000000180052940 f   sfc_debug:sfdb_symbol_scope.obj
 0001:00051960       sf_debug_ss_set_data_value_try 0000000180052960 f   sfc_debug:sfdb_symbol_scope.obj
 0001:00051b50       sf_debug_ss_get_data_value 0000000180052b50 f   sfc_debug:sfdb_symbol_scope.obj
 0001:000522b0       sf_debug_ss_data_bytes_string 00000001800532b0 f   sfc_debug:sfdb_symbol_scope.obj
 0001:00052340       sf_debug_ss_data_class_string 0000000180053340 f   sfc_debug:sfdb_symbol_scope.obj
 0001:000526c0       sf_debug_ss_data_size_string 00000001800536c0 f   sfc_debug:sfdb_symbol_scope.obj
 0001:000527a0       sf_debug_ss_data_create_data_info_struct 00000001800537a0 f   sfc_debug:sfdb_symbol_scope.obj
 0001:00052a50       sf_debug_ss_data_create_name_value_pair 0000000180053a50 f   sfc_debug:sfdb_symbol_scope.obj
 0001:00052af0       sf_debug_ss_data_get_whos_info 0000000180053af0 f   sfc_debug:sfdb_symbol_scope.obj
 0001:00052b00       same_named_data_in_data_array 0000000180053b00 f   sfc_debug:sfdb_symbol_scope.obj
 0001:00054290       sf_debug_cc_terminate_chart 0000000180055290 f   sfc_debug:sfdb_coverage.obj
 0001:000545a0       sf_debug_cc_terminate_instance 00000001800555a0 f   sfc_debug:sfdb_coverage.obj
 0001:00055170       sf_debug_cc_mark_object_if_needed 0000000180056170 f   sfc_debug:sfdb_coverage.obj
 0001:000559f0       sf_debug_bm_initialize_eml 00000001800569f0 f   sfc_debug:sfdb_breakpoints.obj
 0001:00056ab0       sf_debug_bm_map_debug_tag_to_breakpoint_tag 0000000180057ab0 f   sfc_debug:sfdb_breakpoints.obj
 0001:00056b90       sf_debug_bm_is_a_eml_breakpoint_impl 0000000180057b90 f   sfc_debug:sfdb_breakpoints.obj
 0001:000584c0       sf_debug_sc_push_on_error_stack 00000001800594c0 f   sfc_debug:sfdb_state_consistency.obj
 0001:000585e0       sf_debug_sc_reset_error_stack 00000001800595e0 f   sfc_debug:sfdb_state_consistency.obj
 0001:00058770       sf_debug_sc_is_state_inconsistent 0000000180059770 f   sfc_debug:sfdb_state_consistency.obj
 0001:00058a60       sf_debug_sc_fill_consistency_info 0000000180059a60 f   sfc_debug:sfdb_state_consistency.obj
 0001:00059000       void_assertion_fcn         000000018005a000 f   sfc_debug:sfdb_call_stack.obj
 0001:00059550       sf_debug_tm_fill_local_trace 000000018005a550 f   sfc_debug:sfdb_call_stack.obj
 0001:00059af0       sf_debug_cd_terminate_instance 000000018005aaf0 f   sfc_debug:sfdb_cycle_detection.obj
 0001:00059b50       sf_debug_cd_free_checksum_stack 000000018005ab50 f   sfc_debug:sfdb_cycle_detection.obj
 0001:00059ba0       sf_debug_cd_reset_pack_strings 000000018005aba0 f   sfc_debug:sfdb_cycle_detection.obj
 0001:0005a240       md5file_clear              000000018005b240 f   sfc_debug:ckmd5.obj
 0001:0005a270       Encode                     000000018005b270 f   sfc_debug:ckmd5.obj
 0001:0005a2c0       Decode                     000000018005b2c0 f   sfc_debug:ckmd5.obj
 0001:0005a360       MD5Transform               000000018005b360 f   sfc_debug:ckmd5.obj
 0001:0005abc0       md5file_addn               000000018005bbc0 f   sfc_debug:ckmd5.obj
 0001:0005ac90       md5file_hash               000000018005bc90 f   sfc_debug:ckmd5.obj
 0001:0005b230       pre_c_init                 000000018005c230 f   MSVCRT:crtdll.obj
 0001:0005b4ec       __DllMainCRTStartup        000000018005c4ec f   MSVCRT:crtdll.obj
 0001:0005bb80       __DllMainCRTStartup$filt$0 000000018005cb80 f   MSVCRT:crtdll.obj
 0001:0005bbb0       __DllMainCRTStartup$fin$1  000000018005cbb0 f   MSVCRT:crtdll.obj
 0001:0005bbca       _onexit$fin$0              000000018005cbca f   MSVCRT:atonexit.obj
 0001:0005bbf0       _IsNonwritableInCurrentImage$filt$0 000000018005cbf0 f   MSVCRT:pesect.obj
