 Bowwave2Drogue_v6_addControl_VR_tkTur2_F16_2003_sfun

 Timestamp is 541110ee (Thu Sep 11 11:03:10 2014)

 Preferred load address is 0000000180000000

 Start         Length     Name                   Class
 0001:00000000 0006b3b4H .text                   CODE
 0001:0006b3c0 00000092H .text$x                 CODE
 0002:00000000 000004f8H .idata$5                DATA
 0002:000004f8 00000008H .CRT$XCA                DATA
 0002:00000500 00000008H .CRT$XCZ                DATA
 0002:00000508 00000008H .CRT$XIA                DATA
 0002:00000510 00000008H .CRT$XIAA               DATA
 0002:00000518 00000008H .CRT$XIZ                DATA
 0002:00000520 00004d7cH .rdata                  DATA
 0002:000052a0 00000008H .rtc$IAA                DATA
 0002:000052a8 00000008H .rtc$IZZ                DATA
 0002:000052b0 00000008H .rtc$TAA                DATA
 0002:000052b8 00000008H .rtc$TZZ                DATA
 0002:000052c0 00004accH .xdata                  DATA
 0002:00009d8c 000000b4H .idata$2                DATA
 0002:00009e40 00000014H .idata$3                DATA
 0002:00009e58 000004f8H .idata$4                DATA
 0002:0000a350 00000baeH .idata$6                DATA
 0002:0000af00 0000007aH .edata                  DATA
 0003:00000000 0000f268H .data                   DATA
 0003:0000f280 00002478H .bss                    DATA
 0004:00000000 00003c00H .pdata                  DATA

  Address         Publics by Value              Rva+Base               Lib:Object

 0000:00000000       ___safe_se_handler_count   0000000000000000     <absolute>
 0000:00000000       ___safe_se_handler_table   0000000000000000     <absolute>
 0000:00000000       __ImageBase                0000000180000000     <linker-defined>
 0001:00000000       sf_c1_Bowwave2Drogue_v6_addControl_VR_tkTur2_F16_2003_get_eml_resolved_functions_info 0000000180001000 f   c1_Bowwave2Drogue_v6_addControl_VR_tkTur2_F16_2003.obj
 0001:00000080       sf_c1_Bowwave2Drogue_v6_addControl_VR_tkTur2_F16_2003_get_check_sum 0000000180001080 f   c1_Bowwave2Drogue_v6_addControl_VR_tkTur2_F16_2003.obj
 0001:00000100       sf_c1_Bowwave2Drogue_v6_addControl_VR_tkTur2_F16_2003_get_autoinheritance_info 0000000180001100 f   c1_Bowwave2Drogue_v6_addControl_VR_tkTur2_F16_2003.obj
 0001:00000670       sf_c1_Bowwave2Drogue_v6_addControl_VR_tkTur2_F16_2003_third_party_uses_info 0000000180001670 f   c1_Bowwave2Drogue_v6_addControl_VR_tkTur2_F16_2003.obj
 0001:000006a0       sf_internal_get_sim_state_c1_Bowwave2Drogue_v6_addControl_VR_tkTur2_F16_2003 00000001800016a0 f   c1_Bowwave2Drogue_v6_addControl_VR_tkTur2_F16_2003.obj
 0001:00000a50       sf_internal_set_sim_state_c1_Bowwave2Drogue_v6_addControl_VR_tkTur2_F16_2003 0000000180001a50 f   c1_Bowwave2Drogue_v6_addControl_VR_tkTur2_F16_2003.obj
 0001:00000ef0       c1_Bowwave2Drogue_v6_addControl_VR_tkTur2_F16_2003_method_dispatcher 0000000180001ef0 f   c1_Bowwave2Drogue_v6_addControl_VR_tkTur2_F16_2003.obj
 0001:00003440       sf_c2_Bowwave2Drogue_v6_addControl_VR_tkTur2_F16_2003_get_eml_resolved_functions_info 0000000180004440 f   c2_Bowwave2Drogue_v6_addControl_VR_tkTur2_F16_2003.obj
 0001:000048b0       sf_c2_Bowwave2Drogue_v6_addControl_VR_tkTur2_F16_2003_get_check_sum 00000001800058b0 f   c2_Bowwave2Drogue_v6_addControl_VR_tkTur2_F16_2003.obj
 0001:00004930       sf_c2_Bowwave2Drogue_v6_addControl_VR_tkTur2_F16_2003_get_autoinheritance_info 0000000180005930 f   c2_Bowwave2Drogue_v6_addControl_VR_tkTur2_F16_2003.obj
 0001:00005280       sf_c2_Bowwave2Drogue_v6_addControl_VR_tkTur2_F16_2003_third_party_uses_info 0000000180006280 f   c2_Bowwave2Drogue_v6_addControl_VR_tkTur2_F16_2003.obj
 0001:000052b0       sf_internal_get_sim_state_c2_Bowwave2Drogue_v6_addControl_VR_tkTur2_F16_2003 00000001800062b0 f   c2_Bowwave2Drogue_v6_addControl_VR_tkTur2_F16_2003.obj
 0001:00005790       sf_internal_set_sim_state_c2_Bowwave2Drogue_v6_addControl_VR_tkTur2_F16_2003 0000000180006790 f   c2_Bowwave2Drogue_v6_addControl_VR_tkTur2_F16_2003.obj
 0001:00005c20       c2_Bowwave2Drogue_v6_addControl_VR_tkTur2_F16_2003_method_dispatcher 0000000180006c20 f   c2_Bowwave2Drogue_v6_addControl_VR_tkTur2_F16_2003.obj
 0001:0000b0c0       sf_c3_Bowwave2Drogue_v6_addControl_VR_tkTur2_F16_2003_get_eml_resolved_functions_info 000000018000c0c0 f   c3_Bowwave2Drogue_v6_addControl_VR_tkTur2_F16_2003.obj
 0001:00010c70       sf_c3_Bowwave2Drogue_v6_addControl_VR_tkTur2_F16_2003_get_check_sum 0000000180011c70 f   c3_Bowwave2Drogue_v6_addControl_VR_tkTur2_F16_2003.obj
 0001:00010cf0       sf_c3_Bowwave2Drogue_v6_addControl_VR_tkTur2_F16_2003_get_autoinheritance_info 0000000180011cf0 f   c3_Bowwave2Drogue_v6_addControl_VR_tkTur2_F16_2003.obj
 0001:00011260       sf_c3_Bowwave2Drogue_v6_addControl_VR_tkTur2_F16_2003_third_party_uses_info 0000000180012260 f   c3_Bowwave2Drogue_v6_addControl_VR_tkTur2_F16_2003.obj
 0001:00011290       sf_internal_get_sim_state_c3_Bowwave2Drogue_v6_addControl_VR_tkTur2_F16_2003 0000000180012290 f   c3_Bowwave2Drogue_v6_addControl_VR_tkTur2_F16_2003.obj
 0001:00011640       sf_internal_set_sim_state_c3_Bowwave2Drogue_v6_addControl_VR_tkTur2_F16_2003 0000000180012640 f   c3_Bowwave2Drogue_v6_addControl_VR_tkTur2_F16_2003.obj
 0001:00011b30       c3_Bowwave2Drogue_v6_addControl_VR_tkTur2_F16_2003_method_dispatcher 0000000180012b30 f   c3_Bowwave2Drogue_v6_addControl_VR_tkTur2_F16_2003.obj
 0001:0001ea00       sf_c4_Bowwave2Drogue_v6_addControl_VR_tkTur2_F16_2003_get_eml_resolved_functions_info 000000018001fa00 f   c4_Bowwave2Drogue_v6_addControl_VR_tkTur2_F16_2003.obj
 0001:0001f500       sf_c4_Bowwave2Drogue_v6_addControl_VR_tkTur2_F16_2003_get_check_sum 0000000180020500 f   c4_Bowwave2Drogue_v6_addControl_VR_tkTur2_F16_2003.obj
 0001:0001f580       sf_c4_Bowwave2Drogue_v6_addControl_VR_tkTur2_F16_2003_get_autoinheritance_info 0000000180020580 f   c4_Bowwave2Drogue_v6_addControl_VR_tkTur2_F16_2003.obj
 0001:0001f9a0       sf_c4_Bowwave2Drogue_v6_addControl_VR_tkTur2_F16_2003_third_party_uses_info 00000001800209a0 f   c4_Bowwave2Drogue_v6_addControl_VR_tkTur2_F16_2003.obj
 0001:0001f9d0       sf_internal_get_sim_state_c4_Bowwave2Drogue_v6_addControl_VR_tkTur2_F16_2003 00000001800209d0 f   c4_Bowwave2Drogue_v6_addControl_VR_tkTur2_F16_2003.obj
 0001:0001fd90       sf_internal_set_sim_state_c4_Bowwave2Drogue_v6_addControl_VR_tkTur2_F16_2003 0000000180020d90 f   c4_Bowwave2Drogue_v6_addControl_VR_tkTur2_F16_2003.obj
 0001:00020230       c4_Bowwave2Drogue_v6_addControl_VR_tkTur2_F16_2003_method_dispatcher 0000000180021230 f   c4_Bowwave2Drogue_v6_addControl_VR_tkTur2_F16_2003.obj
 0001:000228d0       sf_c5_Bowwave2Drogue_v6_addControl_VR_tkTur2_F16_2003_get_eml_resolved_functions_info 00000001800238d0 f   c5_Bowwave2Drogue_v6_addControl_VR_tkTur2_F16_2003.obj
 0001:00023c30       sf_c5_Bowwave2Drogue_v6_addControl_VR_tkTur2_F16_2003_get_check_sum 0000000180024c30 f   c5_Bowwave2Drogue_v6_addControl_VR_tkTur2_F16_2003.obj
 0001:00023cb0       sf_c5_Bowwave2Drogue_v6_addControl_VR_tkTur2_F16_2003_get_autoinheritance_info 0000000180024cb0 f   c5_Bowwave2Drogue_v6_addControl_VR_tkTur2_F16_2003.obj
 0001:000240d0       sf_c5_Bowwave2Drogue_v6_addControl_VR_tkTur2_F16_2003_third_party_uses_info 00000001800250d0 f   c5_Bowwave2Drogue_v6_addControl_VR_tkTur2_F16_2003.obj
 0001:00024100       sf_internal_get_sim_state_c5_Bowwave2Drogue_v6_addControl_VR_tkTur2_F16_2003 0000000180025100 f   c5_Bowwave2Drogue_v6_addControl_VR_tkTur2_F16_2003.obj
 0001:000244e0       sf_internal_set_sim_state_c5_Bowwave2Drogue_v6_addControl_VR_tkTur2_F16_2003 00000001800254e0 f   c5_Bowwave2Drogue_v6_addControl_VR_tkTur2_F16_2003.obj
 0001:000249b0       c5_Bowwave2Drogue_v6_addControl_VR_tkTur2_F16_2003_method_dispatcher 00000001800259b0 f   c5_Bowwave2Drogue_v6_addControl_VR_tkTur2_F16_2003.obj
 0001:0002e4e0       sf_c6_Bowwave2Drogue_v6_addControl_VR_tkTur2_F16_2003_get_eml_resolved_functions_info 000000018002f4e0 f   c6_Bowwave2Drogue_v6_addControl_VR_tkTur2_F16_2003.obj
 0001:0002f750       sf_c6_Bowwave2Drogue_v6_addControl_VR_tkTur2_F16_2003_get_check_sum 0000000180030750 f   c6_Bowwave2Drogue_v6_addControl_VR_tkTur2_F16_2003.obj
 0001:0002f7d0       sf_c6_Bowwave2Drogue_v6_addControl_VR_tkTur2_F16_2003_get_autoinheritance_info 00000001800307d0 f   c6_Bowwave2Drogue_v6_addControl_VR_tkTur2_F16_2003.obj
 0001:0002fbf0       sf_c6_Bowwave2Drogue_v6_addControl_VR_tkTur2_F16_2003_third_party_uses_info 0000000180030bf0 f   c6_Bowwave2Drogue_v6_addControl_VR_tkTur2_F16_2003.obj
 0001:0002fc20       sf_internal_get_sim_state_c6_Bowwave2Drogue_v6_addControl_VR_tkTur2_F16_2003 0000000180030c20 f   c6_Bowwave2Drogue_v6_addControl_VR_tkTur2_F16_2003.obj
 0001:0002ffd0       sf_internal_set_sim_state_c6_Bowwave2Drogue_v6_addControl_VR_tkTur2_F16_2003 0000000180030fd0 f   c6_Bowwave2Drogue_v6_addControl_VR_tkTur2_F16_2003.obj
 0001:00030470       c6_Bowwave2Drogue_v6_addControl_VR_tkTur2_F16_2003_method_dispatcher 0000000180031470 f   c6_Bowwave2Drogue_v6_addControl_VR_tkTur2_F16_2003.obj
 0001:00038ce0       sf_process_check_sum_call  0000000180039ce0 f   Bowwave2Drogue_v6_addControl_VR_tkTur2_F16_2003_sfun_registry.obj
 0001:00038d30       sf_process_autoinheritance_call 0000000180039d30 f   Bowwave2Drogue_v6_addControl_VR_tkTur2_F16_2003_sfun_registry.obj
 0001:00038ed0       sf_process_get_third_party_uses_info_call 0000000180039ed0 f   Bowwave2Drogue_v6_addControl_VR_tkTur2_F16_2003_sfun_registry.obj
 0001:00039070       sf_process_get_eml_resolved_functions_info_call 000000018003a070 f   Bowwave2Drogue_v6_addControl_VR_tkTur2_F16_2003_sfun_registry.obj
 0001:000391f0       sf_mex_unlock_call         000000018003a1f0 f   Bowwave2Drogue_v6_addControl_VR_tkTur2_F16_2003_sfun_registry.obj
 0001:000392a0       sf_machine_global_initializer_called 000000018003a2a0 f   Bowwave2Drogue_v6_addControl_VR_tkTur2_F16_2003_sfun_registry.obj
 0001:000392d0       sf_machine_global_method_dispatcher 000000018003a2d0 f   Bowwave2Drogue_v6_addControl_VR_tkTur2_F16_2003_sfun_registry.obj
 0001:00039330       sf_machine_global_terminator 000000018003a330 f   Bowwave2Drogue_v6_addControl_VR_tkTur2_F16_2003_sfun_registry.obj
 0001:00039380       sf_register_machine_exported_symbols 000000018003a380 f   Bowwave2Drogue_v6_addControl_VR_tkTur2_F16_2003_sfun_registry.obj
 0001:000393a0       callCustomFcn              000000018003a3a0 f   Bowwave2Drogue_v6_addControl_VR_tkTur2_F16_2003_sfun_registry.obj
 0001:000393b0       sf_machine_global_initializer 000000018003a3b0 f   Bowwave2Drogue_v6_addControl_VR_tkTur2_F16_2003_sfun_registry.obj
 0001:00039430       _ssSetStateAbsTol          000000018003a430 f   Bowwave2Drogue_v6_addControl_VR_tkTur2_F16_2003_sfun_registry.obj
 0001:00039510       _ssGetAbsTol               000000018003a510 f   Bowwave2Drogue_v6_addControl_VR_tkTur2_F16_2003_sfun_registry.obj
 0001:00039580       _ssSetInputPortMatrixDimensions 000000018003a580 f   Bowwave2Drogue_v6_addControl_VR_tkTur2_F16_2003_sfun_registry.obj
 0001:00039690       _ssSetOutputPortMatrixDimensions 000000018003a690 f   Bowwave2Drogue_v6_addControl_VR_tkTur2_F16_2003_sfun_registry.obj
 0001:000397a0       _ssSetInputPortVectorDimension 000000018003a7a0 f   Bowwave2Drogue_v6_addControl_VR_tkTur2_F16_2003_sfun_registry.obj
 0001:00039870       _ssSetOutputPortVectorDimension 000000018003a870 f   Bowwave2Drogue_v6_addControl_VR_tkTur2_F16_2003_sfun_registry.obj
 0001:00039940       ssIsRunTimeParamTunable    000000018003a940 f   Bowwave2Drogue_v6_addControl_VR_tkTur2_F16_2003_sfun_registry.obj
 0001:000399b0       ssGetSFuncBlockHandle      000000018003a9b0 f   Bowwave2Drogue_v6_addControl_VR_tkTur2_F16_2003_sfun_registry.obj
 0001:00039a20       _ssGetCurrentInputPortWidth 000000018003aa20 f   Bowwave2Drogue_v6_addControl_VR_tkTur2_F16_2003_sfun_registry.obj
 0001:00039b40       _ssGetCurrentOutputPortWidth 000000018003ab40 f   Bowwave2Drogue_v6_addControl_VR_tkTur2_F16_2003_sfun_registry.obj
 0001:00039c60       _ssGetCallSystemNumFcnCallDestinations 000000018003ac60 f   Bowwave2Drogue_v6_addControl_VR_tkTur2_F16_2003_sfun_registry.obj
 0001:00039cd0       ssWarning                  000000018003acd0 f   Bowwave2Drogue_v6_addControl_VR_tkTur2_F16_2003_sfun_registry.obj
 0001:00039de0       ssGetIsZeroCrossControlDisabled 000000018003ade0 f   Bowwave2Drogue_v6_addControl_VR_tkTur2_F16_2003_sfun_registry.obj
 0001:00039e50       ssSetIsInputPortUsedForContZcSignal 000000018003ae50 f   Bowwave2Drogue_v6_addControl_VR_tkTur2_F16_2003_sfun_registry.obj
 0001:00039ec0       ssSetZcSignalIsZcElementDisc 000000018003aec0 f   Bowwave2Drogue_v6_addControl_VR_tkTur2_F16_2003_sfun_registry.obj
 0001:00039f70       ssSetZcSignalName          000000018003af70 f   Bowwave2Drogue_v6_addControl_VR_tkTur2_F16_2003_sfun_registry.obj
 0001:00039fe0       ssSetZcSignalWidth         000000018003afe0 f   Bowwave2Drogue_v6_addControl_VR_tkTur2_F16_2003_sfun_registry.obj
 0001:0003a050       ssSetZcSignalZcEventType   000000018003b050 f   Bowwave2Drogue_v6_addControl_VR_tkTur2_F16_2003_sfun_registry.obj
 0001:0003a0c0       ssSetZcSignalType          000000018003b0c0 f   Bowwave2Drogue_v6_addControl_VR_tkTur2_F16_2003_sfun_registry.obj
 0001:0003a130       ssSetZcSignalZcTol         000000018003b130 f   Bowwave2Drogue_v6_addControl_VR_tkTur2_F16_2003_sfun_registry.obj
 0001:0003a1a0       ssSetZcSignalNeedsEventNotification 000000018003b1a0 f   Bowwave2Drogue_v6_addControl_VR_tkTur2_F16_2003_sfun_registry.obj
 0001:0003a210       ssCreateAndAddZcSignalInfo 000000018003b210 f   Bowwave2Drogue_v6_addControl_VR_tkTur2_F16_2003_sfun_registry.obj
 0001:0003a280       ssCloneAndAddZcSignalInfo  000000018003b280 f   Bowwave2Drogue_v6_addControl_VR_tkTur2_F16_2003_sfun_registry.obj
 0001:0003a2f0       ssGetNumZcSignals          000000018003b2f0 f   Bowwave2Drogue_v6_addControl_VR_tkTur2_F16_2003_sfun_registry.obj
 0001:0003a360       ssGetZcSignalVector        000000018003b360 f   Bowwave2Drogue_v6_addControl_VR_tkTur2_F16_2003_sfun_registry.obj
 0001:0003a3d0       ssGetZcSignalZcEvents      000000018003b3d0 f   Bowwave2Drogue_v6_addControl_VR_tkTur2_F16_2003_sfun_registry.obj
 0001:0003a440       ssGetZcSignalName          000000018003b440 f   Bowwave2Drogue_v6_addControl_VR_tkTur2_F16_2003_sfun_registry.obj
 0001:0003a4b0       ssGetZcSignalWidth         000000018003b4b0 f   Bowwave2Drogue_v6_addControl_VR_tkTur2_F16_2003_sfun_registry.obj
 0001:0003a520       ssGetZcSignalZcEventType   000000018003b520 f   Bowwave2Drogue_v6_addControl_VR_tkTur2_F16_2003_sfun_registry.obj
 0001:0003a590       ssGetZcSignalType          000000018003b590 f   Bowwave2Drogue_v6_addControl_VR_tkTur2_F16_2003_sfun_registry.obj
 0001:0003a600       ssGetZcSignalZcTol         000000018003b600 f   Bowwave2Drogue_v6_addControl_VR_tkTur2_F16_2003_sfun_registry.obj
 0001:0003a680       ssGetZcSignalNeedsEventNotification 000000018003b680 f   Bowwave2Drogue_v6_addControl_VR_tkTur2_F16_2003_sfun_registry.obj
 0001:0003a6f0       ssGetZcSignalIsZcElementDisc 000000018003b6f0 f   Bowwave2Drogue_v6_addControl_VR_tkTur2_F16_2003_sfun_registry.obj
 0001:0003a790       ssGetIsInputPortElementContinuous 000000018003b790 f   Bowwave2Drogue_v6_addControl_VR_tkTur2_F16_2003_sfun_registry.obj
 0001:0003a830       _ssGetInputPortSignalPtrsFcn 000000018003b830 f   Bowwave2Drogue_v6_addControl_VR_tkTur2_F16_2003_sfun_registry.obj
 0001:0003aaf0       _ssGetInputPortSignalFcn   000000018003baf0 f   Bowwave2Drogue_v6_addControl_VR_tkTur2_F16_2003_sfun_registry.obj
 0001:0003ad10       _ssSetInputPortDirectFeedThroughFcn 000000018003bd10 f   Bowwave2Drogue_v6_addControl_VR_tkTur2_F16_2003_sfun_registry.obj
 0001:0003ae70       _ssSetInputPortReusableFcn 000000018003be70 f   Bowwave2Drogue_v6_addControl_VR_tkTur2_F16_2003_sfun_registry.obj
 0001:0003af60       _ssSetOutputPortReusableFcn 000000018003bf60 f   Bowwave2Drogue_v6_addControl_VR_tkTur2_F16_2003_sfun_registry.obj
 0001:0003b040       ssGetDTypeIdFromMxArray    000000018003c040 f   Bowwave2Drogue_v6_addControl_VR_tkTur2_F16_2003_sfun_registry.obj
 0001:0003b160       ssWriteRTWStr              000000018003c160 f   Bowwave2Drogue_v6_addControl_VR_tkTur2_F16_2003_sfun_registry.obj
 0001:0003b1c0       ssWriteRTWMxVectParam      000000018003c1c0 f   Bowwave2Drogue_v6_addControl_VR_tkTur2_F16_2003_sfun_registry.obj
 0001:0003b220       ssWriteRTWMx2dMatParam     000000018003c220 f   Bowwave2Drogue_v6_addControl_VR_tkTur2_F16_2003_sfun_registry.obj
 0001:0003b2a0       ssWriteRTWNameValuePair    000000018003c2a0 f   Bowwave2Drogue_v6_addControl_VR_tkTur2_F16_2003_sfun_registry.obj
 0001:0003b790       ssWriteRTWParameters       000000018003c790 f   Bowwave2Drogue_v6_addControl_VR_tkTur2_F16_2003_sfun_registry.obj
 0001:0003bd90       ssWriteRTWParamSettings    000000018003cd90 f   Bowwave2Drogue_v6_addControl_VR_tkTur2_F16_2003_sfun_registry.obj
 0001:0003c460       ssWriteRTWWorkVect         000000018003d460 f   Bowwave2Drogue_v6_addControl_VR_tkTur2_F16_2003_sfun_registry.obj
 0001:0003c960       mexFunction                000000018003d960 f   Bowwave2Drogue_v6_addControl_VR_tkTur2_F16_2003_sfun_registry.obj
 0001:0003e690       ProcessMexSfunctionEveryCall 000000018003f690 f   Bowwave2Drogue_v6_addControl_VR_tkTur2_F16_2003_sfun_registry.obj
 0001:0003e800       Bowwave2Drogue_v6_addControl_VR_tkTur2_F16_2003_initializer 000000018003f800 f   Bowwave2Drogue_v6_addControl_VR_tkTur2_F16_2003_sfun.obj
 0001:0003e810       Bowwave2Drogue_v6_addControl_VR_tkTur2_F16_2003_terminator 000000018003f810 f   Bowwave2Drogue_v6_addControl_VR_tkTur2_F16_2003_sfun.obj
 0001:0003e820       sf_Bowwave2Drogue_v6_addControl_VR_tkTur2_F16_2003_method_dispatcher 000000018003f820 f   Bowwave2Drogue_v6_addControl_VR_tkTur2_F16_2003_sfun.obj
 0001:0003e910       sf_Bowwave2Drogue_v6_addControl_VR_tkTur2_F16_2003_process_check_sum_call 000000018003f910 f   Bowwave2Drogue_v6_addControl_VR_tkTur2_F16_2003_sfun.obj
 0001:0003eda0       sf_Bowwave2Drogue_v6_addControl_VR_tkTur2_F16_2003_autoinheritance_info 000000018003fda0 f   Bowwave2Drogue_v6_addControl_VR_tkTur2_F16_2003_sfun.obj
 0001:0003f0b0       sf_Bowwave2Drogue_v6_addControl_VR_tkTur2_F16_2003_get_eml_resolved_functions_info 00000001800400b0 f   Bowwave2Drogue_v6_addControl_VR_tkTur2_F16_2003_sfun.obj
 0001:0003f330       sf_Bowwave2Drogue_v6_addControl_VR_tkTur2_F16_2003_third_party_uses_info 0000000180040330 f   Bowwave2Drogue_v6_addControl_VR_tkTur2_F16_2003_sfun.obj
 0001:0003f590       Bowwave2Drogue_v6_addControl_VR_tkTur2_F16_2003_debug_initialize 0000000180040590 f   Bowwave2Drogue_v6_addControl_VR_tkTur2_F16_2003_sfun.obj
 0001:0003f610       Bowwave2Drogue_v6_addControl_VR_tkTur2_F16_2003_register_exported_symbols 0000000180040610 f   Bowwave2Drogue_v6_addControl_VR_tkTur2_F16_2003_sfun.obj
 0001:0003f620       load_Bowwave2Drogue_v6_addControl_VR_tkTur2_F16_2003_optimization_info 0000000180040620 f   Bowwave2Drogue_v6_addControl_VR_tkTur2_F16_2003_sfun.obj
 0001:0003f670       unload_Bowwave2Drogue_v6_addControl_VR_tkTur2_F16_2003_optimization_info 0000000180040670 f   Bowwave2Drogue_v6_addControl_VR_tkTur2_F16_2003_sfun.obj
 0001:0003f790       sf_mex_mx_is_numeric       0000000180040790 f   sfc_mex:sfc_mex.obj
 0001:0003f7d0       strcmp_ignore_ws           00000001800407d0 f   sfc_mex:sfc_mex.obj
 0001:0003f910       sf_mex_duplicatearraysafe  0000000180040910 f   sfc_mex:sfc_mex.obj
 0001:0003fa70       sf_set_error_debugger_context_message_fcn 0000000180040a70 f   sfc_mex:sfc_mex.obj
 0001:0003fa80       sf_set_debugger_matlab_error_fcn 0000000180040a80 f   sfc_mex:sfc_mex.obj
 0001:0003fac0       sf_set_error_prefix_string 0000000180040ac0 f   sfc_mex:sfc_mex.obj
 0001:0003faf0       sf_get_error_prefix_string 0000000180040af0 f   sfc_mex:sfc_mex.obj
 0001:0003fb00       sf_mex_enter_parallel_region 0000000180040b00 f   sfc_mex:sfc_mex.obj
 0001:0003fb10       sf_mex_exit_parallel_region 0000000180040b10 f   sfc_mex:sfc_mex.obj
 0001:0003fb20       sf_get_current_jmp_buf_ptr 0000000180040b20 f   sfc_mex:sfc_mex.obj
 0001:0003fb30       sf_set_current_jmp_buf_ptr 0000000180040b30 f   sfc_mex:sfc_mex.obj
 0001:0003fb40       sf_mex_set_halt_simulation 0000000180040b40 f   sfc_mex:sfc_mex.obj
 0001:0003fb50       sf_mex_get_halt_simulation 0000000180040b50 f   sfc_mex:sfc_mex.obj
 0001:0003fb60       sf_mex_clear_error_message 0000000180040b60 f   sfc_mex:sfc_mex.obj
 0001:0003fb80       sf_mex_get_error_message_for_read 0000000180040b80 f   sfc_mex:sfc_mex.obj
 0001:0003fb90       sf_mex_get_error_message_buffer_length 0000000180040b90 f   sfc_mex:sfc_mex.obj
 0001:0003fc70       sf_mex_warning_message     0000000180040c70 f   sfc_mex:sfc_mex.obj
 0001:0003fce0       sf_mex_v_errbuf_createf    0000000180040ce0 f   sfc_mex:sfc_mex.obj
 0001:0003fcf0       sf_mex_errbuf_createf      0000000180040cf0 f   sfc_mex:sfc_mex.obj
 0001:0003fd20       sf_mex_v_errbuf_catf       0000000180040d20 f   sfc_mex:sfc_mex.obj
 0001:0003fd60       sf_mex_errbuf_catf         0000000180040d60 f   sfc_mex:sfc_mex.obj
 0001:0003fdb0       sf_mex_errbuf_copy         0000000180040db0 f   sfc_mex:sfc_mex.obj
 0001:0003fdc0       sf_mex_errbuf_clear        0000000180040dc0 f   sfc_mex:sfc_mex.obj
 0001:0003fdd0       sf_mex_errbuf_isempty      0000000180040dd0 f   sfc_mex:sfc_mex.obj
 0001:0003fed0       sf_mex_set_error_status    0000000180040ed0 f   sfc_mex:sfc_mex.obj
 0001:0003ff20       sf_mex_error_direct_call   0000000180040f20 f   sfc_mex:sfc_mex.obj
 0001:0003ff40       sf_mex_error_message_no_long_jump 0000000180040f40 f   sfc_mex:sfc_mex.obj
 0001:0003ff60       sf_mex_long_jump_on_error  0000000180040f60 f   sfc_mex:sfc_mex.obj
 0001:0003ff90       sf_mex_call_matlab         0000000180040f90 f   sfc_mex:sfc_mex.obj
 0001:000400b0       sf_mex_check_builtin       00000001800410b0 f   sfc_mex:sfc_mex.obj
 0001:00040150       sf_mex_check_builtin_vs    0000000180041150 f   sfc_mex:sfc_mex.obj
 0001:00040210       sf_mex_check_enum          0000000180041210 f   sfc_mex:sfc_mex.obj
 0001:00040290       sf_mex_create_enum         0000000180041290 f   sfc_mex:sfc_mex.obj
 0001:00040300       sf_mex_get_enum_element    0000000180041300 f   sfc_mex:sfc_mex.obj
 0001:00040310       sf_mex_createcellarray     0000000180041310 f   sfc_mex:sfc_mex.obj
 0001:00040320       sf_mex_setcell             0000000180041320 f   sfc_mex:sfc_mex.obj
 0001:00040330       sf_mex_getcell             0000000180041330 f   sfc_mex:sfc_mex.obj
 0001:00040340       sf_mex_dup                 0000000180041340 f   sfc_mex:sfc_mex.obj
 0001:00040360       sf_mex_assign              0000000180041360 f   sfc_mex:sfc_mex.obj
 0001:000403e0       sf_mex_destroy             00000001800413e0 f   sfc_mex:sfc_mex.obj
 0001:00040410       mx_array_has_fi_type       0000000180041410 f   sfc_mex:sfc_mex.obj
 0001:00040440       sf_mex_convert_from_fi     0000000180041440 f   sfc_mex:sfc_mex.obj
 0001:00040570       sf_mex_convert_to_double   0000000180041570 f   sfc_mex:sfc_mex.obj
 0001:00040690       sf_mex_import_fi_vs        0000000180041690 f   sfc_mex:sfc_mex.obj
 0001:000408c0       sf_matrix_matrix_index_ok  00000001800418c0 f   sfc_mex:sfc_mex.obj
 0001:00040950       sf_vector_vector_index_ok  0000000180041950 f   sfc_mex:sfc_mex.obj
 0001:00040980       ssGetCurrentInputPortDimensions_wrapper 0000000180041980 f   sfc_mex:sfc_mex.obj
 0001:000409a0       ssGetCurrentOutputPortDimensions_wrapper 00000001800419a0 f   sfc_mex:sfc_mex.obj
 0001:000409c0       sf_mex_emlrt_context_is_debug_mode 00000001800419c0 f   sfc_mex:sfc_mex.obj
 0001:000409d0       sf_mex_emlrt_context_set_debug_mode 00000001800419d0 f   sfc_mex:sfc_mex.obj
 0001:000409e0       sf_mex_emlrtNameCapturePostProcessR2012a 00000001800419e0 f   sfc_mex:sfc_mex.obj
 0001:00040a50       sf_clear_error_manager_info 0000000180041a50 f   sfc_mex:sfc_mex.obj
 0001:00040ab0       sf_mex_stop_simulation_abruptly_wo_error 0000000180041ab0 f   sfc_mex:sfc_mex.obj
 0001:00040af0       sf_mex_error_message       0000000180041af0 f   sfc_mex:sfc_mex.obj
 0001:00040b60       sf_react_to_error_in_matlab_call 0000000180041b60 f   sfc_mex:sfc_mex.obj
 0001:00040b90       sf_mex_addfield            0000000180041b90 f   sfc_mex:sfc_mex.obj
 0001:00040c30       sf_mex_getfield            0000000180041c30 f   sfc_mex:sfc_mex.obj
 0001:00040f30       sf_mex_check_class         0000000180041f30 f   sfc_mex:sfc_mex.obj
 0001:00040fd0       sf_mex_is_real             0000000180041fd0 f   sfc_mex:sfc_mex.obj
 0001:00041440       sf_mex_decode_encoded_mx_struct_array 0000000180042440 f   sfc_mex:sfc_mex.obj
 0001:00041730       sf_mex_lw_bounds_check     0000000180042730 f   sfc_mex:sfc_mex.obj
 0001:00041760       sf_mex_lw_size_eq_check_1d 0000000180042760 f   sfc_mex:sfc_mex.obj
 0001:00041780       sf_mex_lw_size_eq_check_nd 0000000180042780 f   sfc_mex:sfc_mex.obj
 0001:00041960       sf_mex_lw_dim_size_eq_check 0000000180042960 f   sfc_mex:sfc_mex.obj
 0001:00041990       sf_mex_lw_dim_size_geq_check 0000000180042990 f   sfc_mex:sfc_mex.obj
 0001:000419c0       sf_mex_lw_sub_assign_size_check_nd 00000001800429c0 f   sfc_mex:sfc_mex.obj
 0001:00041b90       sf_mex_lw_runtime_error_msgid 0000000180042b90 f   sfc_mex:sfc_mex.obj
 0001:00041c80       sf_mex_lw_matrix_matrix_index_check 0000000180042c80 f   sfc_mex:sfc_mex.obj
 0001:00041ca0       sf_mex_lw_vector_vector_index_check 0000000180042ca0 f   sfc_mex:sfc_mex.obj
 0001:00041ce0       sf_mex_lw_for_loop_vector_check 0000000180042ce0 f   sfc_mex:sfc_mex.obj
 0001:00041d70       sf_mex_lw_non_negative_check 0000000180042d70 f   sfc_mex:sfc_mex.obj
 0001:00041db0       sf_mex_overflow_error      0000000180042db0 f   sfc_mex:sfc_mex.obj
 0001:00041dc0       sf_mex_dividebyzero_error  0000000180042dc0 f   sfc_mex:sfc_mex.obj
 0001:00041dd0       sf_mex_unsafe_enum_error   0000000180042dd0 f   sfc_mex:sfc_mex.obj
 0001:00041de0       sf_emlrtErrHandler         0000000180042de0 f   sfc_mex:sfc_mex.obj
 0001:00041ec0       sf_mex_size_one_check      0000000180042ec0 f   sfc_mex:sfc_mex.obj
 0001:00041ee0       sf_mex_printf              0000000180042ee0 f   sfc_mex:sfc_mex.obj
 0001:000420b0       sf_mex_check_size          00000001800430b0 f   sfc_mex:sfc_mex.obj
 0001:00042350       sf_mex_check_struct        0000000180043350 f   sfc_mex:sfc_mex.obj
 0001:000425b0       sf_mex_check_struct_vs     00000001800435b0 f   sfc_mex:sfc_mex.obj
 0001:00042640       sf_mex_check_fi            0000000180043640 f   sfc_mex:sfc_mex.obj
 0001:00042740       sf_mex_check_fi_vs         0000000180043740 f   sfc_mex:sfc_mex.obj
 0001:000427e0       sf_echo_expression         00000001800437e0 f   sfc_mex:sfc_mex.obj
 0001:00042840       sf_assertion_failed        0000000180043840 f   sfc_mex:sfc_mex.obj
 0001:00042b20       sf_mex_evalin              0000000180043b20 f   sfc_mex:sfc_mex.obj
 0001:00042d90       sf_mex_export              0000000180043d90 f   sfc_mex:sfc_mex.obj
 0001:00042e50       sf_mex_get_ml_var_no_error 0000000180043e50 f   sfc_mex:sfc_mex.obj
 0001:00042ff0       sf_mex_get_ml_var          0000000180043ff0 f   sfc_mex:sfc_mex.obj
 0001:00043480       ml_set_element_value_in_array 0000000180044480 f   sfc_mex:sfc_mex.obj
 0001:00044540       sf_mex_call_impl           0000000180045540 f   sfc_mex:sfc_mex.obj
 0001:00044960       sf_mex_call_debug          0000000180045960 f   sfc_mex:sfc_mex.obj
 0001:00044990       sf_mex_call                0000000180045990 f   sfc_mex:sfc_mex.obj
 0001:00044fe0       sf_mex_createstruct        0000000180045fe0 f   sfc_mex:sfc_mex.obj
 0001:000450f0       sf_mex_createstructarray   00000001800460f0 f   sfc_mex:sfc_mex.obj
 0001:00045170       sf_mex_get_mx_datatype_from_sf_datatype 0000000180046170 f   sfc_mex:sfc_mex.obj
 0001:00045480       sf_mex_ml_var_sub          0000000180046480 f   sfc_mex:sfc_mex.obj
 0001:00045660       sf_mex_ml_var_subsasgn     0000000180046660 f   sfc_mex:sfc_mex.obj
 0001:00045a60       sf_mex_sub                 0000000180046a60 f   sfc_mex:sfc_mex.obj
 0001:00045c70       sf_mex_subsasgn            0000000180046c70 f   sfc_mex:sfc_mex.obj
 0001:00046180       sf_mex_create              0000000180047180 f   sfc_mex:sfc_mex.obj
 0001:00046b20       sf_mex_import_named        0000000180047b20 f   sfc_mex:sfc_mex.obj
 0001:00046b80       sf_mex_import              0000000180047b80 f   sfc_mex:sfc_mex.obj
 0001:00046bd0       sf_mex_import_vs           0000000180047bd0 f   sfc_mex:sfc_mex.obj
 0001:00046ce0       sf_mex_lower_fixpt_mx_array 0000000180047ce0 f   sfc_mex:sfc_mex.obj
 0001:00046fe0       sf_send_message_wrapper    0000000180047fe0 f   sfc_mex:sfc_sf.obj
 0001:00047010       sf_receive_message_wrapper 0000000180048010 f   sfc_mex:sfc_sf.obj
 0001:00047050       sf_check_out_message_wrapper 0000000180048050 f   sfc_mex:sfc_sf.obj
 0001:00047090       sf_check_in_message_wrapper 0000000180048090 f   sfc_mex:sfc_sf.obj
 0001:000470d0       sf_no_message_wrapper      00000001800480d0 f   sfc_mex:sfc_sf.obj
 0001:00047460       sim_mode_is_rtw_gen        0000000180048460 f   sfc_mex:sfc_sf.obj
 0001:00047490       sim_mode_is_external       0000000180048490 f   sfc_mex:sfc_sf.obj
 0001:000474a0       sim_mode_is_modelref_sim   00000001800484a0 f   sfc_mex:sfc_sf.obj
 0001:000474c0       mdlInitializeSizes         00000001800484c0 f   sfc_mex:sfc_sf.obj
 0001:000474e0       mdlInitializeSampleTimes   00000001800484e0 f   sfc_mex:sfc_sf.obj
 0001:00047520       mdlZeroCrossings           0000000180048520 f   sfc_mex:sfc_sf.obj
 0001:00047610       mdlDerivatives             0000000180048610 f   sfc_mex:sfc_sf.obj
 0001:000476d0       mdl_initialize_conditions_processing 00000001800486d0 f   sfc_mex:sfc_sf.obj
 0001:00047700       mdlInitializeConditions    0000000180048700 f   sfc_mex:sfc_sf.obj
 0001:000477c0       mdlGetSimState             00000001800487c0 f   sfc_mex:sfc_sf.obj
 0001:000477d0       mdlSetSimState             00000001800487d0 f   sfc_mex:sfc_sf.obj
 0001:000477e0       mdl_ext_mode_exec_processing 00000001800487e0 f   sfc_mex:sfc_sf.obj
 0001:00047800       mdlExtModeExec             0000000180048800 f   sfc_mex:sfc_sf.obj
 0001:000479a0       mdlTerminate               00000001800489a0 f   sfc_mex:sfc_sf.obj
 0001:00047a10       mdlRTW                     0000000180048a10 f   sfc_mex:sfc_sf.obj
 0001:00047a40       mdlSetWorkWidths           0000000180048a40 f   sfc_mex:sfc_sf.obj
 0001:00047a50       mdlProcessParameters       0000000180048a50 f   sfc_mex:sfc_sf.obj
 0001:00047a60       mdl_start_processing       0000000180048a60 f   sfc_mex:sfc_sf.obj
 0001:00047ac0       mdlStart                   0000000180048ac0 f   sfc_mex:sfc_sf.obj
 0001:00047bd0       mdlEnable                  0000000180048bd0 f   sfc_mex:sfc_sf.obj
 0001:00047cb0       mdlDisable                 0000000180048cb0 f   sfc_mex:sfc_sf.obj
 0001:00047d70       sf_get_chart_instance_ptr  0000000180048d70 f   sfc_mex:sfc_sf.obj
 0001:00047d90       sf_load_rtw_optimization_info 0000000180048d90 f   sfc_mex:sfc_sf.obj
 0001:00047e60       sf_update_buildInfo        0000000180048e60 f   sfc_mex:sfc_sf.obj
 0001:00047f60       sf_rtw_info_uint_prop      0000000180048f60 f   sfc_mex:sfc_sf.obj
 0001:000480a0       sf_is_chart_inlinable      00000001800490a0 f   sfc_mex:sfc_sf.obj
 0001:000480c0       sf_mark_output_events_with_multiple_callers 00000001800490c0 f   sfc_mex:sfc_sf.obj
 0001:00048250       sf_mark_chart_reusable_outputs 0000000180049250 f   sfc_mex:sfc_sf.obj
 0001:000484b0       sf_mark_chart_expressionable_inputs 00000001800494b0 f   sfc_mex:sfc_sf.obj
 0001:00048710       sf_get_subchart_simstruct  0000000180049710 f   sfc_mex:sfc_sf.obj
 0001:00048760       sf_get_fixpt_data_type_id  0000000180049760 f   sfc_mex:sfc_sf.obj
 0001:000487a0       sf_get_enum_data_type_id   00000001800497a0 f   sfc_mex:sfc_sf.obj
 0001:000487e0       sf_get_param_data_type_id  00000001800497e0 f   sfc_mex:sfc_sf.obj
 0001:00048810       sf_mex_listen_for_ctrl_c_force 0000000180049810 f   sfc_mex:sfc_sf.obj
 0001:00048920       sf_mex_draw_now            0000000180049920 f   sfc_mex:sfc_sf.obj
 0001:00048960       sf_mex_set_debugger_sim_status_listener_fcn 0000000180049960 f   sfc_mex:sfc_sf.obj
 0001:00048970       sf_mex_listen_for_ctrl_c   0000000180049970 f   sfc_mex:sfc_sf.obj
 0001:00048a10       sf_mex_get_sfun_param      0000000180049a10 f   sfc_mex:sfc_sf.obj
 0001:00048a60       sf_get_runtime_param_data  0000000180049a60 f   sfc_mex:sfc_sf.obj
 0001:00048aa0       sf_call_output_fcn_call    0000000180049aa0 f   sfc_mex:sfc_sf.obj
 0001:00048be0       sf_call_output_fcn_enable  0000000180049be0 f   sfc_mex:sfc_sf.obj
 0001:00048c70       sf_call_output_fcn_disable 0000000180049c70 f   sfc_mex:sfc_sf.obj
 0001:00048d00       sf_clear_rtw_identifier    0000000180049d00 f   sfc_mex:sfc_sf.obj
 0001:00049520       sf_set_encoded_dwork_info  000000018004a520 f   sfc_mex:sfc_sf.obj
 0001:00049570       sf_get_dwork_info_from_mat_file 000000018004a570 f   sfc_mex:sfc_sf.obj
 0001:00049730       sf_set_rtw_dwork_info      000000018004a730 f   sfc_mex:sfc_sf.obj
 0001:000498a0       mdlOutputs                 000000018004a8a0 f   sfc_mex:sfc_sf.obj
 0001:000499c0       sf_debug_chart_instance_initialized_quick 000000018004a9c0 f   sfc_debug:sfcdebug.obj
 0001:00049a40       sf_debug_disp              000000018004aa40 f   sfc_debug:sfcdebug.obj
 0001:00049d10       sf_debug_data_runtime_size_mismatch_error_check 000000018004ad10 f   sfc_debug:sfcdebug.obj
 0001:00049dc0       sf_debug_try_loading_machine 000000018004adc0 f   sfc_debug:sfcdebug.obj
 0001:00049ec0       sf_debug_reset_current_state_configuration 000000018004aec0 f   sfc_debug:sfcdebug.obj
 0001:00049f40       sf_debug_store_current_state_configuration 000000018004af40 f   sfc_debug:sfcdebug.obj
 0001:00049fc0       sf_debug_restore_previous_state_configuration 000000018004afc0 f   sfc_debug:sfcdebug.obj
 0001:0004a040       sf_debug_restore_previous_state_configuration2 000000018004b040 f   sfc_debug:sfcdebug.obj
 0001:0004a0c0       sf_debug_get_event_scope   000000018004b0c0 f   sfc_debug:sfcdebug.obj
 0001:0004a230       use_debugger_step_animation 000000018004b230 f   sfc_debug:sfcdebug.obj
 0001:0004a250       sf_debug_get_script_id     000000018004b250 f   sfc_debug:sfcdebug.obj
 0001:0004a2e0       sf_debug_set_script_translation 000000018004b2e0 f   sfc_debug:sfcdebug.obj
 0001:0004a460       sf_debug_extract_message_post_receive_info 000000018004b460 f   sfc_debug:sfcdebug.obj
 0001:0004a620       sf_debug_get_current_machine_id 000000018004b620 f   sfc_debug:sfcdebug.obj
 0001:0004a640       sf_debug_get_current_optional_integer 000000018004b640 f   sfc_debug:sfcdebug.obj
 0001:0004a650       sf_debug_get_current_machine_number 000000018004b650 f   sfc_debug:sfcdebug.obj
 0001:0004a670       sf_debug_get_current_machine_name 000000018004b670 f   sfc_debug:sfcdebug.obj
 0001:0004a690       sf_debug_get_current_chart_id 000000018004b690 f   sfc_debug:sfcdebug.obj
 0001:0004a6d0       sf_debug_get_current_chart_number 000000018004b6d0 f   sfc_debug:sfcdebug.obj
 0001:0004a6e0       sf_debug_get_current_instance_number 000000018004b6e0 f   sfc_debug:sfcdebug.obj
 0001:0004a6f0       sf_debug_get_current_is_minor_time_step 000000018004b6f0 f   sfc_debug:sfcdebug.obj
 0001:0004a770       sf_debug_get_current_object_type 000000018004b770 f   sfc_debug:sfcdebug.obj
 0001:0004a780       sf_debug_get_current_instance_handle 000000018004b780 f   sfc_debug:sfcdebug.obj
 0001:0004a7e0       sf_debug_get_current_event_type 000000018004b7e0 f   sfc_debug:sfcdebug.obj
 0001:0004a7f0       sf_debug_get_current_object_id 000000018004b7f0 f   sfc_debug:sfcdebug.obj
 0001:0004a830       sf_debug_get_current_active_event_type 000000018004b830 f   sfc_debug:sfcdebug.obj
 0001:0004a840       sf_debug_get_current_active_event_id 000000018004b840 f   sfc_debug:sfcdebug.obj
 0001:0004a880       sf_debug_get_current_tag_type 000000018004b880 f   sfc_debug:sfcdebug.obj
 0001:0004a890       sf_debug_get_current_simulation_time 000000018004b890 f   sfc_debug:sfcdebug.obj
 0001:0004a8a0       sf_debug_get_current_coverage_percentage 000000018004b8a0 f   sfc_debug:sfcdebug.obj
 0001:0004a8b0       sf_debug_current_statement_context 000000018004b8b0 f   sfc_debug:sfcdebug.obj
 0001:0004a930       sf_debug_get_current_statement_info 000000018004b930 f   sfc_debug:sfcdebug.obj
 0001:0004aad0       sf_debug_terminate_instance 000000018004bad0 f   sfc_debug:sfcdebug.obj
 0001:0004adf0       sf_debug_assertion_failed  000000018004bdf0 f   sfc_debug:sfcdebug.obj
 0001:0004afc0       sf_debug_create_debug_instance_struct 000000018004bfc0 f   sfc_debug:sfcdebug.obj
 0001:0004b010       sf_debug_set_number_of_data_with_change_event_for_machine 000000018004c010 f   sfc_debug:sfcdebug.obj
 0001:0004b060       sf_debug_set_machine_event_thresholds 000000018004c060 f   sfc_debug:sfcdebug.obj
 0001:0004b080       sf_debug_set_machine_event_scope 000000018004c080 f   sfc_debug:sfcdebug.obj
 0001:0004b0d0       sf_debug_set_machine_data_thresholds 000000018004c0d0 f   sfc_debug:sfcdebug.obj
 0001:0004b120       sf_debug_set_machine_data_scope 000000018004c120 f   sfc_debug:sfcdebug.obj
 0001:0004b1c0       sf_debug_set_machine_data_name 000000018004c1c0 f   sfc_debug:sfcdebug.obj
 0001:0004b270       sf_debug_set_machine_data_size 000000018004c270 f   sfc_debug:sfcdebug.obj
 0001:0004b3c0       sf_debug_set_machine_data_type 000000018004c3c0 f   sfc_debug:sfcdebug.obj
 0001:0004b530       sf_debug_get_chart_data_number 000000018004c530 f   sfc_debug:sfcdebug.obj
 0001:0004b550       sf_debug_get_chart_event_number 000000018004c550 f   sfc_debug:sfcdebug.obj
 0001:0004b570       sf_debug_set_chart_state_info 000000018004c570 f   sfc_debug:sfcdebug.obj
 0001:0004b600       sf_debug_set_chart_decomposition 000000018004c600 f   sfc_debug:sfcdebug.obj
 0001:0004b670       sf_debug_set_chart_substate_count 000000018004c670 f   sfc_debug:sfcdebug.obj
 0001:0004b750       sf_debug_set_chart_substate_index 000000018004c750 f   sfc_debug:sfcdebug.obj
 0001:0004b7d0       sf_debug_set_chart_state_substate_count 000000018004c7d0 f   sfc_debug:sfcdebug.obj
 0001:0004b8f0       sf_debug_set_chart_state_substate_index 000000018004c8f0 f   sfc_debug:sfcdebug.obj
 0001:0004b980       sf_debug_set_number_of_data_with_change_event_for_chart 000000018004c980 f   sfc_debug:sfcdebug.obj
 0001:0004ba10       sf_debug_set_number_of_states_with_entry_event_for_chart 000000018004ca10 f   sfc_debug:sfcdebug.obj
 0001:0004ba90       sf_debug_set_number_of_states_with_exit_event_for_chart 000000018004ca90 f   sfc_debug:sfcdebug.obj
 0001:0004bb10       sf_debug_set_chart_disable_implicit_casting 000000018004cb10 f   sfc_debug:sfcdebug.obj
 0001:0004bb80       sf_debug_set_chart_event_thresholds 000000018004cb80 f   sfc_debug:sfcdebug.obj
 0001:0004bc00       sf_debug_set_chart_data_compiled_props 000000018004cc00 f   sfc_debug:sfcdebug.obj
 0001:0004bf40       sf_debug_set_chart_data_props 000000018004cf40 f   sfc_debug:sfcdebug.obj
 0001:0004c260       sf_debug_check_fi_license  000000018004d260 f   sfc_debug:sfcdebug.obj
 0001:0004c420       sf_debug_symbol_scope_push 000000018004d420 f   sfc_debug:sfcdebug.obj
 0001:0004c460       sf_debug_symbol_scope_push_eml 000000018004d460 f   sfc_debug:sfcdebug.obj
 0001:0004c4b0       sf_debug_symbol_scope_pop  000000018004d4b0 f   sfc_debug:sfcdebug.obj
 0001:0004c4f0       sf_debug_symbol_scope_add_importable 000000018004d4f0 f   sfc_debug:sfcdebug.obj
 0001:0004c570       sf_debug_symbol_scope_add  000000018004d570 f   sfc_debug:sfcdebug.obj
 0001:0004c5f0       sf_debug_symbol_scope_add_dyn_importable 000000018004d5f0 f   sfc_debug:sfcdebug.obj
 0001:0004c6b0       sf_debug_symbol_scope_add_dyn 000000018004d6b0 f   sfc_debug:sfcdebug.obj
 0001:0004c6f0       sf_debug_symbol_scope_add_eml_importable 000000018004d6f0 f   sfc_debug:sfcdebug.obj
 0001:0004c730       sf_debug_symbol_scope_add_eml 000000018004d730 f   sfc_debug:sfcdebug.obj
 0001:0004c770       sf_debug_symbol_scope_add_eml_dyn_importable 000000018004d770 f   sfc_debug:sfcdebug.obj
 0001:0004c7d0       sf_debug_symbol_scope_add_eml_dyn 000000018004d7d0 f   sfc_debug:sfcdebug.obj
 0001:0004c830       sf_debug_symbol_switch     000000018004d830 f   sfc_debug:sfcdebug.obj
 0001:0004c850       sf_debug_symbol_scope_add_verbose 000000018004d850 f   sfc_debug:sfcdebug.obj
 0001:0004c920       sf_debug_set_machine_data_value_ptr 000000018004d920 f   sfc_debug:sfcdebug.obj
 0001:0004c960       sf_debug_set_instance_data_value_ptr 000000018004d960 f   sfc_debug:sfcdebug.obj
 0001:0004ca30       sf_debug_unset_instance_data_value_ptr 000000018004da30 f   sfc_debug:sfcdebug.obj
 0001:0004cae0       sf_debug_set_chart_event_scope 000000018004dae0 f   sfc_debug:sfcdebug.obj
 0001:0004cb60       sf_debug_set_chart_transition_coverage_maps 000000018004db60 f   sfc_debug:sfcdebug.obj
 0001:0004cc60       sf_debug_set_chart_state_coverage_maps 000000018004dc60 f   sfc_debug:sfcdebug.obj
 0001:0004cd30       sf_debug_set_instance_transition_coverage_weights 000000018004dd30 f   sfc_debug:sfcdebug.obj
 0001:0004cdc0       sf_debug_set_instance_state_coverage_weights 000000018004ddc0 f   sfc_debug:sfcdebug.obj
 0001:0004d010       sf_debug_unload_machine    000000018004e010 f   sfc_debug:sfcdebug.obj
 0001:0004d060       sf_debug_load_machine      000000018004e060 f   sfc_debug:sfcdebug.obj
 0001:0004d170       sf_debug_set_active_instance_in_data_dictionary 000000018004e170 f   sfc_debug:sfcdebug.obj
 0001:0004d350       sf_debug_set_active_instance 000000018004e350 f   sfc_debug:sfcdebug.obj
 0001:0004d4b0       sf_debug_chart_visiblity_change 000000018004e4b0 f   sfc_debug:sfcdebug.obj
 0001:0004d5a0       sf_debug_select_chart      000000018004e5a0 f   sfc_debug:sfcdebug.obj
 0001:0004d700       sf_debug_set_instance_cv_ids 000000018004e700 f   sfc_debug:sfcdebug.obj
 0001:0004da30       sf_debug_select_charts     000000018004ea30 f   sfc_debug:sfcdebug.obj
 0001:0004dbe0       sf_debug_initialized       000000018004ebe0 f   sfc_debug:sfcdebug.obj
 0001:0004dc00       sf_debug_is_uninterruptible 000000018004ec00 f   sfc_debug:sfcdebug.obj
 0001:0004dc30       sf_debug_initialize_debugger_gui 000000018004ec30 f   sfc_debug:sfcdebug.obj
 0001:0004e010       sf_debug_resume            000000018004f010 f   sfc_debug:sfcdebug.obj
 0001:0004e030       sf_debug_go                000000018004f030 f   sfc_debug:sfcdebug.obj
 0001:0004e040       sf_debug_break             000000018004f040 f   sfc_debug:sfcdebug.obj
 0001:0004e050       sf_debug_step_over         000000018004f050 f   sfc_debug:sfcdebug.obj
 0001:0004e060       sf_debug_step_out          000000018004f060 f   sfc_debug:sfcdebug.obj
 0001:0004e070       sf_debug_set_disable_all_breakpoints 000000018004f070 f   sfc_debug:sfcdebug.obj
 0001:0004e080       sf_debug_disable_all_breakpoints_and_go 000000018004f080 f   sfc_debug:sfcdebug.obj
 0001:0004e090       sf_debug_break_on_chart_entry 000000018004f090 f   sfc_debug:sfcdebug.obj
 0001:0004e0a0       sf_debug_break_on_event_broadcast 000000018004f0a0 f   sfc_debug:sfcdebug.obj
 0001:0004e0b0       sf_debug_break_on_state_entry 000000018004f0b0 f   sfc_debug:sfcdebug.obj
 0001:0004e0c0       sf_debug_break_between_times 000000018004f0c0 f   sfc_debug:sfcdebug.obj
 0001:0004e0e0       sf_debug_browse_data       000000018004f0e0 f   sfc_debug:sfcdebug.obj
 0001:0004e0f0       sf_debug_watch_data        000000018004f0f0 f   sfc_debug:sfcdebug.obj
 0001:0004e120       sf_debug_assign_data       000000018004f120 f   sfc_debug:sfcdebug.obj
 0001:0004e130       sf_debug_whos              000000018004f130 f   sfc_debug:sfcdebug.obj
 0001:0004e150       sf_debug_get_consistency_info 000000018004f150 f   sfc_debug:sfcdebug.obj
 0001:0004e160       sf_debug_browse_trace      000000018004f160 f   sfc_debug:sfcdebug.obj
 0001:0004e170       sf_debug_set_breakpoints   000000018004f170 f   sfc_debug:sfcdebug.obj
 0001:0004e2e0       sf_debug_set_eml_breakpoints 000000018004f2e0 f   sfc_debug:sfcdebug.obj
 0001:0004e440       sf_debug_set_script_breakpoints 000000018004f440 f   sfc_debug:sfcdebug.obj
 0001:0004e4c0       sf_debug_add_script_breakpoints 000000018004f4c0 f   sfc_debug:sfcdebug.obj
 0001:0004e530       sf_debug_clear_script_breakpoints 000000018004f530 f   sfc_debug:sfcdebug.obj
 0001:0004e5a0       sf_debug_query_script_breakpoints 000000018004f5a0 f   sfc_debug:sfcdebug.obj
 0001:0004e650       sf_debug_get_eml_script_id 000000018004f650 f   sfc_debug:sfcdebug.obj
 0001:0004e6a0       sf_debug_set_watch         000000018004f6a0 f   sfc_debug:sfcdebug.obj
 0001:0004e8c0       sf_debug_get_instance_handle 000000018004f8c0 f   sfc_debug:sfcdebug.obj
 0001:0004e950       sf_debug_get_active_states 000000018004f950 f   sfc_debug:sfcdebug.obj
 0001:0004e960       sf_debug_set_honor_breakpoints 000000018004f960 f   sfc_debug:sfcdebug.obj
 0001:0004e970       sf_debug_get_animation     000000018004f970 f   sfc_debug:sfcdebug.obj
 0001:0004e980       sf_debug_set_animation     000000018004f980 f   sfc_debug:sfcdebug.obj
 0001:0004e990       sf_debug_animate           000000018004f990 f   sfc_debug:sfcdebug.obj
 0001:0004e9b0       sf_debug_cycle_detection_check 000000018004f9b0 f   sfc_debug:sfcdebug.obj
 0001:0004e9c0       sf_debug_data_range_check  000000018004f9c0 f   sfc_debug:sfcdebug.obj
 0001:0004e9d0       sf_debug_transition_conflict_check 000000018004f9d0 f   sfc_debug:sfcdebug.obj
 0001:0004e9e0       sf_debug_state_consistency_check 000000018004f9e0 f   sfc_debug:sfcdebug.obj
 0001:0004e9f0       sf_debug_data_range_check_enabled 000000018004f9f0 f   sfc_debug:sfcdebug.obj
 0001:0004ea10       sf_debug_transition_conflict_check_enabled 000000018004fa10 f   sfc_debug:sfcdebug.obj
 0001:0004ea30       sf_debug_transition_conflict_check_begin 000000018004fa30 f   sfc_debug:sfcdebug.obj
 0001:0004ea50       sf_debug_transition_conflict_check_end 000000018004fa50 f   sfc_debug:sfcdebug.obj
 0001:0004ea70       sf_debug_stop_debugging    000000018004fa70 f   sfc_debug:sfcdebug.obj
 0001:0004eaa0       sf_debug_is_cycle_detected 000000018004faa0 f   sfc_debug:sfcdebug.obj
 0001:0004eab0       sf_debug_is_array_bounds_detected 000000018004fab0 f   sfc_debug:sfcdebug.obj
 0001:0004eac0       sf_debug_get_state_vectors_data_size 000000018004fac0 f   sfc_debug:sfcdebug.obj
 0001:0004eb00       sf_debug_get_state_vectors_data 000000018004fb00 f   sfc_debug:sfcdebug.obj
 0001:0004ec10       sf_debug_set_state_vectors_data 000000018004fc10 f   sfc_debug:sfcdebug.obj
 0001:0004eea0       sf_debug_get_script_index  000000018004fea0 f   sfc_debug:sfcdebug.obj
 0001:0004f030       sf_debug_add_script        0000000180050030 f   sfc_debug:sfcdebug.obj
 0001:0004f1c0       cv_eval_point              00000001800501c0 f   sfc_debug:sfcdebug.obj
 0001:0004f330       cv_eval_testobjective      0000000180050330 f   sfc_debug:sfcdebug.obj
 0001:0004f440       sf_debug_cv_init_state     0000000180050440 f   sfc_debug:sfcdebug.obj
 0001:0004f570       sf_debug_cv_init_chart     0000000180050570 f   sfc_debug:sfcdebug.obj
 0001:0004f660       sf_debug_cv_init_trans     0000000180050660 f   sfc_debug:sfcdebug.obj
 0001:0004f770       sf_debug_cv_init_saturation 0000000180050770 f   sfc_debug:sfcdebug.obj
 0001:0004f870       sf_debug_cv_init_testobjectives 0000000180050870 f   sfc_debug:sfcdebug.obj
 0001:0004fa50       cv_eml_init_script         0000000180050a50 f   sfc_debug:sfcdebug.obj
 0001:0004fb70       cv_eml_init_fcn            0000000180050b70 f   sfc_debug:sfcdebug.obj
 0001:0004fc80       cv_eml_init_testobjective  0000000180050c80 f   sfc_debug:sfcdebug.obj
 0001:0004fd60       cv_eml_init_saturation     0000000180050d60 f   sfc_debug:sfcdebug.obj
 0001:0004fe30       cv_eml_init_if             0000000180050e30 f   sfc_debug:sfcdebug.obj
 0001:0004ff10       cv_eml_init_for            0000000180050f10 f   sfc_debug:sfcdebug.obj
 0001:0004ffe0       cv_eml_init_while          0000000180050fe0 f   sfc_debug:sfcdebug.obj
 0001:000500b0       cv_eml_init_mcdc           00000001800510b0 f   sfc_debug:sfcdebug.obj
 0001:000501d0       cv_eml_init_switch         00000001800511d0 f   sfc_debug:sfcdebug.obj
 0001:000502d0       cv_eml_eval                00000001800512d0 f   sfc_debug:sfcdebug.obj
 0001:000503c0       sf_debug_bm_is_a_eml_breakpoint 00000001800513c0 f   sfc_debug:sfcdebug.obj
 0001:00050510       sf_debug_temporal_threshold 0000000180051510 f   sfc_debug:sfcdebug.obj
 0001:00050880       sf_debug_transition_conflict_error 0000000180051880 f   sfc_debug:sfcdebug.obj
 0001:00050be0       sf_debug_state_inconsistency_error 0000000180051be0 f   sfc_debug:sfcdebug.obj
 0001:00050d00       sf_debug_check_for_state_inconsistency 0000000180051d00 f   sfc_debug:sfcdebug.obj
 0001:00050d40       sf_debug_cycle_detecton_error 0000000180051d40 f   sfc_debug:sfcdebug.obj
 0001:00051490       sf_debug_size_eq_check_1d  0000000180052490 f   sfc_debug:sfcdebug.obj
 0001:000514b0       sf_debug_size_eq_check_nd  00000001800524b0 f   sfc_debug:sfcdebug.obj
 0001:000516b0       sf_debug_dim_size_eq_check 00000001800526b0 f   sfc_debug:sfcdebug.obj
 0001:000516e0       sf_debug_dim_size_geq_check 00000001800526e0 f   sfc_debug:sfcdebug.obj
 0001:00051710       sf_debug_sub_assign_size_check_nd 0000000180052710 f   sfc_debug:sfcdebug.obj
 0001:000518f0       sf_debug_matrix_matrix_index_check 00000001800528f0 f   sfc_debug:sfcdebug.obj
 0001:00051940       sf_debug_vector_vector_index_check 0000000180052940 f   sfc_debug:sfcdebug.obj
 0001:00051990       sf_debug_for_loop_vector_check 0000000180052990 f   sfc_debug:sfcdebug.obj
 0001:00051a30       sf_debug_runtime_error_msgid 0000000180052a30 f   sfc_debug:sfcdebug.obj
 0001:00051ad0       sf_debug_data_array_bounds_error_check 0000000180052ad0 f   sfc_debug:sfcdebug.obj
 0001:00051be0       sf_debug_eml_data_array_bounds_error_check 0000000180052be0 f   sfc_debug:sfcdebug.obj
 0001:000520a0       sf_debug_integer_check     00000001800530a0 f   sfc_debug:sfcdebug.obj
 0001:00052190       sf_debug_not_nan_check     0000000180053190 f   sfc_debug:sfcdebug.obj
 0001:00052260       sf_debug_non_negative_check 0000000180053260 f   sfc_debug:sfcdebug.obj
 0001:00052330       sf_debug_overflow_detection 0000000180053330 f   sfc_debug:sfcdebug.obj
 0001:00052990       sf_debug_cast_to_real32_T  0000000180053990 f   sfc_debug:sfcdebug.obj
 0001:00052a60       sf_debug_cast_to_int8_T    0000000180053a60 f   sfc_debug:sfcdebug.obj
 0001:00052b30       sf_debug_cast_to_uint8_T   0000000180053b30 f   sfc_debug:sfcdebug.obj
 0001:00052c00       sf_debug_cast_to_int16_T   0000000180053c00 f   sfc_debug:sfcdebug.obj
 0001:00052cd0       sf_debug_cast_to_uint16_T  0000000180053cd0 f   sfc_debug:sfcdebug.obj
 0001:00052da0       sf_debug_cast_to_int32_T   0000000180053da0 f   sfc_debug:sfcdebug.obj
 0001:00052e70       sf_debug_cast_to_uint32_T  0000000180053e70 f   sfc_debug:sfcdebug.obj
 0001:00052f40       sf_debug_data_range_error  0000000180053f40 f   sfc_debug:sfcdebug.obj
 0001:00053250       sf_debug_read_before_write_check 0000000180054250 f   sfc_debug:sfcdebug.obj
 0001:00053680       sf_debug_data_range_error_wrapper_min_max 0000000180054680 f   sfc_debug:sfcdebug.obj
 0001:000537a0       sf_debug_data_range_error_wrapper_min 00000001800547a0 f   sfc_debug:sfcdebug.obj
 0001:000538b0       sf_debug_data_range_error_wrapper_max 00000001800548b0 f   sfc_debug:sfcdebug.obj
 0001:000539c0       sf_debug_data_range_wrapper 00000001800549c0 f   sfc_debug:sfcdebug.obj
 0001:00053a80       sf_debug_set_current_status_info 0000000180054a80 f   sfc_debug:sfcdebug.obj
 0001:00053e20       sf_debug_register_message_post_receive_info 0000000180054e20 f   sfc_debug:sfcdebug.obj
 0001:00054070       sf_debug_call              0000000180055070 f   sfc_debug:sfcdebug.obj
 0001:000549d0       sf_debug_initialize_machine 00000001800559d0 f   sfc_debug:sfcdebug.obj
 0001:00054c80       sf_debug_initialize_chart  0000000180055c80 f   sfc_debug:sfcdebug.obj
 0001:000550d0       sf_debug_ensure_script     00000001800560d0 f   sfc_debug:sfcdebug.obj
 0001:00055180       cv_eval_saturation         0000000180056180 f   sfc_debug:sfcdebug.obj
 0001:00055300       cv_saturation_accum        0000000180056300 f   sfc_debug:sfcdebug.obj
 0001:00055440       cv_script_init_script      0000000180056440 f   sfc_debug:sfcdebug.obj
 0001:00055530       cv_script_init_fcn         0000000180056530 f   sfc_debug:sfcdebug.obj
 0001:000555f0       cv_script_init_testobjective 00000001800565f0 f   sfc_debug:sfcdebug.obj
 0001:000556b0       cv_script_init_saturation  00000001800566b0 f   sfc_debug:sfcdebug.obj
 0001:00055760       cv_script_init_if          0000000180056760 f   sfc_debug:sfcdebug.obj
 0001:00055820       cv_script_init_for         0000000180056820 f   sfc_debug:sfcdebug.obj
 0001:000558d0       cv_script_init_while       00000001800568d0 f   sfc_debug:sfcdebug.obj
 0001:00055980       cv_script_init_mcdc        0000000180056980 f   sfc_debug:sfcdebug.obj
 0001:00055a80       cv_script_init_switch      0000000180056a80 f   sfc_debug:sfcdebug.obj
 0001:00055b60       cv_script_eval             0000000180056b60 f   sfc_debug:sfcdebug.obj
 0001:00055c30       eml_debug_line_call        0000000180056c30 f   sfc_debug:sfcdebug.obj
 0001:00055e00       sf_debug_terminate         0000000180056e00 f   sfc_debug:sfcdebug.obj
 0001:00056010       sf_debug_set_script_cv_ids 0000000180057010 f   sfc_debug:sfcdebug.obj
 0001:00056140       sf_debug_api               0000000180057140 f   sfc_debug:sfc_api.obj
 0001:00057a30       sf_debug_sm_terminate      0000000180058a30 f   sfc_debug:sfdb_animation.obj
 0001:00057be0       sf_debug_reset_path_objects 0000000180058be0 f   sfc_debug:sfdb_animation.obj
 0001:00057c60       sf_debug_sm_reset_object_selection_status 0000000180058c60 f   sfc_debug:sfdb_animation.obj
 0001:00057d00       sf_debug_sm_reset_state_buffer 0000000180058d00 f   sfc_debug:sfdb_animation.obj
 0001:00057dd0       sf_debug_sm_store_state_buffer 0000000180058dd0 f   sfc_debug:sfdb_animation.obj
 0001:00057e50       sf_debug_sm_restore_state_buffer1 0000000180058e50 f   sfc_debug:sfdb_animation.obj
 0001:00057ec0       sf_debug_sm_restore_state_buffer2 0000000180058ec0 f   sfc_debug:sfdb_animation.obj
 0001:00057f30       sf_debug_sm_chart_active   0000000180058f30 f   sfc_debug:sfdb_animation.obj
 0001:00057f80       sf_debug_sm_select_active_objects 0000000180058f80 f   sfc_debug:sfdb_animation.obj
 0001:00058450       sf_debug_sm_is_chart_active 0000000180059450 f   sfc_debug:sfdb_animation.obj
 0001:00058490       sf_debug_sm_is_state_active 0000000180059490 f   sfc_debug:sfdb_animation.obj
 0001:000586d0       sf_debug_sm_get_active_states 00000001800596d0 f   sfc_debug:sfdb_animation.obj
 0001:00058c80       sf_debug_sm_initialize_instance 0000000180059c80 f   sfc_debug:sfdb_animation.obj
 0001:00058e90       sf_debug_sm_change_object_selection_status 0000000180059e90 f   sfc_debug:sfdb_animation.obj
 0001:00059160       cv_create_interface        000000018005a160 f   sfc_debug:cv_sfinterface.obj
 0001:00059470       cv_init_trans              000000018005a470 f   sfc_debug:cv_sfinterface.obj
 0001:000594c0       cv_init_saturation         000000018005a4c0 f   sfc_debug:cv_sfinterface.obj
 0001:00059500       cv_init_testobjective      000000018005a500 f   sfc_debug:cv_sfinterface.obj
 0001:00059540       cv_init_state              000000018005a540 f   sfc_debug:cv_sfinterface.obj
 0001:000595b0       cv_init_chart              000000018005a5b0 f   sfc_debug:cv_sfinterface.obj
 0001:00059600       cv_dec_update_call         000000018005a600 f   sfc_debug:cv_sfinterface.obj
 0001:00059640       cv_cond_update_call        000000018005a640 f   sfc_debug:cv_sfinterface.obj
 0001:00059680       cv_saturation_update_call  000000018005a680 f   sfc_debug:cv_sfinterface.obj
 0001:000596c0       cv_saturation_update_accum 000000018005a6c0 f   sfc_debug:cv_sfinterface.obj
 0001:00059700       cv_testobjective_update_call 000000018005a700 f   sfc_debug:cv_sfinterface.obj
 0001:00059740       cv_sigrange_update         000000018005a740 f   sfc_debug:cv_sfinterface.obj
 0001:00059780       cvsf_eml_eval              000000018005a780 f   sfc_debug:cv_sfinterface.obj
 0001:00059860       cvsf_eml_init_script       000000018005a860 f   sfc_debug:cv_sfinterface.obj
 0001:000598f0       cvsf_eml_init_fcn          000000018005a8f0 f   sfc_debug:cv_sfinterface.obj
 0001:00059950       cvsf_eml_init_testobjective 000000018005a950 f   sfc_debug:cv_sfinterface.obj
 0001:000599b0       cvsf_eml_init_saturation   000000018005a9b0 f   sfc_debug:cv_sfinterface.obj
 0001:00059a00       cvsf_eml_init_if           000000018005aa00 f   sfc_debug:cv_sfinterface.obj
 0001:00059a60       cvsf_eml_init_for          000000018005aa60 f   sfc_debug:cv_sfinterface.obj
 0001:00059ab0       cvsf_eml_init_while        000000018005aab0 f   sfc_debug:cv_sfinterface.obj
 0001:00059b00       cvsf_eml_init_mcdc         000000018005ab00 f   sfc_debug:cv_sfinterface.obj
 0001:00059b90       cvsf_eml_init_switch       000000018005ab90 f   sfc_debug:cv_sfinterface.obj
 0001:00059c00       cvsf_script_eval           000000018005ac00 f   sfc_debug:cv_sfinterface.obj
 0001:00059ce0       cvsf_script_init_script    000000018005ace0 f   sfc_debug:cv_sfinterface.obj
 0001:00059d70       cvsf_script_init_fcn       000000018005ad70 f   sfc_debug:cv_sfinterface.obj
 0001:00059dd0       cvsf_script_init_testobjective 000000018005add0 f   sfc_debug:cv_sfinterface.obj
 0001:00059e30       cvsf_script_init_saturation 000000018005ae30 f   sfc_debug:cv_sfinterface.obj
 0001:00059e80       cvsf_script_init_if        000000018005ae80 f   sfc_debug:cv_sfinterface.obj
 0001:00059ee0       cvsf_script_init_for       000000018005aee0 f   sfc_debug:cv_sfinterface.obj
 0001:00059f30       cvsf_script_init_while     000000018005af30 f   sfc_debug:cv_sfinterface.obj
 0001:00059f80       cvsf_script_init_mcdc      000000018005af80 f   sfc_debug:cv_sfinterface.obj
 0001:0005a010       cvsf_script_init_switch    000000018005b010 f   sfc_debug:cv_sfinterface.obj
 0001:0005a080       cv_destroy_interface       000000018005b080 f   sfc_debug:cv_sfinterface.obj
 0001:0005a0a0       cv_create_instance_objects 000000018005b0a0 f   sfc_debug:cv_sfinterface.obj
 0001:0005a510       cv_is_enabled              000000018005b510 f   sfc_debug:cv_sfinterface.obj
 0001:0005a520       sf_debug_cv_initialize_script 000000018005b520 f   sfc_debug:cv_sfinterface.obj
 0001:0005a6b0       sf_debug_cv_initialize_instance 000000018005b6b0 f   sfc_debug:cv_sfinterface.obj
 0001:0005aa40       sf_debug_cv_terminate_chart 000000018005ba40 f   sfc_debug:cv_sfinterface.obj
 0001:0005ab60       cv_call_trans_test         000000018005bb60 f   sfc_debug:cv_sfinterface.obj
 0001:0005ab70       cv_call_sub_cond_test      000000018005bb70 f   sfc_debug:cv_sfinterface.obj
 0001:0005abb0       sf_debug_st_initialize_machine 000000018005bbb0 f   sfc_debug:sfdb_data_browse.obj
 0001:0005ac60       sf_debug_st_initialize_instance 000000018005bc60 f   sfc_debug:sfdb_data_browse.obj
 0001:0005ae70       sf_debug_st_terminate      000000018005be70 f   sfc_debug:sfdb_data_browse.obj
 0001:0005b210       sf_debug_st_set_data_value_ptr_in_machine 000000018005c210 f   sfc_debug:sfdb_data_browse.obj
 0001:0005b2a0       sf_debug_st_set_data_value_ptr_in_instance 000000018005c2a0 f   sfc_debug:sfdb_data_browse.obj
 0001:0005b380       sf_debug_st_unset_data_value_ptr_in_machine 000000018005c380 f   sfc_debug:sfdb_data_browse.obj
 0001:0005b3f0       sf_debug_st_unset_data_value_ptr_in_instance 000000018005c3f0 f   sfc_debug:sfdb_data_browse.obj
 0001:0005b6b0       sf_debug_mx_value          000000018005c6b0 f   sfc_debug:sfdb_data_browse.obj
 0001:0005b710       sf_debug_mx_packed_vector  000000018005c710 f   sfc_debug:sfdb_data_browse.obj
 0001:0005b7f0       sf_debug_mx_uint_vector    000000018005c7f0 f   sfc_debug:sfdb_data_browse.obj
 0001:0005b8a0       sf_debug_st_get_double_value_from_void_ptr_vector 000000018005c8a0 f   sfc_debug:sfdb_data_browse.obj
 0001:0005c380       sf_debug_st_browse_data    000000018005d380 f   sfc_debug:sfdb_data_browse.obj
 0001:0005cbc0       sf_debug_hm_initialize_instance 000000018005dbc0 f   sfc_debug:sfdb_handle_management.obj
 0001:0005d0a0       sf_debug_hm_get_object_id  000000018005e0a0 f   sfc_debug:sfdb_handle_management.obj
 0001:0005dc50       sf_debug_hm_update_chart_visibility 000000018005ec50 f   sfc_debug:sfdb_handle_management.obj
 0001:0005ee40       sf_debug_object_is_eml_function 000000018005fe40 f   sfc_debug:sfdb_handle_management.obj
 0001:0005eeb0       sf_debug_hm_initialize_ids_in_machine 000000018005feb0 f   sfc_debug:sfdb_handle_management.obj
 0001:0005f020       sf_debug_hm_initialize_ids_in_chart 0000000180060020 f   sfc_debug:sfdb_handle_management.obj
 0001:0005f120       sf_debug_hm_initialize_chart 0000000180060120 f   sfc_debug:sfdb_handle_management.obj
 0001:0005f820       sf_debug_hm_terminate      0000000180060820 f   sfc_debug:sfdb_handle_management.obj
 0001:0005f880       sf_debug_hm_initialize_machine 0000000180060880 f   sfc_debug:sfdb_handle_management.obj
 0001:0005ffa0       sf_debug_ss_initialize     0000000180060fa0 f   sfc_debug:sfdb_symbol_scope.obj
 0001:0005ffc0       sf_debug_ss_terminate      0000000180060fc0 f   sfc_debug:sfdb_symbol_scope.obj
 0001:00060050       sf_debug_ss_push_symbol_scope 0000000180061050 f   sfc_debug:sfdb_symbol_scope.obj
 0001:00060150       sf_debug_ss_push_symbol_scope_eml 0000000180061150 f   sfc_debug:sfdb_symbol_scope.obj
 0001:000601b0       sf_debug_ss_pop_symbol_scope 00000001800611b0 f   sfc_debug:sfdb_symbol_scope.obj
 0001:00060260       sf_debug_ss_add_symbol     0000000180061260 f   sfc_debug:sfdb_symbol_scope.obj
 0001:000603d0       sf_debug_ss_add_symbol_eml 00000001800613d0 f   sfc_debug:sfdb_symbol_scope.obj
 0001:000612d0       sf_debug_ss_set_data_value 00000001800622d0 f   sfc_debug:sfdb_symbol_scope.obj
 0001:00061720       getInstanceNumber          0000000180062720 f   sfc_debug:sfdb_symbol_scope.obj
 0001:000617f0       sf_debug_ss_watch_data     00000001800627f0 f   sfc_debug:sfdb_symbol_scope.obj
 0001:000619e0       sf_debug_ss_assign_data    00000001800629e0 f   sfc_debug:sfdb_symbol_scope.obj
 0001:000623f0       get_data_entry_name        00000001800633f0 f   sfc_debug:sfdb_symbol_scope.obj
 0001:00062440       sf_debug_ss_whos           0000000180063440 f   sfc_debug:sfdb_symbol_scope.obj
 0001:00062a90       sf_debug_cc_initialize_chart 0000000180063a90 f   sfc_debug:sfdb_coverage.obj
 0001:00063480       sf_debug_cc_initialize_instance 0000000180064480 f   sfc_debug:sfdb_coverage.obj
 0001:000641c0       sf_debug_cc_terminate      00000001800651c0 f   sfc_debug:sfdb_coverage.obj
 0001:000642b0       sf_debug_cc_set_transition_maps 00000001800652b0 f   sfc_debug:sfdb_coverage.obj
 0001:000643e0       sf_debug_cc_set_state_maps 00000001800653e0 f   sfc_debug:sfdb_coverage.obj
 0001:000644c0       sf_debug_cc_set_transition_weights 00000001800654c0 f   sfc_debug:sfdb_coverage.obj
 0001:00064780       sf_debug_cc_set_state_weights 0000000180065780 f   sfc_debug:sfdb_coverage.obj
 0001:00064a50       sf_debug_cc_mark_transition_guard 0000000180065a50 f   sfc_debug:sfdb_coverage.obj
 0001:00064ae0       sf_debug_cc_mark_transition_trigger 0000000180065ae0 f   sfc_debug:sfdb_coverage.obj
 0001:00064b70       sf_debug_cc_mark_transition_decision 0000000180065b70 f   sfc_debug:sfdb_coverage.obj
 0001:00064be0       sf_debug_cc_mark_transition_condition_action 0000000180065be0 f   sfc_debug:sfdb_coverage.obj
 0001:00064c30       sf_debug_cc_mark_transition_transition_action 0000000180065c30 f   sfc_debug:sfdb_coverage.obj
 0001:00064c80       sf_debug_cc_mark_state_entry 0000000180065c80 f   sfc_debug:sfdb_coverage.obj
 0001:00064cd0       sf_debug_cc_mark_state_during 0000000180065cd0 f   sfc_debug:sfdb_coverage.obj
 0001:00064d20       sf_debug_cc_mark_state_exit 0000000180065d20 f   sfc_debug:sfdb_coverage.obj
 0001:00064d70       sf_debug_bm_clear_script_breakpoints 0000000180065d70 f   sfc_debug:sfdb_breakpoints.obj
 0001:00064da0       sf_debug_bm_set_script_breakpoint 0000000180065da0 f   sfc_debug:sfdb_breakpoints.obj
 0001:00064e20       sf_debug_bm_clear_single_script_breakpoint 0000000180065e20 f   sfc_debug:sfdb_breakpoints.obj
 0001:00064ea0       sf_debug_bm_query_script_breakpoint 0000000180065ea0 f   sfc_debug:sfdb_breakpoints.obj
 0001:00064ef0       sf_debug_bm_initialize_scripts 0000000180065ef0 f   sfc_debug:sfdb_breakpoints.obj
 0001:00065580       sf_debug_bm_terminate      0000000180066580 f   sfc_debug:sfdb_breakpoints.obj
 0001:00065860       sf_debug_bm_remove_all_breakpoints_in_machine 0000000180066860 f   sfc_debug:sfdb_breakpoints.obj
 0001:000658c0       sf_debug_bm_remove_all_breakpoints_in_chart 00000001800668c0 f   sfc_debug:sfdb_breakpoints.obj
 0001:00065a10       sf_debug_bm_initialize_global_breakpoints 0000000180066a10 f   sfc_debug:sfdb_breakpoints.obj
 0001:00065b90       sf_debug_bm_set_breakpoint 0000000180066b90 f   sfc_debug:sfdb_breakpoints.obj
 0001:00066150       sf_debug_bm_set_eml_breakpoint 0000000180067150 f   sfc_debug:sfdb_breakpoints.obj
 0001:000661e0       sf_debug_bm_initialize_machine_breakpoint_map 00000001800671e0 f   sfc_debug:sfdb_breakpoints.obj
 0001:00066600       sf_debug_bm_is_a_breakpoint 0000000180067600 f   sfc_debug:sfdb_breakpoints.obj
 0001:00066b20       sf_debug_bm_get_all_breakpoints_in_machine 0000000180067b20 f   sfc_debug:sfdb_breakpoints.obj
 0001:00066e20       sf_debug_bm_get_all_breakpoints_in_chart 0000000180067e20 f   sfc_debug:sfdb_breakpoints.obj
 0001:000679b0       sf_debug_bm_initialize_machine 00000001800689b0 f   sfc_debug:sfdb_breakpoints.obj
 0001:00067a80       sf_debug_bm_initialize_chart 0000000180068a80 f   sfc_debug:sfdb_breakpoints.obj
 0001:00067e70       sf_debug_sc_terminate      0000000180068e70 f   sfc_debug:sfdb_state_consistency.obj
 0001:00068190       sf_debug_sc_is_chart_consistent 0000000180069190 f   sfc_debug:sfdb_state_consistency.obj
 0001:00068440       sf_debug_sc_get_consistency_error_info 0000000180069440 f   sfc_debug:sfdb_state_consistency.obj
 0001:00068850       sf_debug_tm_terminate      0000000180069850 f   sfc_debug:sfdb_call_stack.obj
 0001:00068900       sf_debug_tm_push_chart_instance 0000000180069900 f   sfc_debug:sfdb_call_stack.obj
 0001:00068a40       sf_debug_tm_pop_chart_instance 0000000180069a40 f   sfc_debug:sfdb_call_stack.obj
 0001:00068aa0       sf_debug_tm_push_trace_node 0000000180069aa0 f   sfc_debug:sfdb_call_stack.obj
 0001:00068c20       sf_debug_tm_pop_trace_node 0000000180069c20 f   sfc_debug:sfdb_call_stack.obj
 0001:00068ca0       sf_debug_tm_get_current_global_trace_index 0000000180069ca0 f   sfc_debug:sfdb_call_stack.obj
 0001:00068cb0       sf_debug_tm_get_current_local_trace_index 0000000180069cb0 f   sfc_debug:sfdb_call_stack.obj
 0001:00068ce0       sf_debug_tm_set_cycle_detected_flag 0000000180069ce0 f   sfc_debug:sfdb_call_stack.obj
 0001:00068d20       sf_debug_tm_set_cycle_started_flag 0000000180069d20 f   sfc_debug:sfdb_call_stack.obj
 0001:00068d60       sf_debug_tm_get_chart_number_from_stack 0000000180069d60 f   sfc_debug:sfdb_call_stack.obj
 0001:00068f60       sf_debug_tm_browse_trace   0000000180069f60 f   sfc_debug:sfdb_call_stack.obj
 0001:00069270       sf_debug_cd_initialize_instance 000000018006a270 f   sfc_debug:sfdb_cycle_detection.obj
 0001:00069520       sf_debug_cd_mark_processed_transition_in_instance 000000018006a520 f   sfc_debug:sfdb_cycle_detection.obj
 0001:000695c0       sf_debug_cd_checksum_push  000000018006a5c0 f   sfc_debug:sfdb_cycle_detection.obj
 0001:00069870       sf_debug_cd_checksum_pop   000000018006a870 f   sfc_debug:sfdb_cycle_detection.obj
 0001:000698e0       sf_debug_cd_turn_off_cycle_detection 000000018006a8e0 f   sfc_debug:sfdb_cycle_detection.obj
 0001:00069930       sf_debug_cd_terminate      000000018006a930 f   sfc_debug:sfdb_cycle_detection.obj
 0001:00069b60       md5_initialize_state       000000018006ab60 f   sfc_debug:ckmd5.obj
 0001:0006a5f0       md5_update_state           000000018006b5f0 f   sfc_debug:ckmd5.obj
 0001:0006a610       md5_get_hash               000000018006b610 f   sfc_debug:ckmd5.obj
 0001:0006a640       md5_get_hash_for_a_single_string 000000018006b640 f   sfc_debug:ckmd5.obj
 0001:0006a6a0       mxGetPr                    000000018006b6a0 f   libmx:libmx.dll
 0001:0006a6a6       mxCreateDoubleScalar       000000018006b6a6 f   libmx:libmx.dll
 0001:0006a6ac       mxCreateDoubleMatrix_730   000000018006b6ac f   libmx:libmx.dll
 0001:0006a6b2       mxSetField_730             000000018006b6b2 f   libmx:libmx.dll
 0001:0006a6b8       mxCreateString             000000018006b6b8 f   libmx:libmx.dll
 0001:0006a6be       mxCreateStructMatrix_730   000000018006b6be f   libmx:libmx.dll
 0001:0006a6c4       mxCreateCellMatrix_730     000000018006b6c4 f   libmx:libmx.dll
 0001:0006a6ca       mxDestroyArray             000000018006b6ca f   libmx:libmx.dll
 0001:0006a6d0       mxDuplicateArray           000000018006b6d0 f   libmx:libmx.dll
 0001:0006a6d6       mxGetString_730            000000018006b6d6 f   libmx:libmx.dll
 0001:0006a6dc       mxIsChar                   000000018006b6dc f   libmx:libmx.dll
 0001:0006a6e2       mxGetClassID               000000018006b6e2 f   libmx:libmx.dll
 0001:0006a6e8       mxIsNumeric                000000018006b6e8 f   libmx:libmx.dll
 0001:0006a6ee       mxIsComplex                000000018006b6ee f   libmx:libmx.dll
 0001:0006a6f4       mxGetN                     000000018006b6f4 f   libmx:libmx.dll
 0001:0006a6fa       mxGetM                     000000018006b6fa f   libmx:libmx.dll
 0001:0006a700       mxCalloc                   000000018006b700 f   libmx:libmx.dll
 0001:0006a706       mxGetScalar                000000018006b706 f   libmx:libmx.dll
 0001:0006a70c       mxIsLogical                000000018006b70c f   libmx:libmx.dll
 0001:0006a712       mxCreateDoubleMatrix_700   000000018006b712 f   libmx:libmx.dll
 0001:0006a718       mxFree                     000000018006b718 f   libmx:libmx.dll
 0001:0006a71e       mxArrayToString            000000018006b71e f   libmx:libmx.dll
 0001:0006a724       mxCreateCellMatrix_700     000000018006b724 f   libmx:libmx.dll
 0001:0006a72a       mxSetCell_700              000000018006b72a f   libmx:libmx.dll
 0001:0006a730       mxGetCell_700              000000018006b730 f   libmx:libmx.dll
 0001:0006a736       mxGetClassName             000000018006b736 f   libmx:libmx.dll
 0001:0006a73c       mxSetField_700             000000018006b73c f   libmx:libmx.dll
 0001:0006a742       mxAddField                 000000018006b742 f   libmx:libmx.dll
 0001:0006a748       mxGetField_700             000000018006b748 f   libmx:libmx.dll
 0001:0006a74e       mxGetNumberOfElements      000000018006b74e f   libmx:libmx.dll
 0001:0006a754       mxIsStruct                 000000018006b754 f   libmx:libmx.dll
 0001:0006a75a       mxIsA                      000000018006b75a f   libmx:libmx.dll
 0001:0006a760       mxIsClass                  000000018006b760 f   libmx:libmx.dll
 0001:0006a766       mxGetLogicals              000000018006b766 f   libmx:libmx.dll
 0001:0006a76c       mxIsSparse                 000000018006b76c f   libmx:libmx.dll
 0001:0006a772       mxSetFieldByNumber_700     000000018006b772 f   libmx:libmx.dll
 0001:0006a778       mxGetFieldByNumber_700     000000018006b778 f   libmx:libmx.dll
 0001:0006a77e       mxGetFieldNameByNumber     000000018006b77e f   libmx:libmx.dll
 0001:0006a784       mxGetNumberOfFields        000000018006b784 f   libmx:libmx.dll
 0001:0006a78a       mxCreateStructMatrix_700   000000018006b78a f   libmx:libmx.dll
 0001:0006a790       mxGetFieldNumber           000000018006b790 f   libmx:libmx.dll
 0001:0006a796       mxIsNaN                    000000018006b796 f   libmx:libmx.dll
 0001:0006a79c       mxIsEmpty                  000000018006b79c f   libmx:libmx.dll
 0001:0006a7a2       mxGetData                  000000018006b7a2 f   libmx:libmx.dll
 0001:0006a7a8       mxGetImagData              000000018006b7a8 f   libmx:libmx.dll
 0001:0006a7ae       mxArrayClassIDName         000000018006b7ae f   libmx:libmx.dll
 0001:0006a7b4       mxCreateNumericMatrix_700  000000018006b7b4 f   libmx:libmx.dll
 0001:0006a7ba       mxCreateStructArray_700    000000018006b7ba f   libmx:libmx.dll
 0001:0006a7c0       mxCalcSingleSubscript_700  000000018006b7c0 f   libmx:libmx.dll
 0001:0006a7c6       mxGetDimensions_700        000000018006b7c6 f   libmx:libmx.dll
 0001:0006a7cc       mxGetNumberOfDimensions_700 000000018006b7cc f   libmx:libmx.dll
 0001:0006a7d2       mxCreateNumericArray_700   000000018006b7d2 f   libmx:libmx.dll
 0001:0006a7d8       mxGetElementSize           000000018006b7d8 f   libmx:libmx.dll
 0001:0006a7de       mxCreateStringFromNChars_700 000000018006b7de f   libmx:libmx.dll
 0001:0006a7e4       mxGetString_700            000000018006b7e4 f   libmx:libmx.dll
 0001:0006a7ea       mxIsLogicalScalarTrue      000000018006b7ea f   libmx:libmx.dll
 0001:0006a7f0       mxCreateLogicalScalar      000000018006b7f0 f   libmx:libmx.dll
 0001:0006a7f6       mexUnlock                  000000018006b7f6 f   libmex:libmex.dll
 0001:0006a7fc       mexIsLocked                000000018006b7fc f   libmex:libmex.dll
 0001:0006a802       mexWarnMsgTxt              000000018006b802 f   libmex:libmex.dll
 0001:0006a808       mexCallMATLAB              000000018006b808 f   libmex:libmex.dll
 0001:0006a80e       mexErrMsgTxt               000000018006b80e f   libmex:libmex.dll
 0001:0006a814       mexMakeArrayPersistent     000000018006b814 f   libmex:libmex.dll
 0001:0006a81a       mexSetTrapFlag             000000018006b81a f   libmex:libmex.dll
 0001:0006a820       mexPutVariable             000000018006b820 f   libmex:libmex.dll
 0001:0006a826       mexGetVariable             000000018006b826 f   libmex:libmex.dll
 0001:0006a82c       mexLock                    000000018006b82c f   libmex:libmex.dll
 0001:0006a832       mexMakeMemoryPersistent    000000018006b832 f   libmex:libmex.dll
 0001:0006a838       mexFunctionName            000000018006b838 f   libmex:libmex.dll
 0001:0006a83e       ssRegisterDataTypeFxpFSlopeFixExpBias 000000018006b83e f   libfixedpoint:libfixedpoint.dll
 0001:0006a844       ssRegisterDataTypeFxpScaledDouble 000000018006b844 f   libfixedpoint:libfixedpoint.dll
 0001:0006a84a       utMalloc                   000000018006b84a f   libut:libut.dll
 0001:0006a850       utFree                     000000018006b850 f   libut:libut.dll
 0001:0006a856       utVSNprintf                000000018006b856 f   libut:libut.dll
 0001:0006a85c       utCPUtime                  000000018006b85c f   libut:libut.dll
 0001:0006a862       utCalloc                   000000018006b862 f   libut:libut.dll
 0001:0006a868       utRealloc                  000000018006b868 f   libut:libut.dll
 0001:0006a86e       muDoubleScalarSin          000000018006b86e f   libmwmathutil:libmwmathutil.dll
 0001:0006a874       muDoubleScalarCos          000000018006b874 f   libmwmathutil:libmwmathutil.dll
 0001:0006a87a       muDoubleScalarAtan         000000018006b87a f   libmwmathutil:libmwmathutil.dll
 0001:0006a880       muDoubleScalarSign         000000018006b880 f   libmwmathutil:libmwmathutil.dll
 0001:0006a886       muDoubleScalarAbs          000000018006b886 f   libmwmathutil:libmwmathutil.dll
 0001:0006a88c       muDoubleScalarSqrt         000000018006b88c f   libmwmathutil:libmwmathutil.dll
 0001:0006a892       muDoubleScalarExp          000000018006b892 f   libmwmathutil:libmwmathutil.dll
 0001:0006a898       muDoubleScalarIsNaN        000000018006b898 f   libmwmathutil:libmwmathutil.dll
 0001:0006a89e       muDoubleScalarIsInf        000000018006b89e f   libmwmathutil:libmwmathutil.dll
 0001:0006a8a4       muDoubleScalarMax          000000018006b8a4 f   libmwmathutil:libmwmathutil.dll
 0001:0006a8aa       muDoubleScalarAcos         000000018006b8aa f   libmwmathutil:libmwmathutil.dll
 0001:0006a8b0       emlrtCreateRootTLS         000000018006b8b0 f   libemlrt:libemlrt.dll
 0001:0006a8b6       emlrtDestroyRootTLS        000000018006b8b6 f   libemlrt:libemlrt.dll
 0001:0006a8bc       emlrtCheckBuiltInR2012b    000000018006b8bc f   libemlrt:libemlrt.dll
 0001:0006a8c2       emlrtCheckVsBuiltInR2012b  000000018006b8c2 f   libemlrt:libemlrt.dll
 0001:0006a8c8       emlrtCheckEnumR2012b       000000018006b8c8 f   libemlrt:libemlrt.dll
 0001:0006a8ce       emlrtCreateEnumR2012b      000000018006b8ce f   libemlrt:libemlrt.dll
 0001:0006a8d4       emlrtGetEnumElementR2009a  000000018006b8d4 f   libemlrt:libemlrt.dll
 0001:0006a8da       emlrtCreateReference       000000018006b8da f   libemlrt:libemlrt.dll
 0001:0006a8e0       emlrtImportVsFiArrayR2009b 000000018006b8e0 f   libemlrt:libemlrt.dll
 0001:0006a8e6       emlrtNameCapturePostProcessR2012a 000000018006b8e6 f   libemlrt:libemlrt.dll
 0001:0006a8ec       emlrtExtractMessageId      000000018006b8ec f   libemlrt:libemlrt.dll
 0001:0006a8f2       emlrtTranslateMessageIDtoLCPstring 000000018006b8f2 f   libemlrt:libemlrt.dll
 0001:0006a8f8       emlrtForLoopVectorIsValidR2011b 000000018006b8f8 f   libemlrt:libemlrt.dll
 0001:0006a8fe       emlrtTranslateUTF16MessagetoLCPstring 000000018006b8fe f   libemlrt:libemlrt.dll
 0001:0006a904       emlrtGetEnumUnderlyingArrayR2009a 000000018006b904 f   libemlrt:libemlrt.dll
 0001:0006a90a       emlrtIsEnumR2009a          000000018006b90a f   libemlrt:libemlrt.dll
 0001:0006a910       drotg                      000000018006b910 f   libmwblas:libmwblas.dll
 0001:0006a918       __GSHandlerCheckCommon     000000018006b918 f   MSVCRT:gshandler.obj
 0001:0006a97c       __GSHandlerCheck           000000018006b97c f   MSVCRT:gshandler.obj
 0001:0006a9b0       __security_check_cookie    000000018006b9b0 f   MSVCRT:amdsecgs.obj
 0001:0006a9d0       memset                     000000018006b9d0 f   MSVCRT:MSVCR100.dll
 0001:0006a9d6       strlen                     000000018006b9d6 f   MSVCRT:MSVCR100.dll
 0001:0006a9f0       __chkstk                   000000018006b9f0 f   MSVCRT:chkstk.obj
 0001:0006a9f0       _alloca_probe              000000018006b9f0     MSVCRT:chkstk.obj
 0001:0006aa3e       strcmp                     000000018006ba3e f   MSVCRT:MSVCR100.dll
 0001:0006aa44       free                       000000018006ba44 f   MSVCRT:MSVCR100.dll
 0001:0006aa4a       sprintf                    000000018006ba4a f   MSVCRT:MSVCR100.dll
 0001:0006aa50       malloc                     000000018006ba50 f   MSVCRT:MSVCR100.dll
 0001:0006aa56       strcat                     000000018006ba56 f   MSVCRT:MSVCR100.dll
 0001:0006aa5c       memcpy                     000000018006ba5c f   MSVCRT:MSVCR100.dll
 0001:0006aa64       NtCurrentTeb               000000018006ba64 f i MSVCRT:crtdll.obj
 0001:0006aad0       _CRT_INIT                  000000018006bad0 f   MSVCRT:crtdll.obj
 0001:0006ae68       _DllMainCRTStartup         000000018006be68 f   MSVCRT:crtdll.obj
 0001:0006aea6       strncpy                    000000018006bea6 f   MSVCRT:MSVCR100.dll
 0001:0006aeac       longjmp                    000000018006beac f   MSVCRT:MSVCR100.dll
 0001:0006aeb2       strncmp                    000000018006beb2 f   MSVCRT:MSVCR100.dll
 0001:0006aeb8       ceil                       000000018006beb8 f   MSVCRT:MSVCR100.dll
 0001:0006aebe       strrchr                    000000018006bebe f   MSVCRT:MSVCR100.dll
 0001:0006aec4       _setjmp                    000000018006bec4 f   MSVCRT:MSVCR100.dll
[...]
 0001:00041030       sf_mex_check_complex       0000000180042030 f   sfc_mex:sfc_mex.obj
 0001:000410c0       sf_mex_check_sparse        00000001800420c0 f   sfc_mex:sfc_mex.obj
 0001:00041120       sf_mex_check_numerictype   0000000180042120 f   sfc_mex:sfc_mex.obj
 0001:000412b0       sf_mex_check_fimath        00000001800422b0 f   sfc_mex:sfc_mex.obj
 0001:00041e10       size_mismatch_error        0000000180042e10 f   sfc_mex:sfc_mex.obj
 0001:00042880       check_array_dimensions     0000000180043880 f   sfc_mex:sfc_mex.obj
 0001:000428f0       check_input_mxarray        00000001800438f0 f   sfc_mex:sfc_mex.obj
 0001:00043030       sf_numeric_value_to_double 0000000180044030 f   sfc_mex:sfc_mex.obj
 0001:00043080       ml_generic_out_of_bounds_check 0000000180044080 f   sfc_mex:sfc_mex.obj
 0001:00043240       ml_get_element_value_from_array 0000000180044240 f   sfc_mex:sfc_mex.obj
 0001:000435e0       _ml_generic_castability_check 00000001800445e0 f   sfc_mex:sfc_mex.obj
 0001:00043d30       ml_generic_castability_check 0000000180044d30 f   sfc_mex:sfc_mex.obj
 0001:00043dd0       ml_check_mx_array_for_single_castability 0000000180044dd0 f   sfc_mex:sfc_mex.obj
 0001:00043e70       ml_check_mx_array_for_logical_castability 0000000180044e70 f   sfc_mex:sfc_mex.obj
 0001:00043f10       ml_check_mx_array_for_int8_castability 0000000180044f10 f   sfc_mex:sfc_mex.obj
 0001:00043fc0       ml_check_mx_array_for_uint8_castability 0000000180044fc0 f   sfc_mex:sfc_mex.obj
 0001:00044020       ml_check_mx_array_for_int16_castability 0000000180045020 f   sfc_mex:sfc_mex.obj
 0001:00044080       ml_check_mx_array_for_uint16_castability 0000000180045080 f   sfc_mex:sfc_mex.obj
 0001:000440e0       ml_check_mx_array_for_int32_castability 00000001800450e0 f   sfc_mex:sfc_mex.obj
 0001:00044140       ml_check_mx_array_for_uint32_castability 0000000180045140 f   sfc_mex:sfc_mex.obj
 0001:000441a0       ml_check_mx_array_for_castability 00000001800451a0 f   sfc_mex:sfc_mex.obj
 0001:000449c0       set_data_value             00000001800459c0 f   sfc_mex:sfc_mex.obj
 0001:00044d30       get_data_value             0000000180045d30 f   sfc_mex:sfc_mex.obj
 0001:00044e40       get_next_element_address   0000000180045e40 f   sfc_mex:sfc_mex.obj
 0001:00044f10       sf_normalize_index         0000000180045f10 f   sfc_mex:sfc_mex.obj
 0001:000452c0       ml_array_index_bound_check 00000001800462c0 f   sfc_mex:sfc_mex.obj
 0001:00045e40       mx_value                   0000000180046e40 f   sfc_mex:sfc_mex.obj
 0001:00045e90       sf_create_numeric_array    0000000180046e90 f   sfc_mex:sfc_mex.obj
 0001:00045f30       sf_mex_assign_to_mx_array  0000000180046f30 f   sfc_mex:sfc_mex.obj
 0001:000462a0       assign_from_mx_array       00000001800472a0 f   sfc_mex:sfc_mex.obj
 0001:00046a00       sf_mex_import_v            0000000180047a00 f   sfc_mex:sfc_mex.obj
 0001:00047110       get_machine_and_chart_file_number 0000000180048110 f   sfc_mex:sfc_sf.obj
 0001:00047200       get_sfun_block_specialization 0000000180048200 f   sfc_mex:sfc_sf.obj
 0001:000472b0       call_sf_machine_global_method_dispatcher 00000001800482b0 f   sfc_mex:sfc_sf.obj
 0001:00047500       mdl_zeroCrossings_processing 0000000180048500 f   sfc_mex:sfc_sf.obj
 0001:000475e0       mdl_derivatives_processing 00000001800485e0 f   sfc_mex:sfc_sf.obj
 0001:000478c0       mdl_outputs_continuous_legacy 00000001800488c0 f   sfc_mex:sfc_sf.obj
 0001:00047940       mdl_outputs_processing     0000000180048940 f   sfc_mex:sfc_sf.obj
 0001:00047bb0       mdl_enable_processing      0000000180048bb0 f   sfc_mex:sfc_sf.obj
 0001:00047c90       mdl_disable_processing     0000000180048c90 f   sfc_mex:sfc_sf.obj
 0001:00048b20       sf_call_output_fcn_enable_disable 0000000180049b20 f   sfc_mex:sfc_sf.obj
 0001:00048da0       set_dwork_information_from_mx_array 0000000180049da0 f   sfc_mex:sfc_sf.obj
 0001:00049690       ptr2mxStruct               000000018004a690 f   sfc_mex:sfc_sf.obj
 0001:000499a0       SNPRINTF_WRAPPER           000000018004a9a0 f   sfc_debug:sfcdebug.obj
 0001:000499d0       sf_debug_chart_instance_initialized 000000018004a9d0 f   sfc_debug:sfcdebug.obj
 0001:00049b70       sfrtAddSize                000000018004ab70 f   sfc_debug:sfcdebug.obj
 0001:00049c30       sfrtGenSizeString          000000018004ac30 f   sfc_debug:sfcdebug.obj
 0001:0004a380       fill_single_message_info   000000018004b380 f   sfc_debug:sfcdebug.obj
 0001:0004a600       sf_debug_sim_status_listener 000000018004b600 f   sfc_debug:sfcdebug.obj
 0001:0004ab90       sf_debug_form_mask_bits    000000018004bb90 f   sfc_debug:sfcdebug.obj
 0001:0004abb0       sf_debug_form_sf_data_type_offsets 000000018004bbb0 f   sfc_debug:sfcdebug.obj
 0001:0004ac70       sf_debug_free_all          000000018004bc70 f   sfc_debug:sfcdebug.obj
 0001:0004ae00       sf_debug_append_debugger_context 000000018004be00 f   sfc_debug:sfcdebug.obj
 0001:0004b170       local_strdup               000000018004c170 f   sfc_debug:sfcdebug.obj
 0001:0004c0f0       sf_debug_em_terminate      000000018004d0f0 f   sfc_debug:sfcdebug.obj
 0001:0004c130       sf_debug_push_eml_function 000000018004d130 f   sfc_debug:sfcdebug.obj
 0001:0004c1d0       sf_debug_pop_eml_function  000000018004d1d0 f   sfc_debug:sfcdebug.obj
 0001:0004ce70       sf_debug_get_machine_number_from_id_or_name 000000018004de70 f   sfc_debug:sfcdebug.obj
 0001:0004cfc0       sf_debug_get_chart_number_from_id 000000018004dfc0 f   sfc_debug:sfcdebug.obj
 0001:0004dda0       sf_debug_transfer_control_to_debugger_GUI 000000018004eda0 f   sfc_debug:sfcdebug.obj
 0001:0004ed10       sf_debug_scripts_rehash    000000018004fd10 f   sfc_debug:sfcdebug.obj
 0001:0004ef20       sf_debug_get_script_line_count 000000018004ff20 f   sfc_debug:sfcdebug.obj
 0001:0004f970       cv_eml_state_cvId          0000000180050970 f   sfc_debug:sfcdebug.obj
 0001:0004f9e0       cv_eml_trans_cvId          00000001800509e0 f   sfc_debug:sfcdebug.obj
 0001:00050e60       sf_debug_data_array_bounds_error 0000000180051e60 f   sfc_debug:sfcdebug.obj
 0001:00051210       eml_debug_runtime_error_doclink 0000000180052210 f   sfc_debug:sfcdebug.obj
 0001:00051380       sf_debug_runtime_error     0000000180052380 f   sfc_debug:sfcdebug.obj
 0001:000513f0       sf_debug_matlab_error      00000001800523f0 f   sfc_debug:sfcdebug.obj
 0001:00051d60       sf_debug_data_value_error  0000000180052d60 f   sfc_debug:sfcdebug.obj
 0001:00052630       sf_debug_data_loss_error   0000000180053630 f   sfc_debug:sfcdebug.obj
 0001:00053550       call_cv_range_check        0000000180054550 f   sfc_debug:sfcdebug.obj
 0001:00053db0       sf_debug_invoke_cycle_detection_code 0000000180054db0 f   sfc_debug:sfcdebug.obj
 0001:00054920       sf_reset_debug_info_struct 0000000180055920 f   sfc_debug:sfcdebug.obj
 0001:00055110       cv_script_cvId             0000000180056110 f   sfc_debug:sfcdebug.obj
 0001:000562d0       sfc_api_chart_visible      00000001800572d0 f   sfc_debug:sfc_api.obj
 0001:00056360       sfc_api_active_instance    0000000180057360 f   sfc_debug:sfc_api.obj
 0001:000563f0       sfc_api_machine_load       00000001800573f0 f   sfc_debug:sfc_api.obj
 0001:000564e0       sfc_api_debugger_alive     00000001800574e0 f   sfc_debug:sfc_api.obj
 0001:000564f0       sfc_api_go                 00000001800574f0 f   sfc_debug:sfc_api.obj
 0001:00056500       sfc_api_step_over          0000000180057500 f   sfc_debug:sfc_api.obj
 0001:00056510       sfc_api_step_out           0000000180057510 f   sfc_debug:sfc_api.obj
 0001:00056520       sfc_api_resume             0000000180057520 f   sfc_debug:sfc_api.obj
 0001:00056530       sfc_api_break              0000000180057530 f   sfc_debug:sfc_api.obj
 0001:00056540       sfc_api_stop_debugging     0000000180057540 f   sfc_debug:sfc_api.obj
 0001:000565a0       sfc_api_is_cycle_detected  00000001800575a0 f   sfc_debug:sfc_api.obj
 0001:00056600       sfc_api_is_array_bounds_detected 0000000180057600 f   sfc_debug:sfc_api.obj
 0001:00056660       sfc_api_set_disable_all_breakpoints 0000000180057660 f   sfc_debug:sfc_api.obj
 0001:000566e0       sfc_api_disable_all_breakpoints_and_go 00000001800576e0 f   sfc_debug:sfc_api.obj
 0001:000566f0       sfc_api_close              00000001800576f0 f   sfc_debug:sfc_api.obj
 0001:00056700       sfc_api_browse_data        0000000180057700 f   sfc_debug:sfc_api.obj
 0001:00056780       sfc_api_watch_data         0000000180057780 f   sfc_debug:sfc_api.obj
 0001:00056890       sfc_api_extract_message_post_receive_info 0000000180057890 f   sfc_debug:sfc_api.obj
 0001:000568b0       sfc_api_assign_data        00000001800578b0 f   sfc_debug:sfc_api.obj
 0001:00056960       sfc_api_whos               0000000180057960 f   sfc_debug:sfc_api.obj
 0001:000569f0       sfc_api_get_consistency_info 00000001800579f0 f   sfc_debug:sfc_api.obj
 0001:00056a00       sfc_api_browse_trace       0000000180057a00 f   sfc_debug:sfc_api.obj
 0001:00056a10       sfc_api_break_on_chart_entry 0000000180057a10 f   sfc_debug:sfc_api.obj
 0001:00056a40       sfc_api_break_on_event_broadcast 0000000180057a40 f   sfc_debug:sfc_api.obj
 0001:00056a70       sfc_api_break_on_state_entry 0000000180057a70 f   sfc_debug:sfc_api.obj
 0001:00056aa0       sfc_api_set_watch          0000000180057aa0 f   sfc_debug:sfc_api.obj
 0001:00056b50       sfc_api_set_breakpoints    0000000180057b50 f   sfc_debug:sfc_api.obj
 0001:00056c10       sfc_api_set_eml_breakpoints 0000000180057c10 f   sfc_debug:sfc_api.obj
 0001:00056cb0       sfc_api_set_script_breakpoints 0000000180057cb0 f   sfc_debug:sfc_api.obj
 0001:00056d10       sfc_api_add_script_breakpoints 0000000180057d10 f   sfc_debug:sfc_api.obj
 0001:00056d70       sfc_api_clear_script_breakpoints 0000000180057d70 f   sfc_debug:sfc_api.obj
 0001:00056dd0       sfc_api_query_script_breakpoints 0000000180057dd0 f   sfc_debug:sfc_api.obj
 0001:00056e40       sfc_api_get_script_id      0000000180057e40 f   sfc_debug:sfc_api.obj
 0001:00056f00       sfc_api_get_active_states  0000000180057f00 f   sfc_debug:sfc_api.obj
 0001:00056f90       sfc_api_break_between_times 0000000180057f90 f   sfc_debug:sfc_api.obj
 0001:00057000       sfc_api_get_instance_handle 0000000180058000 f   sfc_debug:sfc_api.obj
 0001:000570d0       sfc_api_set_animation      00000001800580d0 f   sfc_debug:sfc_api.obj
 0001:00057120       sfc_api_select_chart       0000000180058120 f   sfc_debug:sfc_api.obj
 0001:00057190       sfc_api_select_charts      0000000180058190 f   sfc_debug:sfc_api.obj
 0001:000571c0       sfc_api_cycle_detection_check 00000001800581c0 f   sfc_debug:sfc_api.obj
 0001:00057210       sfc_api_data_range_check   0000000180058210 f   sfc_debug:sfc_api.obj
 0001:00057260       sfc_api_transition_conflict_check 0000000180058260 f   sfc_debug:sfc_api.obj
 0001:000572b0       sfc_api_state_consistency_check 00000001800582b0 f   sfc_debug:sfc_api.obj
 0001:00057300       sfc_api_set_instance_cv_ids 0000000180058300 f   sfc_debug:sfc_api.obj
 0001:00057430       sfc_api_set_script_cv_ids  0000000180058430 f   sfc_debug:sfc_api.obj
 0001:00057500       sfc_api_get_current_machine_id 0000000180058500 f   sfc_debug:sfc_api.obj
 0001:00057530       sfc_api_get_current_machine_number 0000000180058530 f   sfc_debug:sfc_api.obj
 0001:00057560       sfc_api_get_current_chart_number 0000000180058560 f   sfc_debug:sfc_api.obj
 0001:00057590       sfc_api_get_current_instance_number 0000000180058590 f   sfc_debug:sfc_api.obj
 0001:000575c0       sfc_api_get_current_instance_handle 00000001800585c0 f   sfc_debug:sfc_api.obj
 0001:000575e0       sfc_api_get_current_is_minor_time_step 00000001800585e0 f   sfc_debug:sfc_api.obj
 0001:00057610       sfc_api_get_current_machine_name 0000000180058610 f   sfc_debug:sfc_api.obj
 0001:00057630       sfc_api_get_current_chart_id 0000000180058630 f   sfc_debug:sfc_api.obj
 0001:00057660       sfc_api_get_current_object_type 0000000180058660 f   sfc_debug:sfc_api.obj
 0001:00057690       sfc_api_get_current_event_type 0000000180058690 f   sfc_debug:sfc_api.obj
 0001:000576c0       sfc_api_get_current_object_id 00000001800586c0 f   sfc_debug:sfc_api.obj
 0001:000576f0       sfc_get_current_active_event_type 00000001800586f0 f   sfc_debug:sfc_api.obj
 0001:00057720       sfc_api_get_current_active_event_id 0000000180058720 f   sfc_debug:sfc_api.obj
 0001:00057750       sfc_api_get_current_simulation_time 0000000180058750 f   sfc_debug:sfc_api.obj
 0001:00057770       sfc_get_current_tag_type   0000000180058770 f   sfc_debug:sfc_api.obj
 0001:000577a0       sfc_get_current_coverage_percentage 00000001800587a0 f   sfc_debug:sfc_api.obj
 0001:000577c0       sfc_get_current_statement_context 00000001800587c0 f   sfc_debug:sfc_api.obj
 0001:000577e0       sfc_get_current_optional_integer 00000001800587e0 f   sfc_debug:sfc_api.obj
 0001:00057810       sfc_get_current_statement_info 0000000180058810 f   sfc_debug:sfc_api.obj
 0001:000578b0       sfc_api_get                00000001800588b0 f   sfc_debug:sfc_api.obj
 0001:00058510       sf_debug_sm_fill_state_activity_data 0000000180059510 f   sfc_debug:sfdb_animation.obj
 0001:0005ad50       void_ptr_stack_vector_free_total 000000018005bd50 f   sfc_debug:sfdb_data_browse.obj
 0001:0005add0       sf_debug_st_terminate_machine 000000018005bdd0 f   sfc_debug:sfdb_data_browse.obj
 0001:0005ae10       sf_debug_st_terminate_instance 000000018005be10 f   sfc_debug:sfdb_data_browse.obj
 0001:0005b1c0       push_on_to_void_ptr_stack  000000018005c1c0 f   sfc_debug:sfdb_data_browse.obj
 0001:0005b350       pop_from_void_ptr_stack    000000018005c350 f   sfc_debug:sfdb_data_browse.obj
 0001:0005b480       sf_debug_st_get_data_value 000000018005c480 f   sfc_debug:sfdb_data_browse.obj
 0001:0005b9b0       mx_value                   000000018005c9b0 f   sfc_debug:sfdb_data_browse.obj
 0001:0005b9f0       sf_debug_st_fill_data_struct 000000018005c9f0 f   sfc_debug:sfdb_data_browse.obj
 0001:0005bd30       data_type_format_strings   000000018005cd30 f   sfc_debug:sfdb_data_browse.obj
 0001:0005bde0       sf_debug_st_fill_data      000000018005cde0 f   sfc_debug:sfdb_data_browse.obj
 0001:0005cad0       sf_debug_hm_get_simulink_handle 000000018005dad0 f   sfc_debug:sfdb_handle_management.obj
 0001:0005d580       sf_debug_hm_initialize_globals 000000018005e580 f   sfc_debug:sfdb_handle_management.obj
 0001:0005d680       sf_debug_hm_get_machine_debug_flag 000000018005e680 f   sfc_debug:sfdb_handle_management.obj
 0001:0005d7f0       sf_debug_hm_get_machine_id 000000018005e7f0 f   sfc_debug:sfdb_handle_management.obj
 0001:0005d910       sf_debug_hm_get_chart_id   000000018005e910 f   sfc_debug:sfdb_handle_management.obj
 0001:0005dab0       sf_debug_hm_register_executing_SFunction 000000018005eab0 f   sfc_debug:sfdb_handle_management.obj
 0001:0005de40       sf_debug_hm_form_object_boolean_properties 000000018005ee40 f   sfc_debug:sfdb_handle_management.obj
 0001:0005e110       sf_debug_hm_form_object_properties 000000018005f110 f   sfc_debug:sfdb_handle_management.obj
 0001:0005e350       sf_debug_hm_terminate_charts 000000018005f350 f   sfc_debug:sfdb_handle_management.obj
 0001:0005ea30       sf_debug_hm_terminate_machines 000000018005fa30 f   sfc_debug:sfdb_handle_management.obj
 0001:000604a0       sf_debug_ss_copy_dimension 00000001800614a0 f   sfc_debug:sfdb_symbol_scope.obj
 0001:00060560       sf_debug_ss_get_number_elements 0000000180061560 f   sfc_debug:sfdb_symbol_scope.obj
 0001:00060580       sf_debug_ss_fill_data_struct 0000000180061580 f   sfc_debug:sfdb_symbol_scope.obj
 0001:000608d0       sf_debug_ss_reset_data_info 00000001800618d0 f   sfc_debug:sfdb_symbol_scope.obj
 0001:00060930       sf_debug_fill_data_info_by_symbol_scope_entry 0000000180061930 f   sfc_debug:sfdb_symbol_scope.obj
 0001:000609f0       sf_debug_fill_data_info_by_data_vector 00000001800619f0 f   sfc_debug:sfdb_symbol_scope.obj
 0001:00060c40       get_data_info_helper       0000000180061c40 f   sfc_debug:sfdb_symbol_scope.obj
 0001:00060f30       sf_debug_ss_get_data_info  0000000180061f30 f   sfc_debug:sfdb_symbol_scope.obj
 0001:00061150       sf_debug_select_mex_function 0000000180062150 f   sfc_debug:sfdb_symbol_scope.obj
 0001:00061180       sf_debug_is_dyn_matrix_initialized 0000000180062180 f   sfc_debug:sfdb_symbol_scope.obj
 0001:000611a0       sf_debug_ss_set_data_value_try 00000001800621a0 f   sfc_debug:sfdb_symbol_scope.obj
 0001:00061390       sf_debug_ss_get_data_value 0000000180062390 f   sfc_debug:sfdb_symbol_scope.obj
 0001:00061af0       sf_debug_ss_data_bytes_string 0000000180062af0 f   sfc_debug:sfdb_symbol_scope.obj
 0001:00061b80       sf_debug_ss_data_class_string 0000000180062b80 f   sfc_debug:sfdb_symbol_scope.obj
 0001:00061f00       sf_debug_ss_data_size_string 0000000180062f00 f   sfc_debug:sfdb_symbol_scope.obj
 0001:00061fe0       sf_debug_ss_data_create_data_info_struct 0000000180062fe0 f   sfc_debug:sfdb_symbol_scope.obj
 0001:00062290       sf_debug_ss_data_create_name_value_pair 0000000180063290 f   sfc_debug:sfdb_symbol_scope.obj
 0001:00062330       sf_debug_ss_data_get_whos_info 0000000180063330 f   sfc_debug:sfdb_symbol_scope.obj
 0001:00062340       same_named_data_in_data_array 0000000180063340 f   sfc_debug:sfdb_symbol_scope.obj
 0001:00063ad0       sf_debug_cc_terminate_chart 0000000180064ad0 f   sfc_debug:sfdb_coverage.obj
 0001:00063de0       sf_debug_cc_terminate_instance 0000000180064de0 f   sfc_debug:sfdb_coverage.obj
 0001:000649b0       sf_debug_cc_mark_object_if_needed 00000001800659b0 f   sfc_debug:sfdb_coverage.obj
 0001:00065230       sf_debug_bm_initialize_eml 0000000180066230 f   sfc_debug:sfdb_breakpoints.obj
 0001:000662f0       sf_debug_bm_map_debug_tag_to_breakpoint_tag 00000001800672f0 f   sfc_debug:sfdb_breakpoints.obj
 0001:000663d0       sf_debug_bm_is_a_eml_breakpoint_impl 00000001800673d0 f   sfc_debug:sfdb_breakpoints.obj
 0001:00067d00       sf_debug_sc_push_on_error_stack 0000000180068d00 f   sfc_debug:sfdb_state_consistency.obj
 0001:00067e20       sf_debug_sc_reset_error_stack 0000000180068e20 f   sfc_debug:sfdb_state_consistency.obj
 0001:00067fb0       sf_debug_sc_is_state_inconsistent 0000000180068fb0 f   sfc_debug:sfdb_state_consistency.obj
 0001:000682a0       sf_debug_sc_fill_consistency_info 00000001800692a0 f   sfc_debug:sfdb_state_consistency.obj
 0001:00068840       void_assertion_fcn         0000000180069840 f   sfc_debug:sfdb_call_stack.obj
 0001:00068d90       sf_debug_tm_fill_local_trace 0000000180069d90 f   sfc_debug:sfdb_call_stack.obj
 0001:00069330       sf_debug_cd_terminate_instance 000000018006a330 f   sfc_debug:sfdb_cycle_detection.obj
 0001:00069390       sf_debug_cd_free_checksum_stack 000000018006a390 f   sfc_debug:sfdb_cycle_detection.obj
 0001:000693e0       sf_debug_cd_reset_pack_strings 000000018006a3e0 f   sfc_debug:sfdb_cycle_detection.obj
 0001:00069a80       md5file_clear              000000018006aa80 f   sfc_debug:ckmd5.obj
 0001:00069ab0       Encode                     000000018006aab0 f   sfc_debug:ckmd5.obj
 0001:00069b00       Decode                     000000018006ab00 f   sfc_debug:ckmd5.obj
 0001:00069ba0       MD5Transform               000000018006aba0 f   sfc_debug:ckmd5.obj
 0001:0006a400       md5file_addn               000000018006b400 f   sfc_debug:ckmd5.obj
 0001:0006a4d0       md5file_hash               000000018006b4d0 f   sfc_debug:ckmd5.obj
 0001:0006aa70       pre_c_init                 000000018006ba70 f   MSVCRT:crtdll.obj
 0001:0006ad2c       __DllMainCRTStartup        000000018006bd2c f   MSVCRT:crtdll.obj
 0001:0006b3c0       __DllMainCRTStartup$filt$0 000000018006c3c0 f   MSVCRT:crtdll.obj
 0001:0006b3f0       __DllMainCRTStartup$fin$1  000000018006c3f0 f   MSVCRT:crtdll.obj
 0001:0006b40a       _onexit$fin$0              000000018006c40a f   MSVCRT:atonexit.obj
 0001:0006b430       _IsNonwritableInCurrentImage$filt$0 000000018006c430 f   MSVCRT:pesect.obj
